Microchip MPLAB XC8 Compiler V1.33 ()

Linker command line:

--edf=C:\Program Files (x86)\Microchip\xc8\v1.33\dat\en_msgs.txt -cs \
  -h+CPE 3201-LE7.sym --cmf=CPE 3201-LE7.cmf -z -Q16F877A \
  -oC:\Users\MAYOCH~1\AppData\Local\Temp\sbf0.6 -MCPE 3201-LE7.map -E1 \
  -ver=XC8 -ASTACK=0110h-016fh -pstack=STACK -ACONST=00h-0FFhx32 \
  -ACODE=00h-07FFhx4 -ASTRCODE=00h-01FFFh -AENTRY=00h-0FFhx32 \
  -ASTRING=00h-0FFhx32 -ACOMMON=070h-07Fh -ABANK0=020h-06Fh \
  -ABANK1=0A0h-0EFh -ABANK2=0110h-016Fh -ABANK3=0190h-01EFh \
  -ARAM=020h-06Fh,0A0h-0EFh,0110h-016Fh,0190h-01EFh \
  -AABS1=020h-07Fh,0A0h-0EFh,0110h-016Fh,0190h-01EFh -ASFR0=00h-01Fh \
  -ASFR1=080h-09Fh -ASFR2=0100h-010Fh -ASFR3=0180h-018Fh \
  -preset_vec=00h,intentry,init,end_init -ppowerup=CODE -pcinit=CODE \
  -pfunctab=CODE -ACONFIG=02007h-02007h -pconfig=CONFIG -DCONFIG=2 \
  -AIDLOC=02000h-02003h -pidloc=IDLOC -DIDLOC=2 -AEEDATA=00h-0FFh/02100h \
  -peeprom_data=EEDATA -DEEDATA=2 -DCODE=2 -DSTRCODE=2 -DSTRING=2 -DCONST=2 \
  -DENTRY=2 -k startup.obj CPE 3201-LE7.obj 

Object code version is 3.11

Machine type is 16F877A



                Name                               Link     Load   Length Selector   Space Scale
startup.obj     end_init                              0        0        3        0       0
                config                             2007     2007        1     400E       0
CPE 3201-LE7.obj
                cinit                               7F3      7F3        D      FE6       0
                text43                             198D     198D        8     331A       0
                text42                             1A56     1A56       26     34AC       0
                text41                             1978     1978        7     32F0       0
                text40                                4        4        9        8       0
                text39                             197F     197F        7     32FE       0
                text38                             1986     1986        7     330C       0
                text37                             1CDC     1CDC       68     39B8       0
                text36                             19E3     19E3       14     33C6       0
                text35                              800      800       28      FE6       0
                text34                             19AC     19AC       12     3358       0
                text33                             19BE     19BE       12     337C       0
                text32                             1BC4     1BC4       5D     3788       0
                text31                             1995     1995        8     332A       0
                text30                              828      828      109     1050       0
                text29                             19F7     19F7       1C     33EE       0
                text28                             1E40     1E40       8E     3C80       0
                text27                             1C7E     1C7E       5E     38FC       0
                text26                             1B76     1B76       4E     36EC       0
                text25                             1A7C     1A7C       2B     34F8       0
                text24                             1A33     1A33       23     3466       0
                text23                             13EE     13EE      132     27DC       0
                text22                             1194     1194       C3     2328       0
                text21                             1C21     1C21       5D     3842       0
                text20                             1B29     1B29       4D     3652       0
                text19                             19D0     19D0       13     33A0       0
                text18                                D        D       D3       1A       0
                text17                             1664     1664      19C     2CC8       0
                text16                              D61      D61      29F     1AC2       0
                text15                               E0       E0      713      1C0       0
                text14                             1DBD     1DBD       83     3B7A       0
                text13                             1257     1257       C7     24AE       0
                text12                             1A13     1A13       20     3426       0
                text11                             199D     199D        F     333A       0
                text10                             10BB     10BB       21     2176       0
                text9                              10DC     10DC       B8     21B8       0
                text8                              1D44     1D44       79     3A88       0
                text7                              1AE7     1AE7       42     35CE       0
                text6                              1AA7     1AA7       40     354E       0
                text5                              1ECE     1ECE       99     3D9C       0
                text4                              1F67     1F67       99     3ECE       0
                text3                               931      931      1CC     1262       0
                text2                              131E     131E       D0     263C       0
                text1                              1520     1520      144     2A40       0
                maintext                            AFD      AFD      264     15FA       0
                cstackBANK0                          20       20       50       20       1
                cstackCOMMON                         70       70        E       70       1
                cstackBANK1                          A0       A0       39       A0       1
                bssBANK1                             D9       D9        7       A0       1
                strings                            1000     1000       BB     2000       0

TOTAL           Name                               Link     Load   Length     Space
        CLASS   STACK          

        CLASS   CONST          

        CLASS   CODE           
                end_init                              0        0        3         0
                cinit                               7F3      7F3        D         0
                text43                             198D     198D        8         0
                text42                             1A56     1A56       26         0
                text41                             1978     1978        7         0
                text40                                4        4        9         0
                text39                             197F     197F        7         0
                text38                             1986     1986        7         0
                text37                             1CDC     1CDC       68         0
                text36                             19E3     19E3       14         0
                text35                              800      800       28         0
                text34                             19AC     19AC       12         0
                text33                             19BE     19BE       12         0
                text32                             1BC4     1BC4       5D         0
                text31                             1995     1995        8         0
                text30                              828      828      109         0
                text29                             19F7     19F7       1C         0
                text28                             1E40     1E40       8E         0
                text27                             1C7E     1C7E       5E         0
                text26                             1B76     1B76       4E         0
                text25                             1A7C     1A7C       2B         0
                text24                             1A33     1A33       23         0
                text23                             13EE     13EE      132         0
                text22                             1194     1194       C3         0
                text21                             1C21     1C21       5D         0
                text20                             1B29     1B29       4D         0
                text19                             19D0     19D0       13         0
                text18                                D        D       D3         0
                text17                             1664     1664      19C         0
                text16                              D61      D61      29F         0
                text15                               E0       E0      713         0
                text14                             1DBD     1DBD       83         0
                text13                             1257     1257       C7         0
                text12                             1A13     1A13       20         0
                text11                             199D     199D        F         0
                text10                             10BB     10BB       21         0
                text9                              10DC     10DC       B8         0
                text8                              1D44     1D44       79         0
                text7                              1AE7     1AE7       42         0
                text6                              1AA7     1AA7       40         0
                text5                              1ECE     1ECE       99         0
                text4                              1F67     1F67       99         0
                text3                               931      931      1CC         0
                text2                              131E     131E       D0         0
                text1                              1520     1520      144         0
                maintext                            AFD      AFD      264         0

        CLASS   STRCODE        

        CLASS   ENTRY          

        CLASS   STRING         
                strings                            1000     1000       BB         0

        CLASS   COMMON         
                cstackCOMMON                         70       70        E         1

        CLASS   BANK0          
                cstackBANK0                          20       20       50         1

        CLASS   BANK1          
                cstackBANK1                          A0       A0       39         1
                bssBANK1                             D9       D9        7         1

        CLASS   BANK2          

        CLASS   BANK3          

        CLASS   RAM            

        CLASS   ABS1           
                abs_s1                               7E       7E        2         1

        CLASS   SFR0           

        CLASS   SFR1           

        CLASS   SFR2           

        CLASS   SFR3           

        CLASS   CONFIG         
                config                             2007     2007        1         0

        CLASS   IDLOC          

        CLASS   EEDATA         



SEGMENTS        Name                           Load    Length   Top    Selector   Space  Class     Delta

                reset_vec                      000000  000003  000003         0       0  CODE        2
                text40                         000004  000009  00000D         8       0  CODE        2
                text18                         00000D  0000D3  0000E0        1A       0  CODE        2
                cstackBANK0                    000020  000050  000070        20       1  BANK0       1
                cstackCOMMON                   000070  00000E  00007E        70       1  COMMON      1
                cstackBANK1                    0000A0  000040  0000E0        A0       1  BANK1       1
                text15                         0000E0  000713  0007F3       1C0       0  CODE        2
                cinit                          0007F3  000035  000828       FE6       0  CODE        2
                text30                         000828  000109  000931      1050       0  CODE        2
                text3                          000931  0001CC  000AFD      1262       0  CODE        2
                maintext                       000AFD  000264  000D61      15FA       0  CODE        2
                text16                         000D61  00029F  001000      1AC2       0  CODE        2
                strings                        001000  0000BB  0010BB      2000       0  STRING      2
                text10                         0010BB  000021  0010DC      2176       0  CODE        2
                text9                          0010DC  0000B8  001194      21B8       0  CODE        2
                text22                         001194  0000C3  001257      2328       0  CODE        2
                text13                         001257  0000C7  00131E      24AE       0  CODE        2
                text2                          00131E  0000D0  0013EE      263C       0  CODE        2
                text23                         0013EE  000132  001520      27DC       0  CODE        2
                text1                          001520  000144  001664      2A40       0  CODE        2
                text17                         001664  00019C  001800      2CC8       0  CODE        2
                text41                         001978  000007  00197F      32F0       0  CODE        2
                text39                         00197F  000007  001986      32FE       0  CODE        2
                text38                         001986  000007  00198D      330C       0  CODE        2
                text43                         00198D  000008  001995      331A       0  CODE        2
                text31                         001995  000008  00199D      332A       0  CODE        2
                text11                         00199D  00000F  0019AC      333A       0  CODE        2
                text34                         0019AC  000012  0019BE      3358       0  CODE        2
                text33                         0019BE  000012  0019D0      337C       0  CODE        2
                text19                         0019D0  000013  0019E3      33A0       0  CODE        2
                text36                         0019E3  000014  0019F7      33C6       0  CODE        2
                text29                         0019F7  00001C  001A13      33EE       0  CODE        2
                text12                         001A13  000020  001A33      3426       0  CODE        2
                text24                         001A33  000023  001A56      3466       0  CODE        2
                text42                         001A56  000026  001A7C      34AC       0  CODE        2
                text25                         001A7C  00002B  001AA7      34F8       0  CODE        2
                text6                          001AA7  000040  001AE7      354E       0  CODE        2
                text7                          001AE7  000042  001B29      35CE       0  CODE        2
                text20                         001B29  00004D  001B76      3652       0  CODE        2
                text26                         001B76  00004E  001BC4      36EC       0  CODE        2
                text32                         001BC4  00005D  001C21      3788       0  CODE        2
                text21                         001C21  00005D  001C7E      3842       0  CODE        2
                text27                         001C7E  00005E  001CDC      38FC       0  CODE        2
                text37                         001CDC  000068  001D44      39B8       0  CODE        2
                text8                          001D44  000079  001DBD      3A88       0  CODE        2
                text14                         001DBD  000083  001E40      3B7A       0  CODE        2
                text28                         001E40  00008E  001ECE      3C80       0  CODE        2
                text5                          001ECE  000099  001F67      3D9C       0  CODE        2
                text4                          001F67  000099  002000      3ECE       0  CODE        2
                config                         002007  000001  002008      400E       0  CONFIG      2


UNUSED ADDRESS RANGES

        Name                Unused          Largest block    Delta
        BANK1            00E0-00EF             10           1
        BANK2            0110-016F             60           1
        BANK3            0190-01EF             60           1
        CODE             0003-0003              1           2
                         1800-1977            178
        CONST            0003-0003              1           2
                         1800-1977            100
        EEDATA           2100-21FF            100           2
        ENTRY            0003-0003              1           2
                         1800-1977            100
        IDLOC            2000-2003              4           2
        RAM              00E0-00EF             10           1
                         0110-016F             60
                         0190-01EF             60
        SFR0             0000-001F             20           1
        SFR1             0080-009F             20           1
        SFR2             0100-010F             10           1
        SFR3             0180-018F             10           1
        STACK            0110-016F             60           1
        STRCODE          0003-0003              1           2
                         1800-1977            178
        STRING           0003-0003              1           2
                         1800-1977            100

                                  Symbol Table

?___altoft                  cstackBANK0  0057
?___awdiv                   cstackCOMMON 0077
?___awmod                   cstackCOMMON 0070
?___awtoft                  cstackCOMMON 0078
?___ftadd                   cstackBANK0  0050
?___ftdiv                   cstackBANK0  0020
?___ftmul                   cstackBANK0  0030
?___ftneg                   cstackCOMMON 0070
?___ftpack                  cstackCOMMON 0070
?___ftsub                   cstackBANK0  005D
?___fttol                   cstackBANK0  0049
?___lldiv                   cstackCOMMON 0070
?___llmod                   cstackBANK0  0020
?___lltoft                  cstackCOMMON 0078
?___lwtoft                  cstackCOMMON 0078
?___wmul                    cstackCOMMON 0070
?__div_to_l_                cstackCOMMON 0070
?__tdiv_to_l_               cstackCOMMON 0070
?_eval_poly                 cstackBANK0  005D
?_exp                       cstackBANK1  00A3
?_floor                     cstackBANK0  005F
?_frexp                     cstackCOMMON 0070
?_fround                    cstackBANK0  0040
?_ldexp                     cstackBANK0  0067
?_log                       cstackBANK0  0067
?_pow                       cstackBANK1  00AF
?_scale                     cstackBANK0  0040
?_sprintf                   cstackBANK0  0063
I2C_Receive@ack             cstackCOMMON 0071
I2C_Receive@temp            cstackCOMMON 0072
I2C_Send@data               cstackCOMMON 0070
_ACKDT                      (abs)        048D
_ACKEN                      (abs)        048C
_I2C_Receive                text42       1A56
_I2C_RepeatedStart          text41       1978
_I2C_Send                   text40       0004
_I2C_Start                  text39       197F
_I2C_Stop                   text38       1986
_I2C_Wait                   text43       198D
_PEN                        (abs)        048A
_PORTB                      (abs)        0006
_PORTD                      (abs)        0008
_RCEN                       (abs)        048B
_RD0                        (abs)        0040
_RD1                        (abs)        0041
_RH                         bssBANK1     00DC
_RSEN                       (abs)        0489
_SEN                        (abs)        0488
_SSPADD                     (abs)        0093
_SSPBUF                     (abs)        0013
_SSPCON                     (abs)        0014
_SSPCON2                    (abs)        0091
_SSPSTAT                    (abs)        0094
_T                          bssBANK1     00D9
_TRISB                      (abs)        0086
_TRISC3                     (abs)        043B
_TRISC4                     (abs)        043C
_TRISD                      (abs)        0088
__CFG_BOREN$ON              (abs)        0000
__CFG_CP$OFF                (abs)        0000
__CFG_CPD$OFF               (abs)        0000
__CFG_FOSC$XT               (abs)        0000
__CFG_LVP$OFF               (abs)        0000
__CFG_PWRTE$ON              (abs)        0000
__CFG_WDTE$OFF              (abs)        0000
__CFG_WRT$OFF               (abs)        0000
__Habs1                     abs1         0000
__Hbank0                    bank0        0000
__Hbank1                    bank1        0000
__Hbank2                    bank2        0000
__Hbank3                    bank3        0000
__HbssBANK1                 bssBANK1     0000
__Hcinit                    cinit        0800
__Hclrtext                  clrtext      0000
__Hcode                     code         0000
__Hcommon                   common       0000
__Hconfig                   config       2008
__HcstackBANK0              cstackBANK0  0000
__HcstackBANK1              cstackBANK1  0000
__HcstackCOMMON             cstackCOMMON 0000
__Heeprom_data              eeprom_data  0000
__Hend_init                 end_init     0003
__Hfunctab                  functab      0000
__Hidloc                    idloc        0000
__Hinit                     init         0000
__Hintentry                 intentry     0000
__Hmaintext                 maintext     0000
__Hpowerup                  powerup      0000
__Hram                      ram          0000
__Hreset_vec                reset_vec    0000
__Hsfr0                     sfr0         0000
__Hsfr1                     sfr1         0000
__Hsfr2                     sfr2         0000
__Hsfr3                     sfr3         0000
__Hspace_0                  (abs)        2008
__Hspace_1                  (abs)        00E0
__Hspace_2                  (abs)        0000
__Hspace_3                  (abs)        0000
__Hstack                    stack        0000
__Hstrings                  strings      0000
__Htext                     text         0000
__Labs1                     abs1         0000
__Lbank0                    bank0        0000
__Lbank1                    bank1        0000
__Lbank2                    bank2        0000
__Lbank3                    bank3        0000
__LbssBANK1                 bssBANK1     0000
__Lcinit                    cinit        07F3
__Lclrtext                  clrtext      0000
__Lcode                     code         0000
__Lcommon                   common       0000
__Lconfig                   config       2007
__LcstackBANK0              cstackBANK0  0000
__LcstackBANK1              cstackBANK1  0000
__LcstackCOMMON             cstackCOMMON 0000
__Leeprom_data              eeprom_data  0000
__Lend_init                 end_init     0000
__Lfunctab                  functab      0000
__Lidloc                    idloc        0000
__Linit                     init         0000
__Lintentry                 intentry     0000
__Lmaintext                 maintext     0000
__Lpowerup                  powerup      0000
__Lram                      ram          0000
__Lreset_vec                reset_vec    0000
__Lsfr0                     sfr0         0000
__Lsfr1                     sfr1         0000
__Lsfr2                     sfr2         0000
__Lsfr3                     sfr3         0000
__Lspace_0                  (abs)        0000
__Lspace_1                  (abs)        0000
__Lspace_2                  (abs)        0000
__Lspace_3                  (abs)        0000
__Lstack                    stack        0000
__Lstrings                  strings      0000
__Ltext                     text         0000
__S0                        (abs)        2008
__S1                        (abs)        00E0
__S2                        (abs)        0000
__S3                        (abs)        0000
___altoft                   text7        1AE7
___altoft@c                 cstackBANK0  0057
___altoft@exp               cstackBANK0  005D
___altoft@sign              cstackBANK0  005E
___awdiv                    text21       1C21
___awdiv@counter            cstackBANK0  0020
___awdiv@dividend           cstackCOMMON 0079
___awdiv@divisor            cstackCOMMON 0077
___awdiv@quotient           cstackBANK0  0022
___awdiv@sign               cstackBANK0  0021
___awmod                    text20       1B29
___awmod@counter            cstackCOMMON 0075
___awmod@dividend           cstackCOMMON 0072
___awmod@divisor            cstackCOMMON 0070
___awmod@sign               cstackCOMMON 0076
___awtoft                   text10       10BB
___awtoft@c                 cstackCOMMON 0078
___awtoft@sign              cstackCOMMON 007D
___bmul                     text19       19D0
___bmul@multiplicand        cstackBANK0  0024
___bmul@multiplier          cstackBANK0  0026
___bmul@product             cstackBANK0  0025
___ftadd                    text30       0828
___ftadd@exp1               cstackBANK0  005C
___ftadd@exp2               cstackBANK0  005B
___ftadd@f1                 cstackBANK0  0050
___ftadd@f2                 cstackBANK0  0053
___ftadd@sign               cstackBANK0  005A
___ftdiv                    text9        10DC
___ftdiv@cntr               cstackBANK0  002A
___ftdiv@exp                cstackBANK0  002E
___ftdiv@f1                 cstackBANK0  0023
___ftdiv@f2                 cstackBANK0  0020
___ftdiv@f3                 cstackBANK0  002B
___ftdiv@sign               cstackBANK0  002F
___ftge                     text32       1BC4
___ftge@ff1                 cstackCOMMON 0070
___ftge@ff2                 cstackCOMMON 0073
___ftmul                    text18       000D
___ftmul@cntr               cstackBANK0  003E
___ftmul@exp                cstackBANK0  003A
___ftmul@f1                 cstackBANK0  0030
___ftmul@f2                 cstackBANK0  0033
___ftmul@f3_as_product      cstackBANK0  003B
___ftmul@sign               cstackBANK0  003F
___ftneg                    text31       1995
___ftneg@f1                 cstackCOMMON 0070
___ftpack                   text37       1CDC
___ftpack@arg               cstackCOMMON 0070
___ftpack@exp               cstackCOMMON 0073
___ftpack@sign              cstackCOMMON 0074
___ftsub                    text29       19F7
___ftsub@f1                 cstackBANK0  0060
___ftsub@f2                 cstackBANK0  005D
___fttol                    text28       1E40
___fttol@exp1               cstackBANK0  0056
___fttol@f1                 cstackBANK0  0049
___fttol@lval               cstackBANK0  0052
___fttol@sign1              cstackBANK0  0051
___int_sp                   stack        0000
___latbits                  (abs)        0002
___lldiv                    text27       1C7E
___lldiv@counter            cstackCOMMON 007D
___lldiv@dividend           cstackCOMMON 0074
___lldiv@divisor            cstackCOMMON 0070
___lldiv@quotient           cstackCOMMON 0079
___llmod                    text26       1B76
___llmod@counter            cstackBANK0  0029
___llmod@dividend           cstackBANK0  0024
___llmod@divisor            cstackBANK0  0020
___lltoft                   text25       1A7C
___lltoft@c                 cstackCOMMON 0078
___lltoft@exp               cstackCOMMON 007D
___lwtoft                   text36       19E3
___lwtoft@c                 cstackCOMMON 0078
___sp                       stack        0000
___wmul                     text24       1A33
___wmul@multiplicand        cstackCOMMON 0072
___wmul@multiplier          cstackCOMMON 0070
___wmul@product             cstackCOMMON 0074
__div_to_l_                 text23       13EE
__div_to_l_@cntr            cstackBANK0  0024
__div_to_l_@exp1            cstackBANK0  0025
__div_to_l_@f1              cstackCOMMON 0070
__div_to_l_@f2              cstackCOMMON 0073
__div_to_l_@quot            cstackBANK0  0020
__end_of_I2C_Receive        text42       1A7C
__end_of_I2C_RepeatedStart  text41       197F
__end_of_I2C_Send           text40       000D
__end_of_I2C_Start          text39       1986
__end_of_I2C_Stop           text38       198D
__end_of_I2C_Wait           text43       1995
__end_of___altoft           text7        1B29
__end_of___awdiv            text21       1C7E
__end_of___awmod            text20       1B76
__end_of___awtoft           text10       10DC
__end_of___bmul             text19       19E3
__end_of___ftadd            text30       0931
__end_of___ftdiv            text9        1194
__end_of___ftge             text32       1C21
__end_of___ftmul            text18       00E0
__end_of___ftneg            text31       199D
__end_of___ftpack           text37       1D44
__end_of___ftsub            text29       1A13
__end_of___fttol            text28       1ECE
__end_of___lldiv            text27       1CDC
__end_of___llmod            text26       1BC4
__end_of___lltoft           text25       1AA7
__end_of___lwtoft           text36       19F7
__end_of___wmul             text24       1A56
__end_of__div_to_l_         text23       1520
__end_of__initialization    cinit        07FC
__end_of__npowers_          strings      1055
__end_of__powers_           strings      107C
__end_of__stringdata        strings      10BB
__end_of__stringtab         strings      1006
__end_of__tdiv_to_l_        text22       1257
__end_of_dataCtrl           text34       19BE
__end_of_delay_ms           text35       0828
__end_of_dispRH             text14       1E40
__end_of_dispT              text13       131E
__end_of_dpowers            strings      102E
__end_of_eval_poly          text8        1DBD
__end_of_exp                text3        0AFD
__end_of_floor              text5        1F67
__end_of_frexp              text6        1AE7
__end_of_fround             text17       1800
__end_of_initLCD            text12       1A33
__end_of_init_I2C_Master    text11       19AC
__end_of_instCtrl           text33       19D0
__end_of_ldexp              text4        2000
__end_of_log                text2        13EE
__end_of_main               maintext     0D61
__end_of_pow                text1        1664
__end_of_scale              text16       1000
__end_of_sprintf            text15       07F3
__end_ofexp@coeff           strings      109A
__end_oflog@coeff           strings      10B5
__initialization            cinit        07F3
__npowers_                  strings      102E
__pbssBANK1                 bssBANK1     00D9
__pcstackBANK0              cstackBANK0  0020
__pcstackBANK1              cstackBANK1  00A0
__pcstackCOMMON             cstackCOMMON 0070
__pmaintext                 maintext     0AFD
__powers_                   strings      1055
__pstrings                  strings      1000
__ptext1                    text1        1520
__ptext10                   text10       10BB
__ptext11                   text11       199D
__ptext12                   text12       1A13
__ptext13                   text13       1257
__ptext14                   text14       1DBD
__ptext15                   text15       00E0
__ptext16                   text16       0D61
__ptext17                   text17       1664
__ptext18                   text18       000D
__ptext19                   text19       19D0
__ptext2                    text2        131E
__ptext20                   text20       1B29
__ptext21                   text21       1C21
__ptext22                   text22       1194
__ptext23                   text23       13EE
__ptext24                   text24       1A33
__ptext25                   text25       1A7C
__ptext26                   text26       1B76
__ptext27                   text27       1C7E
__ptext28                   text28       1E40
__ptext29                   text29       19F7
__ptext3                    text3        0931
__ptext30                   text30       0828
__ptext31                   text31       1995
__ptext32                   text32       1BC4
__ptext33                   text33       19BE
__ptext34                   text34       19AC
__ptext35                   text35       0800
__ptext36                   text36       19E3
__ptext37                   text37       1CDC
__ptext38                   text38       1986
__ptext39                   text39       197F
__ptext4                    text4        1F67
__ptext40                   text40       0004
__ptext41                   text41       1978
__ptext42                   text42       1A56
__ptext43                   text43       198D
__ptext5                    text5        1ECE
__ptext6                    text6        1AA7
__ptext7                    text7        1AE7
__ptext8                    text8        1D44
__ptext9                    text9        10DC
__size_of_I2C_Receive       (abs)        0000
__size_of_I2C_RepeatedStart (abs)        0000
__size_of_I2C_Send          (abs)        0000
__size_of_I2C_Start         (abs)        0000
__size_of_I2C_Stop          (abs)        0000
__size_of_I2C_Wait          (abs)        0000
__size_of___altoft          (abs)        0000
__size_of___awdiv           (abs)        0000
__size_of___awmod           (abs)        0000
__size_of___awtoft          (abs)        0000
__size_of___bmul            (abs)        0000
__size_of___ftadd           (abs)        0000
__size_of___ftdiv           (abs)        0000
__size_of___ftge            (abs)        0000
__size_of___ftmul           (abs)        0000
__size_of___ftneg           (abs)        0000
__size_of___ftpack          (abs)        0000
__size_of___ftsub           (abs)        0000
__size_of___fttol           (abs)        0000
__size_of___lldiv           (abs)        0000
__size_of___llmod           (abs)        0000
__size_of___lltoft          (abs)        0000
__size_of___lwtoft          (abs)        0000
__size_of___wmul            (abs)        0000
__size_of__div_to_l_        (abs)        0000
__size_of__tdiv_to_l_       (abs)        0000
__size_of_dataCtrl          (abs)        0000
__size_of_delay_ms          (abs)        0000
__size_of_dispRH            (abs)        0000
__size_of_dispT             (abs)        0000
__size_of_eval_poly         (abs)        0000
__size_of_exp               (abs)        0000
__size_of_floor             (abs)        0000
__size_of_frexp             (abs)        0000
__size_of_fround            (abs)        0000
__size_of_initLCD           (abs)        0000
__size_of_init_I2C_Master   (abs)        0000
__size_of_instCtrl          (abs)        0000
__size_of_ldexp             (abs)        0000
__size_of_log               (abs)        0000
__size_of_main              (abs)        0000
__size_of_pow               (abs)        0000
__size_of_scale             (abs)        0000
__size_of_sprintf           (abs)        0000
__stringbase                strings      1005
__stringdata                strings      10B5
__stringtab                 strings      1000
__tdiv_to_l_                text22       1194
__tdiv_to_l_@cntr           cstackBANK0  0024
__tdiv_to_l_@exp1           cstackBANK0  0025
__tdiv_to_l_@f1             cstackCOMMON 0070
__tdiv_to_l_@f2             cstackCOMMON 0073
__tdiv_to_l_@quot           cstackBANK0  0020
_dataCtrl                   text34       19AC
_delay_ms                   text35       0800
_dispRH                     text14       1DBD
_dispT                      text13       1257
_dpowers                    strings      1006
_errno                      bssBANK1     00DE
_eval_poly                  text8        1D44
_exp                        text3        0931
_exp$475                    cstackBANK1  00A9
_exp$694                    cstackBANK1  00A6
_floor                      text5        1ECE
_frexp                      text6        1AA7
_fround                     text17       1664
_fround$688                 cstackBANK0  004C
_fround$689                 cstackBANK0  0049
_initLCD                    text12       1A13
_init_I2C_Master            text11       199D
_instCtrl                   text33       19BE
_ldexp                      text4        1F67
_ldexp$512                  cstackBANK1  00A0
_log                        text2        131E
_main                       maintext     0AFD
_main$687                   cstackBANK1  00CF
_pow                        text1        1520
_pow$692                    cstackBANK1  00B5
_pow$693                    cstackBANK1  00B8
_scale                      text16       0D61
_scale$690                  cstackBANK0  0045
_sprintf                    text15       00E0
_sprintf$184                cstackBANK1  00A3
_sprintf$691                cstackBANK1  00A0
btemp                       (abs)        007E
dataCtrl@DATA               cstackCOMMON 0076
delay_ms@cnt                cstackCOMMON 0070
delay_ms@i                  cstackCOMMON 0072
delay_ms@j                  cstackCOMMON 0074
dispRH@val                  cstackBANK1  00C2
dispT@val                   cstackBANK1  00C2
end_of_initialization       cinit        07FC
eval_poly@d                 cstackBANK0  0060
eval_poly@n                 cstackBANK0  0061
eval_poly@res               cstackBANK0  0064
eval_poly@x                 cstackBANK0  005D
exp@coeff                   strings      107C
exp@exponent                cstackBANK1  00AC
exp@sign                    cstackBANK1  00AE
exp@x                       cstackBANK1  00A3
floor@expon                 cstackBANK0  0066
floor@i                     cstackBANK0  0063
floor@x                     cstackBANK0  005F
frexp@eptr                  cstackCOMMON 0073
frexp@value                 cstackCOMMON 0070
fround@prec                 cstackBANK0  004F
instCtrl@INST               cstackCOMMON 0076
intlevel0                   functab      0000
intlevel1                   functab      0000
intlevel2                   functab      0000
intlevel3                   functab      0000
intlevel4                   functab      0000
intlevel5                   functab      0000
ldexp@newexp                cstackBANK0  006A
ldexp@value                 cstackBANK0  0067
log@coeff                   strings      109A
log@exponent                cstackBANK0  006B
log@x                       cstackBANK0  0067
ltemp                       (abs)        007E
ltemp0                      (abs)        007E
ltemp1                      (abs)        0082
ltemp2                      (abs)        0086
ltemp3                      (abs)        0080
main@RH_temp                cstackBANK1  00D4
main@T_temp                 cstackBANK1  00D6
main@res                    cstackBANK1  00D2
main@rh                     cstackBANK1  00C9
main@t                      cstackBANK1  00CC
main@temp                   cstackBANK1  00D8
pow@sign                    cstackBANK1  00BB
pow@x                       cstackBANK1  00AF
pow@y                       cstackBANK1  00B2
pow@yi                      cstackBANK1  00BC
reset_vec                   reset_vec    0000
scale@scl                   cstackBANK0  0048
sprintf@_val                cstackBANK1  00B7
sprintf@ap                  cstackBANK1  00AF
sprintf@c                   cstackBANK1  00C1
sprintf@exp                 cstackBANK1  00BB
sprintf@f                   cstackBANK0  0063
sprintf@flag                cstackBANK1  00B0
sprintf@fval                cstackBANK1  00BE
sprintf@integ               cstackBANK1  00B2
sprintf@prec                cstackBANK1  00B5
sprintf@sp                  cstackBANK1  00BD
sprintf@vd                  cstackBANK1  00A7
sprintf@vd_186              cstackBANK1  00AB
stackhi                     (abs)        0000
stacklo                     (abs)        0000
start                       init         0000
start_initialization        cinit        07F3
ttemp                       (abs)        007E
ttemp0                      (abs)        007E
ttemp1                      (abs)        0081
ttemp2                      (abs)        0084
ttemp3                      (abs)        0087
ttemp4                      (abs)        007F
wtemp                       (abs)        007E
wtemp0                      (abs)        007E
wtemp1                      (abs)        0080
wtemp2                      (abs)        0082
wtemp3                      (abs)        0084
wtemp4                      (abs)        0086
wtemp5                      (abs)        0088
wtemp6                      (abs)        007F


FUNCTION INFORMATION:

 *************** function _main *****************
 Defined at:
		line 33 in file "D:\From old laptop\Subjects\Uni\3rd Year M\2nd sem\Embedded Systems\Practical Activities\Practical Activity #7\To Submit\LE7-3.c"
 Parameters:    Size  Location     Type
		None
 Auto vars:     Size  Location     Type
  t               3   44[BANK1 ] float 
  rh              3   41[BANK1 ] float 
  T_temp          2   54[BANK1 ] unsigned int 
  RH_temp         2   52[BANK1 ] unsigned int 
  res             2   50[BANK1 ] int 
  temp            1   56[BANK1 ] unsigned char 
 Return value:  Size  Location     Type
		None               void
 Registers used:
		wreg, fsr0l, fsr0h, status,2, status,0, btemp+1, pclath, cstack
 Tracked objects:
		On entry : 
		On exit  : 
		Unchanged: 
 Data sizes:     COMMON   BANK0   BANK1   BANK3   BANK2
      Params:         0       0       0       0       0
      Locals:         0       0      16       0       0
      Temps:          0       0       2       0       0
      Totals:         0       0      18       0       0
Total ram usage:       18 bytes
 Hardware stack levels required when called:    5
 This function calls:
		_I2C_Receive
		_I2C_RepeatedStart
		_I2C_Send
		_I2C_Start
		_I2C_Stop
		___awtoft
		___ftadd
		___ftdiv
		___ftmul
		___fttol
		___lwtoft
		_delay_ms
		_dispRH
		_dispT
		_initLCD
		_init_I2C_Master
		_pow
 This function is called by:
		Startup code after reset
 This function uses a non-reentrant model


 *************** function _pow *****************
 Defined at:
		line 5 in file "C:\Program Files (x86)\Microchip\xc8\v1.33\sources\common\pow.c"
 Parameters:    Size  Location     Type
  x               3   15[BANK1 ] unsigned char 
  y               3   18[BANK1 ] unsigned char 
 Auto vars:     Size  Location     Type
  yi              4   28[BANK1 ] unsigned long 
  sign            1   27[BANK1 ] unsigned char 
 Return value:  Size  Location     Type
                  3   15[BANK1 ] unsigned char 
 Registers used:
		wreg, fsr0l, fsr0h, status,2, status,0, btemp+1, pclath, cstack
 Tracked objects:
		On entry : 
		On exit  : 
		Unchanged: 
 Data sizes:     COMMON   BANK0   BANK1   BANK3   BANK2
      Params:         0       0       6       0       0
      Locals:         0       0      11       0       0
      Temps:          0       1       0       0       0
      Totals:         0       1      17       0       0
Total ram usage:       18 bytes
 Hardware stack levels used:    1
 Hardware stack levels required when called:    4
 This function calls:
		___ftge
		___ftmul
		___ftneg
		___fttol
		___lltoft
		_exp
		_log
 This function is called by:
		_main
 This function uses a non-reentrant model


 *************** function _log *****************
 Defined at:
		line 5 in file "C:\Program Files (x86)\Microchip\xc8\v1.33\sources\common\log.c"
 Parameters:    Size  Location     Type
  x               3   71[BANK0 ] unsigned char 
 Auto vars:     Size  Location     Type
  exponent        2   75[BANK0 ] int 
 Return value:  Size  Location     Type
                  3   71[BANK0 ] int 
 Registers used:
		wreg, fsr0l, fsr0h, status,2, status,0, btemp+1, pclath, cstack
 Tracked objects:
		On entry : 
		On exit  : 
		Unchanged: 
 Data sizes:     COMMON   BANK0   BANK1   BANK3   BANK2
      Params:         0       3       0       0       0
      Locals:         0       2       0       0       0
      Temps:          0       1       0       0       0
      Totals:         0       6       0       0       0
Total ram usage:        6 bytes
 Hardware stack levels used:    1
 Hardware stack levels required when called:    3
 This function calls:
		___awtoft
		___ftadd
		___ftge
		___ftmul
		_eval_poly
		_frexp
 This function is called by:
		_pow
 This function uses a non-reentrant model


 *************** function _exp *****************
 Defined at:
		line 12 in file "C:\Program Files (x86)\Microchip\xc8\v1.33\sources\common\exp.c"
 Parameters:    Size  Location     Type
  x               3    3[BANK1 ] int 
 Auto vars:     Size  Location     Type
  exponent        2   12[BANK1 ] int 
  sign            1   14[BANK1 ] unsigned char 
 Return value:  Size  Location     Type
                  3    3[BANK1 ] unsigned char 
 Registers used:
		wreg, fsr0l, fsr0h, status,2, status,0, btemp+1, pclath, cstack
 Tracked objects:
		On entry : 
		On exit  : 
		Unchanged: 
 Data sizes:     COMMON   BANK0   BANK1   BANK3   BANK2
      Params:         0       0       3       0       0
      Locals:         0       0       9       0       0
      Temps:          0       1       0       0       0
      Totals:         0       1      12       0       0
Total ram usage:       13 bytes
 Hardware stack levels used:    1
 Hardware stack levels required when called:    3
 This function calls:
		___awtoft
		___ftdiv
		___ftge
		___ftmul
		___ftneg
		___ftsub
		___fttol
		_eval_poly
		_floor
		_ldexp
 This function is called by:
		_pow
 This function uses a non-reentrant model


 *************** function _ldexp *****************
 Defined at:
		line 277 in file "C:\Program Files (x86)\Microchip\xc8\v1.33\sources\common\frexp.c"
 Parameters:    Size  Location     Type
  value           3   71[BANK0 ] unsigned char 
  newexp          2   74[BANK0 ] int 
 Auto vars:     Size  Location     Type
		None
 Return value:  Size  Location     Type
                  3   71[BANK0 ] int 
 Registers used:
		wreg, status,2, status,0, btemp+1, pclath, cstack
 Tracked objects:
		On entry : 
		On exit  : 
		Unchanged: 
 Data sizes:     COMMON   BANK0   BANK1   BANK3   BANK2
      Params:         0       5       0       0       0
      Locals:         0       0       3       0       0
      Temps:          0       2       0       0       0
      Totals:         0       7       3       0       0
Total ram usage:       10 bytes
 Hardware stack levels used:    1
 Hardware stack levels required when called:    1
 This function calls:
		___ftge
		___ftneg
 This function is called by:
		_exp
 This function uses a non-reentrant model


 *************** function _floor *****************
 Defined at:
		line 13 in file "C:\Program Files (x86)\Microchip\xc8\v1.33\sources\common\floor.c"
 Parameters:    Size  Location     Type
  x               3   63[BANK0 ] int 
 Auto vars:     Size  Location     Type
  i               3   67[BANK0 ] int 
  expon           2   70[BANK0 ] int 
 Return value:  Size  Location     Type
                  3   63[BANK0 ] int 
 Registers used:
		wreg, fsr0l, fsr0h, status,2, status,0, btemp+1, pclath, cstack
 Tracked objects:
		On entry : 
		On exit  : 
		Unchanged: 
 Data sizes:     COMMON   BANK0   BANK1   BANK3   BANK2
      Params:         0       3       0       0       0
      Locals:         0       5       0       0       0
      Temps:          0       1       0       0       0
      Totals:         0       9       0       0       0
Total ram usage:        9 bytes
 Hardware stack levels used:    1
 Hardware stack levels required when called:    2
 This function calls:
		___altoft
		___ftadd
		___ftge
		___fttol
		_frexp
 This function is called by:
		_exp
 This function uses a non-reentrant model


 *************** function _frexp *****************
 Defined at:
		line 254 in file "C:\Program Files (x86)\Microchip\xc8\v1.33\sources\common\frexp.c"
 Parameters:    Size  Location     Type
  value           3    0[COMMON] int 
  eptr            1    3[COMMON] PTR int 
		 -> log@exponent(2), floor@expon(2), 
 Auto vars:     Size  Location     Type
		None
 Return value:  Size  Location     Type
                  3    0[COMMON] PTR int 
 Registers used:
		wreg, fsr0l, fsr0h, status,2, status,0, btemp+1
 Tracked objects:
		On entry : 
		On exit  : 
		Unchanged: 
 Data sizes:     COMMON   BANK0   BANK1   BANK3   BANK2
      Params:         4       0       0       0       0
      Locals:         0       0       0       0       0
      Temps:          2       0       0       0       0
      Totals:         6       0       0       0       0
Total ram usage:        6 bytes
 Hardware stack levels used:    1
 This function calls:
		Nothing
 This function is called by:
		_floor
		_log
 This function uses a non-reentrant model


 *************** function ___altoft *****************
 Defined at:
		line 42 in file "C:\Program Files (x86)\Microchip\xc8\v1.33\sources\common\altoft.c"
 Parameters:    Size  Location     Type
  c               4   55[BANK0 ] long 
 Auto vars:     Size  Location     Type
  sign            1   62[BANK0 ] unsigned char 
  exp             1   61[BANK0 ] unsigned char 
 Return value:  Size  Location     Type
                  3   55[BANK0 ] float 
 Registers used:
		wreg, status,2, status,0, pclath, cstack
 Tracked objects:
		On entry : 
		On exit  : 
		Unchanged: 
 Data sizes:     COMMON   BANK0   BANK1   BANK3   BANK2
      Params:         0       4       0       0       0
      Locals:         0       2       0       0       0
      Temps:          0       2       0       0       0
      Totals:         0       8       0       0       0
Total ram usage:        8 bytes
 Hardware stack levels used:    1
 Hardware stack levels required when called:    1
 This function calls:
		___ftpack
 This function is called by:
		_floor
 This function uses a non-reentrant model


 *************** function _eval_poly *****************
 Defined at:
		line 4 in file "C:\Program Files (x86)\Microchip\xc8\v1.33\sources\common\evalpoly.c"
 Parameters:    Size  Location     Type
  x               3   61[BANK0 ] float 
  d               1   64[BANK0 ] PTR const 
		 -> log@coeff(27), exp@coeff(30), 
  n               2   65[BANK0 ] int 
 Auto vars:     Size  Location     Type
  res             3   68[BANK0 ] int 
 Return value:  Size  Location     Type
                  3   61[BANK0 ] int 
 Registers used:
		wreg, fsr0l, fsr0h, status,2, status,0, pclath, cstack
 Tracked objects:
		On entry : 
		On exit  : 
		Unchanged: 
 Data sizes:     COMMON   BANK0   BANK1   BANK3   BANK2
      Params:         0       6       0       0       0
      Locals:         0       3       0       0       0
      Temps:          0       1       0       0       0
      Totals:         0      10       0       0       0
Total ram usage:       10 bytes
 Hardware stack levels used:    1
 Hardware stack levels required when called:    2
 This function calls:
		___bmul
		___ftadd
		___ftmul
 This function is called by:
		_exp
		_log
 This function uses a non-reentrant model


 *************** function ___ftdiv *****************
 Defined at:
		line 49 in file "C:\Program Files (x86)\Microchip\xc8\v1.33\sources\pic\ftdiv.c"
 Parameters:    Size  Location     Type
  f2              3    0[BANK0 ] float 
  f1              3    3[BANK0 ] float 
 Auto vars:     Size  Location     Type
  f3              3   11[BANK0 ] float 
  sign            1   15[BANK0 ] unsigned char 
  exp             1   14[BANK0 ] unsigned char 
  cntr            1   10[BANK0 ] unsigned char 
 Return value:  Size  Location     Type
                  3    0[BANK0 ] float 
 Registers used:
		wreg, status,2, status,0, pclath, cstack
 Tracked objects:
		On entry : 
		On exit  : 
		Unchanged: 
 Data sizes:     COMMON   BANK0   BANK1   BANK3   BANK2
      Params:         0       6       0       0       0
      Locals:         0       6       0       0       0
      Temps:          0       4       0       0       0
      Totals:         0      16       0       0       0
Total ram usage:       16 bytes
 Hardware stack levels used:    1
 Hardware stack levels required when called:    1
 This function calls:
		___ftpack
 This function is called by:
		_main
		_exp
 This function uses a non-reentrant model


 *************** function ___awtoft *****************
 Defined at:
		line 32 in file "C:\Program Files (x86)\Microchip\xc8\v1.33\sources\common\awtoft.c"
 Parameters:    Size  Location     Type
  c               2    8[COMMON] int 
 Auto vars:     Size  Location     Type
  sign            1   13[COMMON] unsigned char 
 Return value:  Size  Location     Type
                  3    8[COMMON] float 
 Registers used:
		wreg, status,2, status,0, pclath, cstack
 Tracked objects:
		On entry : 
		On exit  : 
		Unchanged: 
 Data sizes:     COMMON   BANK0   BANK1   BANK3   BANK2
      Params:         3       0       0       0       0
      Locals:         1       0       0       0       0
      Temps:          2       0       0       0       0
      Totals:         6       0       0       0       0
Total ram usage:        6 bytes
 Hardware stack levels used:    1
 Hardware stack levels required when called:    1
 This function calls:
		___ftpack
 This function is called by:
		_main
		_exp
		_log
 This function uses a non-reentrant model


 *************** function _init_I2C_Master *****************
 Defined at:
		line 193 in file "D:\From old laptop\Subjects\Uni\3rd Year M\2nd sem\Embedded Systems\Practical Activities\Practical Activity #7\To Submit\LE7-3.c"
 Parameters:    Size  Location     Type
		None
 Auto vars:     Size  Location     Type
		None
 Return value:  Size  Location     Type
		None               void
 Registers used:
		wreg, status,2
 Tracked objects:
		On entry : 
		On exit  : 
		Unchanged: 
 Data sizes:     COMMON   BANK0   BANK1   BANK3   BANK2
      Params:         0       0       0       0       0
      Locals:         0       0       0       0       0
      Temps:          0       0       0       0       0
      Totals:         0       0       0       0       0
Total ram usage:        0 bytes
 Hardware stack levels used:    1
 This function calls:
		Nothing
 This function is called by:
		_main
 This function uses a non-reentrant model


 *************** function _initLCD *****************
 Defined at:
		line 118 in file "D:\From old laptop\Subjects\Uni\3rd Year M\2nd sem\Embedded Systems\Practical Activities\Practical Activity #7\To Submit\LE7-3.c"
 Parameters:    Size  Location     Type
		None
 Auto vars:     Size  Location     Type
		None
 Return value:  Size  Location     Type
		None               void
 Registers used:
		wreg, status,2, status,0, btemp+1, pclath, cstack
 Tracked objects:
		On entry : 
		On exit  : 
		Unchanged: 
 Data sizes:     COMMON   BANK0   BANK1   BANK3   BANK2
      Params:         0       0       0       0       0
      Locals:         0       0       0       0       0
      Temps:          0       0       0       0       0
      Totals:         0       0       0       0       0
Total ram usage:        0 bytes
 Hardware stack levels used:    1
 Hardware stack levels required when called:    2
 This function calls:
		_delay_ms
		_instCtrl
 This function is called by:
		_main
 This function uses a non-reentrant model


 *************** function _dispT *****************
 Defined at:
		line 159 in file "D:\From old laptop\Subjects\Uni\3rd Year M\2nd sem\Embedded Systems\Practical Activities\Practical Activity #7\To Submit\LE7-3.c"
 Parameters:    Size  Location     Type
		None
 Auto vars:     Size  Location     Type
  val             5   34[BANK1 ] unsigned char [5]
 Return value:  Size  Location     Type
		None               void
 Registers used:
		wreg, fsr0l, fsr0h, status,2, status,0, btemp+1, pclath, cstack
 Tracked objects:
		On entry : 
		On exit  : 
		Unchanged: 
 Data sizes:     COMMON   BANK0   BANK1   BANK3   BANK2
      Params:         0       0       0       0       0
      Locals:         0       0       5       0       0
      Temps:          0       1       0       0       0
      Totals:         0       1       5       0       0
Total ram usage:        6 bytes
 Hardware stack levels used:    1
 Hardware stack levels required when called:    4
 This function calls:
		_dataCtrl
		_instCtrl
		_sprintf
 This function is called by:
		_main
 This function uses a non-reentrant model


 *************** function _dispRH *****************
 Defined at:
		line 135 in file "D:\From old laptop\Subjects\Uni\3rd Year M\2nd sem\Embedded Systems\Practical Activities\Practical Activity #7\To Submit\LE7-3.c"
 Parameters:    Size  Location     Type
		None
 Auto vars:     Size  Location     Type
  val             4   34[BANK1 ] unsigned char [4]
 Return value:  Size  Location     Type
		None               void
 Registers used:
		wreg, fsr0l, fsr0h, status,2, status,0, btemp+1, pclath, cstack
 Tracked objects:
		On entry : 
		On exit  : 
		Unchanged: 
 Data sizes:     COMMON   BANK0   BANK1   BANK3   BANK2
      Params:         0       0       0       0       0
      Locals:         0       0       4       0       0
      Temps:          0       1       0       0       0
      Totals:         0       1       4       0       0
Total ram usage:        5 bytes
 Hardware stack levels used:    1
 Hardware stack levels required when called:    4
 This function calls:
		_dataCtrl
		_instCtrl
		_sprintf
 This function is called by:
		_main
 This function uses a non-reentrant model


 *************** function _sprintf *****************
 Defined at:
		line 492 in file "C:\Program Files (x86)\Microchip\xc8\v1.33\sources\common\doprnt.c"
 Parameters:    Size  Location     Type
  sp              1    wreg     PTR unsigned char 
		 -> dispT@val(5), dispRH@val(4), 
  f               1   67[BANK0 ] PTR const unsigned char 
		 -> STR_2(3), STR_1(3), 
 Auto vars:     Size  Location     Type
  sp              1   29[BANK1 ] PTR unsigned char 
		 -> dispT@val(5), dispRH@val(4), 
  vd              4    7[BANK1 ] unsigned long 
  vd              4   11[BANK1 ] unsigned long 
  _val            4   23[BANK1 ] struct .
  fval            3   30[BANK1 ] struct .
  integ           3   18[BANK1 ] struct .
  ival            3    0        struct .
  exp             2   27[BANK1 ] int 
  prec            2   21[BANK1 ] int 
  flag            2   16[BANK1 ] unsigned short 
  width           2    0        int 
  c               1   33[BANK1 ] char 
  ap              1   15[BANK1 ] PTR void [1]
		 -> ?_sprintf(2), 
  d               1    0        unsigned char 
 Return value:  Size  Location     Type
                  2   67[BANK0 ] int 
 Registers used:
		wreg, fsr0l, fsr0h, status,2, status,0, btemp+1, pclath, cstack
 Tracked objects:
		On entry : 
		On exit  : 
		Unchanged: 
 Data sizes:     COMMON   BANK0   BANK1   BANK3   BANK2
      Params:         0       4       0       0       0
      Locals:         0       0      34       0       0
      Temps:          0       6       0       0       0
      Totals:         0      10      34       0       0
Total ram usage:       44 bytes
 Hardware stack levels used:    1
 Hardware stack levels required when called:    3
 This function calls:
		___awdiv
		___ftadd
		___ftge
		___ftmul
		___ftneg
		___ftsub
		___fttol
		___lldiv
		___llmod
		___lltoft
		___wmul
		__div_to_l_
		__tdiv_to_l_
		_fround
		_scale
 This function is called by:
		_dispRH
		_dispT
 This function uses a non-reentrant model


 *************** function _scale *****************
 Defined at:
		line 425 in file "C:\Program Files (x86)\Microchip\xc8\v1.33\sources\common\doprnt.c"
 Parameters:    Size  Location     Type
  scl             1    wreg     char 
 Auto vars:     Size  Location     Type
  scl             1   40[BANK0 ] char 
 Return value:  Size  Location     Type
                  3   32[BANK0 ] char 
 Registers used:
		wreg, fsr0l, fsr0h, status,2, status,0, pclath, cstack
 Tracked objects:
		On entry : 
		On exit  : 
		Unchanged: 
 Data sizes:     COMMON   BANK0   BANK1   BANK3   BANK2
      Params:         0       3       0       0       0
      Locals:         0       4       0       0       0
      Temps:          0       2       0       0       0
      Totals:         0       9       0       0       0
Total ram usage:        9 bytes
 Hardware stack levels used:    1
 Hardware stack levels required when called:    2
 This function calls:
		___awdiv
		___awmod
		___bmul
		___ftmul
 This function is called by:
		_sprintf
 This function uses a non-reentrant model


 *************** function _fround *****************
 Defined at:
		line 409 in file "C:\Program Files (x86)\Microchip\xc8\v1.33\sources\common\doprnt.c"
 Parameters:    Size  Location     Type
  prec            1    wreg     unsigned char 
 Auto vars:     Size  Location     Type
  prec            1   47[BANK0 ] unsigned char 
 Return value:  Size  Location     Type
                  3   32[BANK0 ] unsigned char 
 Registers used:
		wreg, fsr0l, fsr0h, status,2, status,0, pclath, cstack
 Tracked objects:
		On entry : 
		On exit  : 
		Unchanged: 
 Data sizes:     COMMON   BANK0   BANK1   BANK3   BANK2
      Params:         0       3       0       0       0
      Locals:         0       7       0       0       0
      Temps:          0       6       0       0       0
      Totals:         0      16       0       0       0
Total ram usage:       16 bytes
 Hardware stack levels used:    1
 Hardware stack levels required when called:    2
 This function calls:
		___awdiv
		___awmod
		___bmul
		___ftmul
 This function is called by:
		_sprintf
 This function uses a non-reentrant model


 *************** function ___ftmul *****************
 Defined at:
		line 62 in file "C:\Program Files (x86)\Microchip\xc8\v1.33\sources\common\ftmul.c"
 Parameters:    Size  Location     Type
  f1              3   16[BANK0 ] float 
  f2              3   19[BANK0 ] float 
 Auto vars:     Size  Location     Type
  f3_as_produc    3   27[BANK0 ] unsigned um
  sign            1   31[BANK0 ] unsigned char 
  cntr            1   30[BANK0 ] unsigned char 
  exp             1   26[BANK0 ] unsigned char 
 Return value:  Size  Location     Type
                  3   16[BANK0 ] float 
 Registers used:
		wreg, status,2, status,0, pclath, cstack
 Tracked objects:
		On entry : 
		On exit  : 
		Unchanged: 
 Data sizes:     COMMON   BANK0   BANK1   BANK3   BANK2
      Params:         0       6       0       0       0
      Locals:         0       6       0       0       0
      Temps:          0       4       0       0       0
      Totals:         0      16       0       0       0
Total ram usage:       16 bytes
 Hardware stack levels used:    1
 Hardware stack levels required when called:    1
 This function calls:
		___ftpack
 This function is called by:
		_main
		_fround
		_scale
		_sprintf
		_pow
		_exp
		_log
		_eval_poly
 This function uses a non-reentrant model


 *************** function ___bmul *****************
 Defined at:
		line 4 in file "C:\Program Files (x86)\Microchip\xc8\v1.33\sources\common\Umul8.c"
 Parameters:    Size  Location     Type
  multiplier      1    wreg     unsigned char 
  multiplicand    1    4[BANK0 ] unsigned char 
 Auto vars:     Size  Location     Type
  multiplier      1    6[BANK0 ] unsigned char 
  product         1    5[BANK0 ] unsigned char 
 Return value:  Size  Location     Type
                  1    wreg      unsigned char 
 Registers used:
		wreg, status,2, status,0
 Tracked objects:
		On entry : 
		On exit  : 
		Unchanged: 
 Data sizes:     COMMON   BANK0   BANK1   BANK3   BANK2
      Params:         0       1       0       0       0
      Locals:         0       2       0       0       0
      Temps:          1       0       0       0       0
      Totals:         1       3       0       0       0
Total ram usage:        4 bytes
 Hardware stack levels used:    1
 This function calls:
		Nothing
 This function is called by:
		_fround
		_scale
		_eval_poly
 This function uses a non-reentrant model


 *************** function ___awmod *****************
 Defined at:
		line 6 in file "C:\Program Files (x86)\Microchip\xc8\v1.33\sources\common\awmod.c"
 Parameters:    Size  Location     Type
  divisor         2    0[COMMON] int 
  dividend        2    2[COMMON] int 
 Auto vars:     Size  Location     Type
  sign            1    6[COMMON] unsigned char 
  counter         1    5[COMMON] unsigned char 
 Return value:  Size  Location     Type
                  2    0[COMMON] int 
 Registers used:
		wreg, status,2, status,0
 Tracked objects:
		On entry : 
		On exit  : 
		Unchanged: 
 Data sizes:     COMMON   BANK0   BANK1   BANK3   BANK2
      Params:         4       0       0       0       0
      Locals:         2       0       0       0       0
      Temps:          1       0       0       0       0
      Totals:         7       0       0       0       0
Total ram usage:        7 bytes
 Hardware stack levels used:    1
 This function calls:
		Nothing
 This function is called by:
		_fround
		_scale
 This function uses a non-reentrant model


 *************** function ___awdiv *****************
 Defined at:
		line 6 in file "C:\Program Files (x86)\Microchip\xc8\v1.33\sources\common\awdiv.c"
 Parameters:    Size  Location     Type
  divisor         2    7[COMMON] int 
  dividend        2    9[COMMON] int 
 Auto vars:     Size  Location     Type
  quotient        2    2[BANK0 ] int 
  sign            1    1[BANK0 ] unsigned char 
  counter         1    0[BANK0 ] unsigned char 
 Return value:  Size  Location     Type
                  2    7[COMMON] int 
 Registers used:
		wreg, status,2, status,0
 Tracked objects:
		On entry : 
		On exit  : 
		Unchanged: 
 Data sizes:     COMMON   BANK0   BANK1   BANK3   BANK2
      Params:         4       0       0       0       0
      Locals:         0       4       0       0       0
      Temps:          1       0       0       0       0
      Totals:         5       4       0       0       0
Total ram usage:        9 bytes
 Hardware stack levels used:    1
 This function calls:
		Nothing
 This function is called by:
		_fround
		_scale
		_sprintf
 This function uses a non-reentrant model


 *************** function __tdiv_to_l_ *****************
 Defined at:
		line 60 in file "C:\Program Files (x86)\Microchip\xc8\v1.33\sources\common\ftdivl.c"
 Parameters:    Size  Location     Type
  f1              3    0[COMMON] float 
  f2              3    3[COMMON] float 
 Auto vars:     Size  Location     Type
  quot            4    0[BANK0 ] unsigned long 
  exp1            1    5[BANK0 ] unsigned char 
  cntr            1    4[BANK0 ] unsigned char 
 Return value:  Size  Location     Type
                  4    0[COMMON] unsigned long 
 Registers used:
		wreg, status,2, status,0
 Tracked objects:
		On entry : 
		On exit  : 
		Unchanged: 
 Data sizes:     COMMON   BANK0   BANK1   BANK3   BANK2
      Params:         6       0       0       0       0
      Locals:         0       6       0       0       0
      Temps:          4       0       0       0       0
      Totals:        10       6       0       0       0
Total ram usage:       16 bytes
 Hardware stack levels used:    1
 This function calls:
		Nothing
 This function is called by:
		_sprintf
 This function uses a non-reentrant model


 *************** function __div_to_l_ *****************
 Defined at:
		line 60 in file "C:\Program Files (x86)\Microchip\xc8\v1.33\sources\common\fldivl.c"
 Parameters:    Size  Location     Type
  f1              3    0[COMMON] unsigned long 
  f2              3    3[COMMON] unsigned long 
 Auto vars:     Size  Location     Type
  quot            4    0[BANK0 ] unsigned long 
  exp1            1    5[BANK0 ] unsigned char 
  cntr            1    4[BANK0 ] unsigned char 
 Return value:  Size  Location     Type
                  4    0[COMMON] unsigned long 
 Registers used:
		wreg, fsr0l, fsr0h, status,2, status,0
 Tracked objects:
		On entry : 
		On exit  : 
		Unchanged: 
 Data sizes:     COMMON   BANK0   BANK1   BANK3   BANK2
      Params:         6       0       0       0       0
      Locals:         0       6       0       0       0
      Temps:          8       0       0       0       0
      Totals:        14       6       0       0       0
Total ram usage:       20 bytes
 Hardware stack levels used:    1
 This function calls:
		Nothing
 This function is called by:
		_sprintf
 This function uses a non-reentrant model


 *************** function ___wmul *****************
 Defined at:
		line 15 in file "C:\Program Files (x86)\Microchip\xc8\v1.33\sources\common\Umul16.c"
 Parameters:    Size  Location     Type
  multiplier      2    0[COMMON] unsigned int 
  multiplicand    2    2[COMMON] unsigned int 
 Auto vars:     Size  Location     Type
  product         2    4[COMMON] unsigned int 
 Return value:  Size  Location     Type
                  2    0[COMMON] unsigned int 
 Registers used:
		wreg, status,2, status,0
 Tracked objects:
		On entry : 
		On exit  : 
		Unchanged: 
 Data sizes:     COMMON   BANK0   BANK1   BANK3   BANK2
      Params:         4       0       0       0       0
      Locals:         2       0       0       0       0
      Temps:          0       0       0       0       0
      Totals:         6       0       0       0       0
Total ram usage:        6 bytes
 Hardware stack levels used:    1
 This function calls:
		Nothing
 This function is called by:
		_sprintf
 This function uses a non-reentrant model


 *************** function ___lltoft *****************
 Defined at:
		line 35 in file "C:\Program Files (x86)\Microchip\xc8\v1.33\sources\common\lltoft.c"
 Parameters:    Size  Location     Type
  c               4    8[COMMON] unsigned long 
 Auto vars:     Size  Location     Type
  exp             1   13[COMMON] unsigned char 
 Return value:  Size  Location     Type
                  3    8[COMMON] float 
 Registers used:
		wreg, status,2, status,0, pclath, cstack
 Tracked objects:
		On entry : 
		On exit  : 
		Unchanged: 
 Data sizes:     COMMON   BANK0   BANK1   BANK3   BANK2
      Params:         4       0       0       0       0
      Locals:         1       0       0       0       0
      Temps:          1       0       0       0       0
      Totals:         6       0       0       0       0
Total ram usage:        6 bytes
 Hardware stack levels used:    1
 Hardware stack levels required when called:    1
 This function calls:
		___ftpack
 This function is called by:
		_sprintf
		_pow
 This function uses a non-reentrant model


 *************** function ___llmod *****************
 Defined at:
		line 6 in file "C:\Program Files (x86)\Microchip\xc8\v1.33\sources\common\llmod.c"
 Parameters:    Size  Location     Type
  divisor         4    0[BANK0 ] unsigned long 
  dividend        4    4[BANK0 ] unsigned long 
 Auto vars:     Size  Location     Type
  counter         1    9[BANK0 ] unsigned char 
 Return value:  Size  Location     Type
                  4    0[BANK0 ] unsigned long 
 Registers used:
		wreg, status,2, status,0
 Tracked objects:
		On entry : 
		On exit  : 
		Unchanged: 
 Data sizes:     COMMON   BANK0   BANK1   BANK3   BANK2
      Params:         0       8       0       0       0
      Locals:         0       1       0       0       0
      Temps:          0       1       0       0       0
      Totals:         0      10       0       0       0
Total ram usage:       10 bytes
 Hardware stack levels used:    1
 This function calls:
		Nothing
 This function is called by:
		_sprintf
 This function uses a non-reentrant model


 *************** function ___lldiv *****************
 Defined at:
		line 6 in file "C:\Program Files (x86)\Microchip\xc8\v1.33\sources\common\lldiv.c"
 Parameters:    Size  Location     Type
  divisor         4    0[COMMON] unsigned long 
  dividend        4    4[COMMON] unsigned long 
 Auto vars:     Size  Location     Type
  quotient        4    9[COMMON] unsigned long 
  counter         1   13[COMMON] unsigned char 
 Return value:  Size  Location     Type
                  4    0[COMMON] unsigned long 
 Registers used:
		wreg, status,2, status,0
 Tracked objects:
		On entry : 
		On exit  : 
		Unchanged: 
 Data sizes:     COMMON   BANK0   BANK1   BANK3   BANK2
      Params:         8       0       0       0       0
      Locals:         5       0       0       0       0
      Temps:          1       0       0       0       0
      Totals:        14       0       0       0       0
Total ram usage:       14 bytes
 Hardware stack levels used:    1
 This function calls:
		Nothing
 This function is called by:
		_sprintf
 This function uses a non-reentrant model


 *************** function ___fttol *****************
 Defined at:
		line 44 in file "C:\Program Files (x86)\Microchip\xc8\v1.33\sources\common\fttol.c"
 Parameters:    Size  Location     Type
  f1              3   41[BANK0 ] float 
 Auto vars:     Size  Location     Type
  lval            4   50[BANK0 ] unsigned long 
  exp1            1   54[BANK0 ] unsigned char 
  sign1           1   49[BANK0 ] unsigned char 
 Return value:  Size  Location     Type
                  4   41[BANK0 ] long 
 Registers used:
		wreg, status,2, status,0
 Tracked objects:
		On entry : 
		On exit  : 
		Unchanged: 
 Data sizes:     COMMON   BANK0   BANK1   BANK3   BANK2
      Params:         0       4       0       0       0
      Locals:         0       6       0       0       0
      Temps:          0       4       0       0       0
      Totals:         0      14       0       0       0
Total ram usage:       14 bytes
 Hardware stack levels used:    1
 This function calls:
		Nothing
 This function is called by:
		_main
		_sprintf
		_pow
		_exp
		_floor
 This function uses a non-reentrant model


 *************** function ___ftsub *****************
 Defined at:
		line 18 in file "C:\Program Files (x86)\Microchip\xc8\v1.33\sources\common\ftsub.c"
 Parameters:    Size  Location     Type
  f2              3   61[BANK0 ] float 
  f1              3   64[BANK0 ] float 
 Auto vars:     Size  Location     Type
		None
 Return value:  Size  Location     Type
                  3   61[BANK0 ] float 
 Registers used:
		wreg, status,2, status,0, pclath, cstack
 Tracked objects:
		On entry : 
		On exit  : 
		Unchanged: 
 Data sizes:     COMMON   BANK0   BANK1   BANK3   BANK2
      Params:         0       6       0       0       0
      Locals:         0       0       0       0       0
      Temps:          0       0       0       0       0
      Totals:         0       6       0       0       0
Total ram usage:        6 bytes
 Hardware stack levels used:    1
 Hardware stack levels required when called:    2
 This function calls:
		___ftadd
 This function is called by:
		_sprintf
		_exp
 This function uses a non-reentrant model


 *************** function ___ftadd *****************
 Defined at:
		line 86 in file "C:\Program Files (x86)\Microchip\xc8\v1.33\sources\common\ftadd.c"
 Parameters:    Size  Location     Type
  f1              3   48[BANK0 ] float 
  f2              3   51[BANK0 ] float 
 Auto vars:     Size  Location     Type
  exp1            1   60[BANK0 ] unsigned char 
  exp2            1   59[BANK0 ] unsigned char 
  sign            1   58[BANK0 ] unsigned char 
 Return value:  Size  Location     Type
                  3   48[BANK0 ] float 
 Registers used:
		wreg, status,2, status,0, pclath, cstack
 Tracked objects:
		On entry : 
		On exit  : 
		Unchanged: 
 Data sizes:     COMMON   BANK0   BANK1   BANK3   BANK2
      Params:         0       6       0       0       0
      Locals:         0       3       0       0       0
      Temps:          0       4       0       0       0
      Totals:         0      13       0       0       0
Total ram usage:       13 bytes
 Hardware stack levels used:    1
 Hardware stack levels required when called:    1
 This function calls:
		___ftpack
 This function is called by:
		_main
		_sprintf
		___ftsub
		_floor
		_log
		_eval_poly
 This function uses a non-reentrant model


 *************** function ___ftneg *****************
 Defined at:
		line 15 in file "C:\Program Files (x86)\Microchip\xc8\v1.33\sources\common\ftneg.c"
 Parameters:    Size  Location     Type
  f1              3    0[COMMON] float 
 Auto vars:     Size  Location     Type
		None
 Return value:  Size  Location     Type
                  3    0[COMMON] float 
 Registers used:
		wreg
 Tracked objects:
		On entry : 
		On exit  : 
		Unchanged: 
 Data sizes:     COMMON   BANK0   BANK1   BANK3   BANK2
      Params:         3       0       0       0       0
      Locals:         0       0       0       0       0
      Temps:          0       0       0       0       0
      Totals:         3       0       0       0       0
Total ram usage:        3 bytes
 Hardware stack levels used:    1
 This function calls:
		Nothing
 This function is called by:
		_sprintf
		_pow
		_exp
		_ldexp
 This function uses a non-reentrant model


 *************** function ___ftge *****************
 Defined at:
		line 4 in file "C:\Program Files (x86)\Microchip\xc8\v1.33\sources\common\ftge.c"
 Parameters:    Size  Location     Type
  ff1             3    0[COMMON] float 
  ff2             3    3[COMMON] float 
 Auto vars:     Size  Location     Type
		None
 Return value:  Size  Location     Type
		None               void
 Registers used:
		wreg, status,2, status,0
 Tracked objects:
		On entry : 
		On exit  : 
		Unchanged: 
 Data sizes:     COMMON   BANK0   BANK1   BANK3   BANK2
      Params:         6       0       0       0       0
      Locals:         0       0       0       0       0
      Temps:          6       0       0       0       0
      Totals:        12       0       0       0       0
Total ram usage:       12 bytes
 Hardware stack levels used:    1
 This function calls:
		Nothing
 This function is called by:
		_sprintf
		_pow
		_exp
		_floor
		_ldexp
		_log
 This function uses a non-reentrant model


 *************** function _instCtrl *****************
 Defined at:
		line 111 in file "D:\From old laptop\Subjects\Uni\3rd Year M\2nd sem\Embedded Systems\Practical Activities\Practical Activity #7\To Submit\LE7-3.c"
 Parameters:    Size  Location     Type
  INST            1    wreg     unsigned char 
 Auto vars:     Size  Location     Type
  INST            1    6[COMMON] unsigned char 
 Return value:  Size  Location     Type
		None               void
 Registers used:
		wreg, status,2, status,0, btemp+1, pclath, cstack
 Tracked objects:
		On entry : 
		On exit  : 
		Unchanged: 
 Data sizes:     COMMON   BANK0   BANK1   BANK3   BANK2
      Params:         0       0       0       0       0
      Locals:         1       0       0       0       0
      Temps:          0       0       0       0       0
      Totals:         1       0       0       0       0
Total ram usage:        1 bytes
 Hardware stack levels used:    1
 Hardware stack levels required when called:    1
 This function calls:
		_delay_ms
 This function is called by:
		_initLCD
		_dispRH
		_dispT
 This function uses a non-reentrant model


 *************** function _dataCtrl *****************
 Defined at:
		line 126 in file "D:\From old laptop\Subjects\Uni\3rd Year M\2nd sem\Embedded Systems\Practical Activities\Practical Activity #7\To Submit\LE7-3.c"
 Parameters:    Size  Location     Type
  DATA            1    wreg     unsigned char 
 Auto vars:     Size  Location     Type
  DATA            1    6[COMMON] unsigned char 
 Return value:  Size  Location     Type
		None               void
 Registers used:
		wreg, status,2, status,0, btemp+1, pclath, cstack
 Tracked objects:
		On entry : 
		On exit  : 
		Unchanged: 
 Data sizes:     COMMON   BANK0   BANK1   BANK3   BANK2
      Params:         0       0       0       0       0
      Locals:         1       0       0       0       0
      Temps:          0       0       0       0       0
      Totals:         1       0       0       0       0
Total ram usage:        1 bytes
 Hardware stack levels used:    1
 Hardware stack levels required when called:    1
 This function calls:
		_delay_ms
 This function is called by:
		_dispRH
		_dispT
 This function uses a non-reentrant model


 *************** function _delay_ms *****************
 Defined at:
		line 103 in file "D:\From old laptop\Subjects\Uni\3rd Year M\2nd sem\Embedded Systems\Practical Activities\Practical Activity #7\To Submit\LE7-3.c"
 Parameters:    Size  Location     Type
  cnt             2    0[COMMON] int 
 Auto vars:     Size  Location     Type
  j               2    4[COMMON] int 
  i               2    2[COMMON] int 
 Return value:  Size  Location     Type
		None               void
 Registers used:
		wreg, status,2, status,0, btemp+1
 Tracked objects:
		On entry : 
		On exit  : 
		Unchanged: 
 Data sizes:     COMMON   BANK0   BANK1   BANK3   BANK2
      Params:         2       0       0       0       0
      Locals:         4       0       0       0       0
      Temps:          0       0       0       0       0
      Totals:         6       0       0       0       0
Total ram usage:        6 bytes
 Hardware stack levels used:    1
 This function calls:
		Nothing
 This function is called by:
		_main
		_instCtrl
		_initLCD
		_dataCtrl
 This function uses a non-reentrant model


 *************** function ___lwtoft *****************
 Defined at:
		line 28 in file "C:\Program Files (x86)\Microchip\xc8\v1.33\sources\common\lwtoft.c"
 Parameters:    Size  Location     Type
  c               2    8[COMMON] unsigned int 
 Auto vars:     Size  Location     Type
		None
 Return value:  Size  Location     Type
                  3    8[COMMON] float 
 Registers used:
		wreg, status,2, status,0, pclath, cstack
 Tracked objects:
		On entry : 
		On exit  : 
		Unchanged: 
 Data sizes:     COMMON   BANK0   BANK1   BANK3   BANK2
      Params:         3       0       0       0       0
      Locals:         0       0       0       0       0
      Temps:          1       0       0       0       0
      Totals:         4       0       0       0       0
Total ram usage:        4 bytes
 Hardware stack levels used:    1
 Hardware stack levels required when called:    1
 This function calls:
		___ftpack
 This function is called by:
		_main
 This function uses a non-reentrant model


 *************** function ___ftpack *****************
 Defined at:
		line 62 in file "C:\Program Files (x86)\Microchip\xc8\v1.33\sources\common\float.c"
 Parameters:    Size  Location     Type
  arg             3    0[COMMON] unsigned um
  exp             1    3[COMMON] unsigned char 
  sign            1    4[COMMON] unsigned char 
 Auto vars:     Size  Location     Type
		None
 Return value:  Size  Location     Type
                  3    0[COMMON] float 
 Registers used:
		wreg, status,2, status,0
 Tracked objects:
		On entry : 
		On exit  : 
		Unchanged: 
 Data sizes:     COMMON   BANK0   BANK1   BANK3   BANK2
      Params:         5       0       0       0       0
      Locals:         0       0       0       0       0
      Temps:          3       0       0       0       0
      Totals:         8       0       0       0       0
Total ram usage:        8 bytes
 Hardware stack levels used:    1
 This function calls:
		Nothing
 This function is called by:
		___altoft
		___awtoft
		___ftadd
		___ftdiv
		___ftmul
		___lltoft
		___lwtoft
 This function uses a non-reentrant model


 *************** function _I2C_Stop *****************
 Defined at:
		line 216 in file "D:\From old laptop\Subjects\Uni\3rd Year M\2nd sem\Embedded Systems\Practical Activities\Practical Activity #7\To Submit\LE7-3.c"
 Parameters:    Size  Location     Type
		None
 Auto vars:     Size  Location     Type
		None
 Return value:  Size  Location     Type
		None               void
 Registers used:
		wreg, status,2, status,0, pclath, cstack
 Tracked objects:
		On entry : 
		On exit  : 
		Unchanged: 
 Data sizes:     COMMON   BANK0   BANK1   BANK3   BANK2
      Params:         0       0       0       0       0
      Locals:         0       0       0       0       0
      Temps:          0       0       0       0       0
      Totals:         0       0       0       0       0
Total ram usage:        0 bytes
 Hardware stack levels used:    1
 Hardware stack levels required when called:    1
 This function calls:
		_I2C_Wait
 This function is called by:
		_main
 This function uses a non-reentrant model


 *************** function _I2C_Start *****************
 Defined at:
		line 209 in file "D:\From old laptop\Subjects\Uni\3rd Year M\2nd sem\Embedded Systems\Practical Activities\Practical Activity #7\To Submit\LE7-3.c"
 Parameters:    Size  Location     Type
		None
 Auto vars:     Size  Location     Type
		None
 Return value:  Size  Location     Type
		None               void
 Registers used:
		wreg, status,2, status,0, pclath, cstack
 Tracked objects:
		On entry : 
		On exit  : 
		Unchanged: 
 Data sizes:     COMMON   BANK0   BANK1   BANK3   BANK2
      Params:         0       0       0       0       0
      Locals:         0       0       0       0       0
      Temps:          0       0       0       0       0
      Totals:         0       0       0       0       0
Total ram usage:        0 bytes
 Hardware stack levels used:    1
 Hardware stack levels required when called:    1
 This function calls:
		_I2C_Wait
 This function is called by:
		_main
 This function uses a non-reentrant model


 *************** function _I2C_Send *****************
 Defined at:
		line 230 in file "D:\From old laptop\Subjects\Uni\3rd Year M\2nd sem\Embedded Systems\Practical Activities\Practical Activity #7\To Submit\LE7-3.c"
 Parameters:    Size  Location     Type
  data            1    wreg     unsigned char 
 Auto vars:     Size  Location     Type
  data            1    0[COMMON] unsigned char 
 Return value:  Size  Location     Type
		None               void
 Registers used:
		wreg, status,2, status,0, pclath, cstack
 Tracked objects:
		On entry : 
		On exit  : 
		Unchanged: 
 Data sizes:     COMMON   BANK0   BANK1   BANK3   BANK2
      Params:         0       0       0       0       0
      Locals:         1       0       0       0       0
      Temps:          0       0       0       0       0
      Totals:         1       0       0       0       0
Total ram usage:        1 bytes
 Hardware stack levels used:    1
 Hardware stack levels required when called:    1
 This function calls:
		_I2C_Wait
 This function is called by:
		_main
 This function uses a non-reentrant model


 *************** function _I2C_RepeatedStart *****************
 Defined at:
		line 223 in file "D:\From old laptop\Subjects\Uni\3rd Year M\2nd sem\Embedded Systems\Practical Activities\Practical Activity #7\To Submit\LE7-3.c"
 Parameters:    Size  Location     Type
		None
 Auto vars:     Size  Location     Type
		None
 Return value:  Size  Location     Type
		None               void
 Registers used:
		wreg, status,2, status,0, pclath, cstack
 Tracked objects:
		On entry : 
		On exit  : 
		Unchanged: 
 Data sizes:     COMMON   BANK0   BANK1   BANK3   BANK2
      Params:         0       0       0       0       0
      Locals:         0       0       0       0       0
      Temps:          0       0       0       0       0
      Totals:         0       0       0       0       0
Total ram usage:        0 bytes
 Hardware stack levels used:    1
 Hardware stack levels required when called:    1
 This function calls:
		_I2C_Wait
 This function is called by:
		_main
 This function uses a non-reentrant model


 *************** function _I2C_Receive *****************
 Defined at:
		line 237 in file "D:\From old laptop\Subjects\Uni\3rd Year M\2nd sem\Embedded Systems\Practical Activities\Practical Activity #7\To Submit\LE7-3.c"
 Parameters:    Size  Location     Type
  ack             1    wreg     unsigned char 
 Auto vars:     Size  Location     Type
  ack             1    1[COMMON] unsigned char 
  temp            1    2[COMMON] unsigned char 
 Return value:  Size  Location     Type
                  1    wreg      unsigned char 
 Registers used:
		wreg, status,2, status,0, pclath, cstack
 Tracked objects:
		On entry : 
		On exit  : 
		Unchanged: 
 Data sizes:     COMMON   BANK0   BANK1   BANK3   BANK2
      Params:         0       0       0       0       0
      Locals:         2       0       0       0       0
      Temps:          1       0       0       0       0
      Totals:         3       0       0       0       0
Total ram usage:        3 bytes
 Hardware stack levels used:    1
 Hardware stack levels required when called:    1
 This function calls:
		_I2C_Wait
 This function is called by:
		_main
 This function uses a non-reentrant model


 *************** function _I2C_Wait *****************
 Defined at:
		line 203 in file "D:\From old laptop\Subjects\Uni\3rd Year M\2nd sem\Embedded Systems\Practical Activities\Practical Activity #7\To Submit\LE7-3.c"
 Parameters:    Size  Location     Type
		None
 Auto vars:     Size  Location     Type
		None
 Return value:  Size  Location     Type
		None               void
 Registers used:
		wreg, status,2
 Tracked objects:
		On entry : 
		On exit  : 
		Unchanged: 
 Data sizes:     COMMON   BANK0   BANK1   BANK3   BANK2
      Params:         0       0       0       0       0
      Locals:         0       0       0       0       0
      Temps:          0       0       0       0       0
      Totals:         0       0       0       0       0
Total ram usage:        0 bytes
 Hardware stack levels used:    1
 This function calls:
		Nothing
 This function is called by:
		_I2C_Start
		_I2C_Stop
		_I2C_RepeatedStart
		_I2C_Send
		_I2C_Receive
 This function uses a non-reentrant model



MODULE INFORMATION

Module		Function		Class		Link	Load	Size
C:\Program Files (x86)\Microchip\xc8\v1.33\sources\common\ftneg.c
		___ftneg       		CODE           	1995	0000	8

C:\Program Files (x86)\Microchip\xc8\v1.33\sources\common\ftneg.c estimated size: 8

C:\Program Files (x86)\Microchip\xc8\v1.33\sources\common\ftge.c
		___ftge        		CODE           	1BC4	0000	93

C:\Program Files (x86)\Microchip\xc8\v1.33\sources\common\ftge.c estimated size: 93

C:\Program Files (x86)\Microchip\xc8\v1.33\sources\common\doprnt.c
		_scale         		CODE           	0D61	0000	671
		_sprintf       		CODE           	00E0	0000	1811
		_fround        		CODE           	1664	0000	412

C:\Program Files (x86)\Microchip\xc8\v1.33\sources\common\doprnt.c estimated size: 2894

C:\Program Files (x86)\Microchip\xc8\v1.33\sources\common\ftsub.c
		___ftsub       		CODE           	19F7	0000	28

C:\Program Files (x86)\Microchip\xc8\v1.33\sources\common\ftsub.c estimated size: 28

C:\Program Files (x86)\Microchip\xc8\v1.33\sources\common\float.c
		___ftpack      		CODE           	1CDC	0000	104

C:\Program Files (x86)\Microchip\xc8\v1.33\sources\common\float.c estimated size: 104

C:\Program Files (x86)\Microchip\xc8\v1.33\sources\common\evalpoly.c
		_eval_poly     		CODE           	1D44	0000	121

C:\Program Files (x86)\Microchip\xc8\v1.33\sources\common\evalpoly.c estimated size: 121

C:\Program Files (x86)\Microchip\xc8\v1.33\sources\common\ftdivl.c
		__tdiv_to_l_   		CODE           	1194	0000	195

C:\Program Files (x86)\Microchip\xc8\v1.33\sources\common\ftdivl.c estimated size: 195

C:\Program Files (x86)\Microchip\xc8\v1.33\sources\common\awmod.c
		___awmod       		CODE           	1B29	0000	77

C:\Program Files (x86)\Microchip\xc8\v1.33\sources\common\awmod.c estimated size: 77

C:\Program Files (x86)\Microchip\xc8\v1.33\sources\common\log.c
		_log           		CODE           	131E	0000	208

C:\Program Files (x86)\Microchip\xc8\v1.33\sources\common\log.c estimated size: 208

C:\Program Files (x86)\Microchip\xc8\v1.33\sources\common\Umul16.c
		___wmul        		CODE           	1A33	0000	35

C:\Program Files (x86)\Microchip\xc8\v1.33\sources\common\Umul16.c estimated size: 35

C:\Program Files (x86)\Microchip\xc8\v1.33\sources\common\llmod.c
		___llmod       		CODE           	1B76	0000	78

C:\Program Files (x86)\Microchip\xc8\v1.33\sources\common\llmod.c estimated size: 78

C:\Program Files (x86)\Microchip\xc8\v1.33\sources\common\frexp.c
		_ldexp         		CODE           	1F67	0000	153
		_frexp         		CODE           	1AA7	0000	64

C:\Program Files (x86)\Microchip\xc8\v1.33\sources\common\frexp.c estimated size: 217

C:\Program Files (x86)\Microchip\xc8\v1.33\sources\common\pow.c
		_pow           		CODE           	1520	0000	324

C:\Program Files (x86)\Microchip\xc8\v1.33\sources\common\pow.c estimated size: 324

C:\Program Files (x86)\Microchip\xc8\v1.33\sources\common\floor.c
		_floor         		CODE           	1ECE	0000	153

C:\Program Files (x86)\Microchip\xc8\v1.33\sources\common\floor.c estimated size: 153

C:\Program Files (x86)\Microchip\xc8\v1.33\sources\common\ftmul.c
		___ftmul       		CODE           	000D	0000	211

C:\Program Files (x86)\Microchip\xc8\v1.33\sources\common\ftmul.c estimated size: 211

D:\From old laptop\Subjects\Uni\3rd Year M\2nd sem\Embedded Systems\Practical Activities\Practical Activity #7\To Submit\LE7-3.c
		_I2C_RepeatedSt		CODE           	1978	0000	7
		_main          		CODE           	0AFD	0000	612
		_instCtrl      		CODE           	19BE	0000	18
		_dataCtrl      		CODE           	19AC	0000	18
		_dispT         		CODE           	1257	0000	199
		_init_I2C_Maste		CODE           	199D	0000	15
		_I2C_Stop      		CODE           	1986	0000	7
		_I2C_Wait      		CODE           	198D	0000	8
		_I2C_Send      		CODE           	0004	0000	9
		_delay_ms      		CODE           	0800	0000	40
		_dispRH        		CODE           	1DBD	0000	131
		_I2C_Start     		CODE           	197F	0000	7
		_initLCD       		CODE           	1A13	0000	32
		_I2C_Receive   		CODE           	1A56	0000	38

D:\From old laptop\Subjects\Uni\3rd Year M\2nd sem\Embedded Systems\Practical Activities\Practical Activity #7\To Submit\LE7-3.c estimated size: 1141

C:\Program Files (x86)\Microchip\xc8\v1.33\sources\common\fldivl.c
		__div_to_l_    		CODE           	13EE	0000	306

C:\Program Files (x86)\Microchip\xc8\v1.33\sources\common\fldivl.c estimated size: 306

C:\Program Files (x86)\Microchip\xc8\v1.33\sources\common\awdiv.c
		___awdiv       		CODE           	1C21	0000	93

C:\Program Files (x86)\Microchip\xc8\v1.33\sources\common\awdiv.c estimated size: 93

C:\Program Files (x86)\Microchip\xc8\v1.33\sources\common\lldiv.c
		___lldiv       		CODE           	1C7E	0000	94

C:\Program Files (x86)\Microchip\xc8\v1.33\sources\common\lldiv.c estimated size: 94

shared
		exp@coeff      		STRING         	107C	0000	30
		__stringtab    		STRING         	1000	0000	6
		__stringdata   		STRING         	10B5	0000	6
		__powers_      		STRING         	1055	0000	39
		_dpowers       		STRING         	1006	0000	40
		__npowers_     		STRING         	102E	0000	39
		__initializatio		CODE           	07F3	0000	9
		log@coeff      		STRING         	109A	0000	27

shared estimated size: 196

C:\Program Files (x86)\Microchip\xc8\v1.33\sources\common\Umul8.c
		___bmul        		CODE           	19D0	0000	19

C:\Program Files (x86)\Microchip\xc8\v1.33\sources\common\Umul8.c estimated size: 19

C:\Program Files (x86)\Microchip\xc8\v1.33\sources\common\awtoft.c
		___awtoft      		CODE           	10BB	0000	33

C:\Program Files (x86)\Microchip\xc8\v1.33\sources\common\awtoft.c estimated size: 33

C:\Program Files (x86)\Microchip\xc8\v1.33\sources\common\fttol.c
		___fttol       		CODE           	1E40	0000	142

C:\Program Files (x86)\Microchip\xc8\v1.33\sources\common\fttol.c estimated size: 142

C:\Program Files (x86)\Microchip\xc8\v1.33\sources\common\altoft.c
		___altoft      		CODE           	1AE7	0000	66

C:\Program Files (x86)\Microchip\xc8\v1.33\sources\common\altoft.c estimated size: 66

C:\Program Files (x86)\Microchip\xc8\v1.33\sources\common\ftadd.c
		___ftadd       		CODE           	0828	0000	265

C:\Program Files (x86)\Microchip\xc8\v1.33\sources\common\ftadd.c estimated size: 265

C:\Program Files (x86)\Microchip\xc8\v1.33\sources\pic\ftdiv.c
		___ftdiv       		CODE           	10DC	0000	184

C:\Program Files (x86)\Microchip\xc8\v1.33\sources\pic\ftdiv.c estimated size: 184

C:\Program Files (x86)\Microchip\xc8\v1.33\sources\common\lwtoft.c
		___lwtoft      		CODE           	19E3	0000	20

C:\Program Files (x86)\Microchip\xc8\v1.33\sources\common\lwtoft.c estimated size: 20

C:\Program Files (x86)\Microchip\xc8\v1.33\sources\common\lltoft.c
		___lltoft      		CODE           	1A7C	0000	43

C:\Program Files (x86)\Microchip\xc8\v1.33\sources\common\lltoft.c estimated size: 43

C:\Program Files (x86)\Microchip\xc8\v1.33\sources\common\exp.c
		_exp           		CODE           	0931	0000	460

C:\Program Files (x86)\Microchip\xc8\v1.33\sources\common\exp.c estimated size: 460

