Microchip MPLAB XC8 Compiler V1.33 ()

Linker command line:

--edf=C:\Program Files (x86)\Microchip\xc8\v1.33\dat\en_msgs.txt -cs \
  -h+CPE 3201-LE7.sym --cmf=CPE 3201-LE7.cmf -z -Q16F877A \
  -oC:\Users\MAYOCH~1\AppData\Local\Temp\s11tg.6 -MCPE 3201-LE7.map -E1 \
  -ver=XC8 -ASTACK=0110h-016fh -pstack=STACK -ACONST=00h-0FFhx32 \
  -ACODE=00h-07FFhx4 -ASTRCODE=00h-01FFFh -AENTRY=00h-0FFhx32 \
  -ASTRING=00h-0FFhx32 -ACOMMON=070h-07Fh -ABANK0=020h-06Fh \
  -ABANK1=0A0h-0EFh -ABANK2=0110h-016Fh -ABANK3=0190h-01EFh \
  -ARAM=020h-06Fh,0A0h-0EFh,0110h-016Fh,0190h-01EFh \
  -AABS1=020h-07Fh,0A0h-0EFh,0110h-016Fh,0190h-01EFh -ASFR0=00h-01Fh \
  -ASFR1=080h-09Fh -ASFR2=0100h-010Fh -ASFR3=0180h-018Fh \
  -preset_vec=00h,intentry,init,end_init -ppowerup=CODE -pcinit=CODE \
  -pfunctab=CODE -ACONFIG=02007h-02007h -pconfig=CONFIG -DCONFIG=2 \
  -AIDLOC=02000h-02003h -pidloc=IDLOC -DIDLOC=2 -AEEDATA=00h-0FFh/02100h \
  -peeprom_data=EEDATA -DEEDATA=2 -DCODE=2 -DSTRCODE=2 -DSTRING=2 -DCONST=2 \
  -DENTRY=2 -k startup.obj CPE 3201-LE7.obj 

Object code version is 3.11

Machine type is 16F877A



                Name                               Link     Load   Length Selector   Space Scale
startup.obj     end_init                              0        0        3        0       0
                config                             2007     2007        1     400E       0
CPE 3201-LE7.obj
                cinit                               7F0      7F0       10      FE0       0
                text24                              F75      F75        8     1EEA       0
                text23                               68       68       26       D0       0
                text22                              F60      F60        7     1EC0       0
                text21                              F7D      F7D        9     1EFA       0
                text20                              F67      F67        7     1ECE       0
                text19                              F6E      F6E        7     1EDC       0
                text18                              1E4      1E4       68      3C8       0
                text17                              463      463      107      8C6       0
                text16                              2D8      2D8       B8      5B0       0
                text15                              187      187       5D      30E       0
                text14                              390      390       D3      720       0
                text13                              24C      24C       8C      498       0
                text12                              149      149       3E      292       0
                text11                              115      115       34      22A       0
                text10                               31       31       14       62       0
                text9                                B7       B7       2F      16E       0
                text8                                E6       E6       2F      1CC       0
                text7                               F95      F95       13     1F2A       0
                text6                               FBB      FBB       22     1F76       0
                text5                               FA8      FA8       13     1F50       0
                text4                               FDD      FDD       23     1FBA       0
                text3                                45       45       23       8A       0
                text2                                8E       8E       29      11C       0
                text1                               F86      F86        F     1F0C       0
                maintext                            56A      56A      286      AD4       0
                cstackBANK0                          20       20       2D       20       1
                cstackCOMMON                         70       70        E       70       1
                bssBANK0                             4D       4D        C       20       1
                strings                               3        3       28        6       0

TOTAL           Name                               Link     Load   Length     Space
        CLASS   STACK          

        CLASS   CONST          

        CLASS   CODE           
                end_init                              0        0        3         0
                cinit                               7F0      7F0       10         0
                text24                              F75      F75        8         0
                text23                               68       68       26         0
                text22                              F60      F60        7         0
                text21                              F7D      F7D        9         0
                text20                              F67      F67        7         0
                text19                              F6E      F6E        7         0
                text18                              1E4      1E4       68         0
                text17                              463      463      107         0
                text16                              2D8      2D8       B8         0
                text15                              187      187       5D         0
                text14                              390      390       D3         0
                text13                              24C      24C       8C         0
                text12                              149      149       3E         0
                text11                              115      115       34         0
                text10                               31       31       14         0
                text9                                B7       B7       2F         0
                text8                                E6       E6       2F         0
                text7                               F95      F95       13         0
                text6                               FBB      FBB       22         0
                text5                               FA8      FA8       13         0
                text4                               FDD      FDD       23         0
                text3                                45       45       23         0
                text2                                8E       8E       29         0
                text1                               F86      F86        F         0
                maintext                            56A      56A      286         0

        CLASS   STRCODE        

        CLASS   ENTRY          

        CLASS   STRING         
                strings                               3        3       28         0

        CLASS   COMMON         
                cstackCOMMON                         70       70        E         1

        CLASS   BANK0          
                cstackBANK0                          20       20       2D         1
                bssBANK0                             4D       4D        C         1

        CLASS   BANK1          

        CLASS   BANK2          

        CLASS   BANK3          

        CLASS   RAM            

        CLASS   ABS1           
                abs_s1                               7E       7E        2         1

        CLASS   SFR0           

        CLASS   SFR1           

        CLASS   SFR2           

        CLASS   SFR3           

        CLASS   CONFIG         
                config                             2007     2007        1         0

        CLASS   IDLOC          

        CLASS   EEDATA         



SEGMENTS        Name                           Load    Length   Top    Selector   Space  Class     Delta

                reset_vec                      000000  000003  000003         0       0  CODE        2
                strings                        000003  000028  00002B         6       0  STRING      2
                cstackBANK0                    000020  000039  000059        20       1  BANK0       1
                text10                         000031  000014  000045        62       0  CODE        2
                cstackCOMMON                   000070  00000E  00007E        70       1  COMMON      1
                text3                          000045  000023  000068        8A       0  CODE        2
                text23                         000068  000026  00008E        D0       0  CODE        2
                text2                          00008E  000029  0000B7       11C       0  CODE        2
                text9                          0000B7  00002F  0000E6       16E       0  CODE        2
                text8                          0000E6  00002F  000115       1CC       0  CODE        2
                text11                         000115  000034  000149       22A       0  CODE        2
                text12                         000149  00003E  000187       292       0  CODE        2
                text15                         000187  00005D  0001E4       30E       0  CODE        2
                text18                         0001E4  000068  00024C       3C8       0  CODE        2
                text13                         00024C  00008C  0002D8       498       0  CODE        2
                text16                         0002D8  0000B8  000390       5B0       0  CODE        2
                text14                         000390  0000D3  000463       720       0  CODE        2
                text17                         000463  000107  00056A       8C6       0  CODE        2
                maintext                       00056A  000286  0007F0       AD4       0  CODE        2
                cinit                          0007F0  000010  000800       FE0       0  CODE        2
                text22                         000F60  000007  000F67      1EC0       0  CODE        2
                text20                         000F67  000007  000F6E      1ECE       0  CODE        2
                text19                         000F6E  000007  000F75      1EDC       0  CODE        2
                text24                         000F75  000008  000F7D      1EEA       0  CODE        2
                text21                         000F7D  000009  000F86      1EFA       0  CODE        2
                text1                          000F86  00000F  000F95      1F0C       0  CODE        2
                text7                          000F95  000013  000FA8      1F2A       0  CODE        2
                text5                          000FA8  000013  000FBB      1F50       0  CODE        2
                text6                          000FBB  000022  000FDD      1F76       0  CODE        2
                text4                          000FDD  000023  001000      1FBA       0  CODE        2
                config                         002007  000001  002008      400E       0  CONFIG      2


UNUSED ADDRESS RANGES

        Name                Unused          Largest block    Delta
        BANK0            0059-006F             17           1
        BANK1            00A0-00EF             50           1
        BANK2            0110-016F             60           1
        BANK3            0190-01EF             60           1
        CODE             002B-0030              6           2
                         0800-0F5F            760
                         1000-1FFF            800
        CONST            002B-0030              6           2
                         0800-0F5F            100
                         1000-1FFF            100
        EEDATA           2100-21FF            100           2
        ENTRY            002B-0030              6           2
                         0800-0F5F            100
                         1000-1FFF            100
        IDLOC            2000-2003              4           2
        RAM              0059-006F             17           1
                         00A0-00EF             50
                         0110-016F             60
                         0190-01EF             60
        SFR0             0000-001F             20           1
        SFR1             0080-009F             20           1
        SFR2             0100-010F             10           1
        SFR3             0180-018F             10           1
        STACK            0110-016F             60           1
        STRCODE          002B-0030              6           2
                         0800-0F5F            760
                         1000-1FFF           1000
        STRING           002B-0030              6           2
                         0800-0F5F            100
                         1000-1FFF            100

                                  Symbol Table

?___ftadd                   cstackCOMMON 0078
?___ftdiv                   cstackBANK0  0020
?___ftmul                   cstackBANK0  0030
?___ftpack                  cstackCOMMON 0070
?___fttol                   cstackCOMMON 0070
?___lwdiv                   cstackCOMMON 0070
?___lwmod                   cstackCOMMON 0070
?___lwtoft                  cstackCOMMON 0078
I2C_Receive@ack             cstackCOMMON 0071
I2C_Receive@temp            cstackCOMMON 0072
I2C_Send@data               cstackCOMMON 0070
_ACKDT                      (abs)        048D
_ACKEN                      (abs)        048C
_I2C_Receive                text23       0068
_I2C_RepeatedStart          text22       0F60
_I2C_Send                   text21       0F7D
_I2C_Start                  text20       0F67
_I2C_Stop                   text19       0F6E
_I2C_Wait                   text24       0F75
_PEN                        (abs)        048A
_PORTB                      (abs)        0006
_RCEN                       (abs)        048B
_RD0                        (abs)        0040
_RD1                        (abs)        0041
_RD2                        (abs)        0042
_RH                         bssBANK0     004D
_RH_ones                    bssBANK0     004F
_RH_tens                    bssBANK0     0051
_RSEN                       (abs)        0489
_SEN                        (abs)        0488
_SSPADD                     (abs)        0093
_SSPBUF                     (abs)        0013
_SSPCON                     (abs)        0014
_SSPCON2                    (abs)        0091
_SSPSTAT                    (abs)        0094
_T                          bssBANK0     0053
_TRISB                      (abs)        0086
_TRISC3                     (abs)        043B
_TRISC4                     (abs)        043C
_TRISD                      (abs)        0088
_Temp_ones                  bssBANK0     0055
_Temp_tens                  bssBANK0     0057
__CFG_BOREN$ON              (abs)        0000
__CFG_CP$OFF                (abs)        0000
__CFG_CPD$OFF               (abs)        0000
__CFG_FOSC$XT               (abs)        0000
__CFG_LVP$OFF               (abs)        0000
__CFG_PWRTE$ON              (abs)        0000
__CFG_WDTE$OFF              (abs)        0000
__CFG_WRT$OFF               (abs)        0000
__Habs1                     abs1         0000
__Hbank0                    bank0        0000
__Hbank1                    bank1        0000
__Hbank2                    bank2        0000
__Hbank3                    bank3        0000
__HbssBANK0                 bssBANK0     0000
__Hcinit                    cinit        0800
__Hclrtext                  clrtext      0000
__Hcode                     code         0000
__Hcommon                   common       0000
__Hconfig                   config       2008
__HcstackBANK0              cstackBANK0  0000
__HcstackCOMMON             cstackCOMMON 0000
__Heeprom_data              eeprom_data  0000
__Hend_init                 end_init     0003
__Hfunctab                  functab      0000
__Hidloc                    idloc        0000
__Hinit                     init         0000
__Hintentry                 intentry     0000
__Hmaintext                 maintext     0000
__Hpowerup                  powerup      0000
__Hram                      ram          0000
__Hreset_vec                reset_vec    0000
__Hsfr0                     sfr0         0000
__Hsfr1                     sfr1         0000
__Hsfr2                     sfr2         0000
__Hsfr3                     sfr3         0000
__Hspace_0                  (abs)        2008
__Hspace_1                  (abs)        007E
__Hspace_2                  (abs)        0000
__Hspace_3                  (abs)        0000
__Hstack                    stack        0000
__Hstrings                  strings      0000
__Htext                     text         0000
__Labs1                     abs1         0000
__Lbank0                    bank0        0000
__Lbank1                    bank1        0000
__Lbank2                    bank2        0000
__Lbank3                    bank3        0000
__LbssBANK0                 bssBANK0     0000
__Lcinit                    cinit        07F0
__Lclrtext                  clrtext      0000
__Lcode                     code         0000
__Lcommon                   common       0000
__Lconfig                   config       2007
__LcstackBANK0              cstackBANK0  0000
__LcstackCOMMON             cstackCOMMON 0000
__Leeprom_data              eeprom_data  0000
__Lend_init                 end_init     0000
__Lfunctab                  functab      0000
__Lidloc                    idloc        0000
__Linit                     init         0000
__Lintentry                 intentry     0000
__Lmaintext                 maintext     0000
__Lpowerup                  powerup      0000
__Lram                      ram          0000
__Lreset_vec                reset_vec    0000
__Lsfr0                     sfr0         0000
__Lsfr1                     sfr1         0000
__Lsfr2                     sfr2         0000
__Lsfr3                     sfr3         0000
__Lspace_0                  (abs)        0000
__Lspace_1                  (abs)        0000
__Lspace_2                  (abs)        0000
__Lspace_3                  (abs)        0000
__Lstack                    stack        0000
__Lstrings                  strings      0000
__Ltext                     text         0000
__S0                        (abs)        2008
__S1                        (abs)        007E
__S2                        (abs)        0000
__S3                        (abs)        0000
___ftadd                    text17       0463
___ftadd@exp1               cstackBANK0  0026
___ftadd@exp2               cstackBANK0  0025
___ftadd@f1                 cstackCOMMON 0078
___ftadd@f2                 cstackCOMMON 007B
___ftadd@sign               cstackBANK0  0024
___ftdiv                    text16       02D8
___ftdiv@cntr               cstackBANK0  002A
___ftdiv@exp                cstackBANK0  002E
___ftdiv@f1                 cstackBANK0  0023
___ftdiv@f2                 cstackBANK0  0020
___ftdiv@f3                 cstackBANK0  002B
___ftdiv@sign               cstackBANK0  002F
___ftge                     text15       0187
___ftge@ff1                 cstackCOMMON 0070
___ftge@ff2                 cstackCOMMON 0073
___ftmul                    text14       0390
___ftmul@cntr               cstackBANK0  003E
___ftmul@exp                cstackBANK0  003A
___ftmul@f1                 cstackBANK0  0030
___ftmul@f2                 cstackBANK0  0033
___ftmul@f3_as_product      cstackBANK0  003B
___ftmul@sign               cstackBANK0  003F
___ftpack                   text18       01E4
___ftpack@arg               cstackCOMMON 0070
___ftpack@exp               cstackCOMMON 0073
___ftpack@sign              cstackCOMMON 0074
___fttol                    text13       024C
___fttol@exp1               cstackCOMMON 007D
___fttol@f1                 cstackCOMMON 0070
___fttol@lval               cstackCOMMON 0079
___fttol@sign1              cstackCOMMON 0078
___int_sp                   stack        0000
___latbits                  (abs)        0002
___lwdiv                    text12       0149
___lwdiv@counter            cstackCOMMON 0077
___lwdiv@dividend           cstackCOMMON 0072
___lwdiv@divisor            cstackCOMMON 0070
___lwdiv@quotient           cstackCOMMON 0075
___lwmod                    text11       0115
___lwmod@counter            cstackCOMMON 0075
___lwmod@dividend           cstackCOMMON 0072
___lwmod@divisor            cstackCOMMON 0070
___lwtoft                   text10       0031
___lwtoft@c                 cstackCOMMON 0078
___sp                       stack        0000
__end_of_I2C_Receive        text23       008E
__end_of_I2C_RepeatedStart  text22       0F67
__end_of_I2C_Send           text21       0F86
__end_of_I2C_Start          text20       0F6E
__end_of_I2C_Stop           text19       0F75
__end_of_I2C_Wait           text24       0F7D
__end_of___ftadd            text17       056A
__end_of___ftdiv            text16       0390
__end_of___ftge             text15       01E4
__end_of___ftmul            text14       0463
__end_of___ftpack           text18       024C
__end_of___fttol            text13       02D8
__end_of___lwdiv            text12       0187
__end_of___lwmod            text11       0149
__end_of___lwtoft           text10       0045
__end_of__initialization    cinit        07FC
__end_of__stringdata        strings      002B
__end_of__stringtab         strings      0009
__end_of_dataCtrl           text7        0FA8
__end_of_delay              text9        00E6
__end_of_delayLCD           text8        0115
__end_of_display            text6        0FDD
__end_of_displayHumidity    text4        1000
__end_of_displayTemp        text3        0068
__end_of_initLCD            text2        00B7
__end_of_init_I2C_Master    text1        0F95
__end_of_instCtrl           text5        0FBB
__end_of_main               maintext     07F0
__initialization            cinit        07F0
__pbssBANK0                 bssBANK0     004D
__pcstackBANK0              cstackBANK0  0020
__pcstackCOMMON             cstackCOMMON 0070
__pmaintext                 maintext     056A
__pstrings                  strings      0003
__ptext1                    text1        0F86
__ptext10                   text10       0031
__ptext11                   text11       0115
__ptext12                   text12       0149
__ptext13                   text13       024C
__ptext14                   text14       0390
__ptext15                   text15       0187
__ptext16                   text16       02D8
__ptext17                   text17       0463
__ptext18                   text18       01E4
__ptext19                   text19       0F6E
__ptext2                    text2        008E
__ptext20                   text20       0F67
__ptext21                   text21       0F7D
__ptext22                   text22       0F60
__ptext23                   text23       0068
__ptext24                   text24       0F75
__ptext3                    text3        0045
__ptext4                    text4        0FDD
__ptext5                    text5        0FA8
__ptext6                    text6        0FBB
__ptext7                    text7        0F95
__ptext8                    text8        00E6
__ptext9                    text9        00B7
__size_of_I2C_Receive       (abs)        0000
__size_of_I2C_RepeatedStart (abs)        0000
__size_of_I2C_Send          (abs)        0000
__size_of_I2C_Start         (abs)        0000
__size_of_I2C_Stop          (abs)        0000
__size_of_I2C_Wait          (abs)        0000
__size_of___ftadd           (abs)        0000
__size_of___ftdiv           (abs)        0000
__size_of___ftge            (abs)        0000
__size_of___ftmul           (abs)        0000
__size_of___ftpack          (abs)        0000
__size_of___fttol           (abs)        0000
__size_of___lwdiv           (abs)        0000
__size_of___lwmod           (abs)        0000
__size_of___lwtoft          (abs)        0000
__size_of_dataCtrl          (abs)        0000
__size_of_delay             (abs)        0000
__size_of_delayLCD          (abs)        0000
__size_of_display           (abs)        0000
__size_of_displayHumidity   (abs)        0000
__size_of_displayTemp       (abs)        0000
__size_of_initLCD           (abs)        0000
__size_of_init_I2C_Master   (abs)        0000
__size_of_instCtrl          (abs)        0000
__size_of_main              (abs)        0000
__stringbase                strings      0008
__stringdata                strings      0009
__stringtab                 strings      0003
_dataCtrl                   text7        0F95
_delay                      text9        00B7
_delayLCD                   text8        00E6
_display                    text6        0FBB
_displayHumidity            text4        0FDD
_displayTemp                text3        0045
_initLCD                    text2        008E
_init_I2C_Master            text1        0F86
_instCtrl                   text5        0FA8
_main                       maintext     056A
btemp                       (abs)        007E
dataCtrl@DATA               cstackCOMMON 0076
delay@MUL                   cstackCOMMON 0070
delay@i                     cstackCOMMON 0072
delay@j                     cstackCOMMON 0074
delayLCD@MUL                cstackCOMMON 0070
delayLCD@i                  cstackCOMMON 0072
delayLCD@j                  cstackCOMMON 0074
display@i                   cstackCOMMON 0077
display@input               cstackCOMMON 0079
end_of_initialization       cinit        07FC
instCtrl@INST               cstackCOMMON 0076
intlevel0                   functab      0000
intlevel1                   functab      0000
intlevel2                   functab      0000
intlevel3                   functab      0000
intlevel4                   functab      0000
intlevel5                   functab      0000
ltemp                       (abs)        007E
ltemp0                      (abs)        007E
ltemp1                      (abs)        0082
ltemp2                      (abs)        0086
ltemp3                      (abs)        0080
main@RH_temp                cstackBANK0  0048
main@T_temp                 cstackBANK0  004A
main@rh                     cstackBANK0  0042
main@t                      cstackBANK0  0045
main@temp                   cstackBANK0  004C
reset_vec                   reset_vec    0000
stackhi                     (abs)        0000
stacklo                     (abs)        0000
start                       init         0000
start_initialization        cinit        07F0
ttemp                       (abs)        007E
ttemp0                      (abs)        007E
ttemp1                      (abs)        0081
ttemp2                      (abs)        0084
ttemp3                      (abs)        0087
ttemp4                      (abs)        007F
wtemp                       (abs)        007E
wtemp0                      (abs)        007E
wtemp1                      (abs)        0080
wtemp2                      (abs)        0082
wtemp3                      (abs)        0084
wtemp4                      (abs)        0086
wtemp5                      (abs)        0088
wtemp6                      (abs)        007F


FUNCTION INFORMATION:

 *************** function _main *****************
 Defined at:
		line 146 in file "D:\From old laptop\Subjects\Uni\3rd Year M\2nd sem\Embedded Systems\Practical Activities\Practical Activity #7\To Submit\LE7-3.c"
 Parameters:    Size  Location     Type
		None
 Auto vars:     Size  Location     Type
  t               3   37[BANK0 ] float 
  rh              3   34[BANK0 ] float 
  T_temp          2   42[BANK0 ] unsigned int 
  RH_temp         2   40[BANK0 ] unsigned int 
  temp            1   44[BANK0 ] unsigned char 
 Return value:  Size  Location     Type
		None               void
 Registers used:
		wreg, fsr0l, fsr0h, status,2, status,0, btemp+1, pclath, cstack
 Tracked objects:
		On entry : 
		On exit  : 
		Unchanged: 
 Data sizes:     COMMON   BANK0   BANK1   BANK3   BANK2
      Params:         0       0       0       0       0
      Locals:         0      11       0       0       0
      Temps:          0       2       0       0       0
      Totals:         0      13       0       0       0
Total ram usage:       13 bytes
 Hardware stack levels required when called:    4
 This function calls:
		_I2C_Receive
		_I2C_RepeatedStart
		_I2C_Send
		_I2C_Start
		_I2C_Stop
		___ftadd
		___ftdiv
		___ftge
		___ftmul
		___fttol
		___lwdiv
		___lwmod
		___lwtoft
		_delay
		_displayHumidity
		_displayTemp
		_initLCD
		_init_I2C_Master
 This function is called by:
		Startup code after reset
 This function uses a non-reentrant model


 *************** function _init_I2C_Master *****************
 Defined at:
		line 58 in file "D:\From old laptop\Subjects\Uni\3rd Year M\2nd sem\Embedded Systems\Practical Activities\Practical Activity #7\To Submit\LE7-3.c"
 Parameters:    Size  Location     Type
		None
 Auto vars:     Size  Location     Type
		None
 Return value:  Size  Location     Type
		None               void
 Registers used:
		wreg, status,2
 Tracked objects:
		On entry : 
		On exit  : 
		Unchanged: 
 Data sizes:     COMMON   BANK0   BANK1   BANK3   BANK2
      Params:         0       0       0       0       0
      Locals:         0       0       0       0       0
      Temps:          0       0       0       0       0
      Totals:         0       0       0       0       0
Total ram usage:        0 bytes
 Hardware stack levels used:    1
 This function calls:
		Nothing
 This function is called by:
		_main
 This function uses a non-reentrant model


 *************** function _initLCD *****************
 Defined at:
		line 42 in file "D:\From old laptop\Subjects\Uni\3rd Year M\2nd sem\Embedded Systems\Practical Activities\Practical Activity #7\To Submit\LE7-3.c"
 Parameters:    Size  Location     Type
		None
 Auto vars:     Size  Location     Type
		None
 Return value:  Size  Location     Type
		None               void
 Registers used:
		wreg, status,2, status,0, btemp+1, pclath, cstack
 Tracked objects:
		On entry : 
		On exit  : 
		Unchanged: 
 Data sizes:     COMMON   BANK0   BANK1   BANK3   BANK2
      Params:         0       0       0       0       0
      Locals:         0       0       0       0       0
      Temps:          0       0       0       0       0
      Totals:         0       0       0       0       0
Total ram usage:        0 bytes
 Hardware stack levels used:    1
 Hardware stack levels required when called:    2
 This function calls:
		_delayLCD
		_instCtrl
 This function is called by:
		_main
 This function uses a non-reentrant model


 *************** function _displayTemp *****************
 Defined at:
		line 137 in file "D:\From old laptop\Subjects\Uni\3rd Year M\2nd sem\Embedded Systems\Practical Activities\Practical Activity #7\To Submit\LE7-3.c"
 Parameters:    Size  Location     Type
		None
 Auto vars:     Size  Location     Type
		None
 Return value:  Size  Location     Type
		None               void
 Registers used:
		wreg, fsr0l, fsr0h, status,2, status,0, btemp+1, pclath, cstack
 Tracked objects:
		On entry : 
		On exit  : 
		Unchanged: 
 Data sizes:     COMMON   BANK0   BANK1   BANK3   BANK2
      Params:         0       0       0       0       0
      Locals:         0       0       0       0       0
      Temps:          0       0       0       0       0
      Totals:         0       0       0       0       0
Total ram usage:        0 bytes
 Hardware stack levels used:    1
 Hardware stack levels required when called:    3
 This function calls:
		_dataCtrl
		_display
		_instCtrl
 This function is called by:
		_main
 This function uses a non-reentrant model


 *************** function _displayHumidity *****************
 Defined at:
		line 129 in file "D:\From old laptop\Subjects\Uni\3rd Year M\2nd sem\Embedded Systems\Practical Activities\Practical Activity #7\To Submit\LE7-3.c"
 Parameters:    Size  Location     Type
		None
 Auto vars:     Size  Location     Type
		None
 Return value:  Size  Location     Type
		None               void
 Registers used:
		wreg, fsr0l, fsr0h, status,2, status,0, btemp+1, pclath, cstack
 Tracked objects:
		On entry : 
		On exit  : 
		Unchanged: 
 Data sizes:     COMMON   BANK0   BANK1   BANK3   BANK2
      Params:         0       0       0       0       0
      Locals:         0       0       0       0       0
      Temps:          0       0       0       0       0
      Totals:         0       0       0       0       0
Total ram usage:        0 bytes
 Hardware stack levels used:    1
 Hardware stack levels required when called:    3
 This function calls:
		_dataCtrl
		_display
		_instCtrl
 This function is called by:
		_main
 This function uses a non-reentrant model


 *************** function _instCtrl *****************
 Defined at:
		line 22 in file "D:\From old laptop\Subjects\Uni\3rd Year M\2nd sem\Embedded Systems\Practical Activities\Practical Activity #7\To Submit\LE7-3.c"
 Parameters:    Size  Location     Type
  INST            1    wreg     unsigned char 
 Auto vars:     Size  Location     Type
  INST            1    6[COMMON] unsigned char 
 Return value:  Size  Location     Type
		None               void
 Registers used:
		wreg, status,2, status,0, btemp+1, pclath, cstack
 Tracked objects:
		On entry : 
		On exit  : 
		Unchanged: 
 Data sizes:     COMMON   BANK0   BANK1   BANK3   BANK2
      Params:         0       0       0       0       0
      Locals:         1       0       0       0       0
      Temps:          0       0       0       0       0
      Totals:         1       0       0       0       0
Total ram usage:        1 bytes
 Hardware stack levels used:    1
 Hardware stack levels required when called:    1
 This function calls:
		_delayLCD
 This function is called by:
		_initLCD
		_displayHumidity
		_displayTemp
 This function uses a non-reentrant model


 *************** function _display *****************
 Defined at:
		line 51 in file "D:\From old laptop\Subjects\Uni\3rd Year M\2nd sem\Embedded Systems\Practical Activities\Practical Activity #7\To Submit\LE7-3.c"
 Parameters:    Size  Location     Type
  input           1    wreg     PTR const unsigned char 
		 -> STR_4(5), STR_3(14), STR_2(4), STR_1(11), 
 Auto vars:     Size  Location     Type
  input           1    9[COMMON] PTR const unsigned char 
		 -> STR_4(5), STR_3(14), STR_2(4), STR_1(11), 
  i               2    7[COMMON] int 
 Return value:  Size  Location     Type
		None               void
 Registers used:
		wreg, fsr0l, fsr0h, status,2, status,0, btemp+1, pclath, cstack
 Tracked objects:
		On entry : 
		On exit  : 
		Unchanged: 
 Data sizes:     COMMON   BANK0   BANK1   BANK3   BANK2
      Params:         0       0       0       0       0
      Locals:         3       0       0       0       0
      Temps:          0       0       0       0       0
      Totals:         3       0       0       0       0
Total ram usage:        3 bytes
 Hardware stack levels used:    1
 Hardware stack levels required when called:    2
 This function calls:
		_dataCtrl
 This function is called by:
		_displayHumidity
		_displayTemp
 This function uses a non-reentrant model


 *************** function _dataCtrl *****************
 Defined at:
		line 32 in file "D:\From old laptop\Subjects\Uni\3rd Year M\2nd sem\Embedded Systems\Practical Activities\Practical Activity #7\To Submit\LE7-3.c"
 Parameters:    Size  Location     Type
  DATA            1    wreg     unsigned char 
 Auto vars:     Size  Location     Type
  DATA            1    6[COMMON] unsigned char 
 Return value:  Size  Location     Type
		None               void
 Registers used:
		wreg, status,2, status,0, btemp+1, pclath, cstack
 Tracked objects:
		On entry : 
		On exit  : 
		Unchanged: 
 Data sizes:     COMMON   BANK0   BANK1   BANK3   BANK2
      Params:         0       0       0       0       0
      Locals:         1       0       0       0       0
      Temps:          0       0       0       0       0
      Totals:         1       0       0       0       0
Total ram usage:        1 bytes
 Hardware stack levels used:    1
 Hardware stack levels required when called:    1
 This function calls:
		_delayLCD
 This function is called by:
		_display
		_displayHumidity
		_displayTemp
 This function uses a non-reentrant model


 *************** function _delayLCD *****************
 Defined at:
		line 15 in file "D:\From old laptop\Subjects\Uni\3rd Year M\2nd sem\Embedded Systems\Practical Activities\Practical Activity #7\To Submit\LE7-3.c"
 Parameters:    Size  Location     Type
  MUL             2    0[COMMON] int 
 Auto vars:     Size  Location     Type
  j               2    4[COMMON] int 
  i               2    2[COMMON] int 
 Return value:  Size  Location     Type
		None               void
 Registers used:
		wreg, status,2, status,0, btemp+1
 Tracked objects:
		On entry : 
		On exit  : 
		Unchanged: 
 Data sizes:     COMMON   BANK0   BANK1   BANK3   BANK2
      Params:         2       0       0       0       0
      Locals:         4       0       0       0       0
      Temps:          0       0       0       0       0
      Totals:         6       0       0       0       0
Total ram usage:        6 bytes
 Hardware stack levels used:    1
 This function calls:
		Nothing
 This function is called by:
		_instCtrl
		_dataCtrl
		_initLCD
 This function uses a non-reentrant model


 *************** function _delay *****************
 Defined at:
		line 122 in file "D:\From old laptop\Subjects\Uni\3rd Year M\2nd sem\Embedded Systems\Practical Activities\Practical Activity #7\To Submit\LE7-3.c"
 Parameters:    Size  Location     Type
  MUL             2    0[COMMON] int 
 Auto vars:     Size  Location     Type
  j               2    4[COMMON] int 
  i               2    2[COMMON] int 
 Return value:  Size  Location     Type
		None               void
 Registers used:
		wreg, status,2, status,0, btemp+1
 Tracked objects:
		On entry : 
		On exit  : 
		Unchanged: 
 Data sizes:     COMMON   BANK0   BANK1   BANK3   BANK2
      Params:         2       0       0       0       0
      Locals:         4       0       0       0       0
      Temps:          0       0       0       0       0
      Totals:         6       0       0       0       0
Total ram usage:        6 bytes
 Hardware stack levels used:    1
 This function calls:
		Nothing
 This function is called by:
		_main
 This function uses a non-reentrant model


 *************** function ___lwtoft *****************
 Defined at:
		line 28 in file "C:\Program Files (x86)\Microchip\xc8\v1.33\sources\common\lwtoft.c"
 Parameters:    Size  Location     Type
  c               2    8[COMMON] unsigned int 
 Auto vars:     Size  Location     Type
		None
 Return value:  Size  Location     Type
                  3    8[COMMON] float 
 Registers used:
		wreg, status,2, status,0, pclath, cstack
 Tracked objects:
		On entry : 
		On exit  : 
		Unchanged: 
 Data sizes:     COMMON   BANK0   BANK1   BANK3   BANK2
      Params:         3       0       0       0       0
      Locals:         0       0       0       0       0
      Temps:          1       0       0       0       0
      Totals:         4       0       0       0       0
Total ram usage:        4 bytes
 Hardware stack levels used:    1
 Hardware stack levels required when called:    1
 This function calls:
		___ftpack
 This function is called by:
		_main
 This function uses a non-reentrant model


 *************** function ___lwmod *****************
 Defined at:
		line 6 in file "C:\Program Files (x86)\Microchip\xc8\v1.33\sources\common\lwmod.c"
 Parameters:    Size  Location     Type
  divisor         2    0[COMMON] unsigned int 
  dividend        2    2[COMMON] unsigned int 
 Auto vars:     Size  Location     Type
  counter         1    5[COMMON] unsigned char 
 Return value:  Size  Location     Type
                  2    0[COMMON] unsigned int 
 Registers used:
		wreg, status,2, status,0
 Tracked objects:
		On entry : 
		On exit  : 
		Unchanged: 
 Data sizes:     COMMON   BANK0   BANK1   BANK3   BANK2
      Params:         4       0       0       0       0
      Locals:         1       0       0       0       0
      Temps:          1       0       0       0       0
      Totals:         6       0       0       0       0
Total ram usage:        6 bytes
 Hardware stack levels used:    1
 This function calls:
		Nothing
 This function is called by:
		_main
 This function uses a non-reentrant model


 *************** function ___lwdiv *****************
 Defined at:
		line 6 in file "C:\Program Files (x86)\Microchip\xc8\v1.33\sources\common\lwdiv.c"
 Parameters:    Size  Location     Type
  divisor         2    0[COMMON] unsigned int 
  dividend        2    2[COMMON] unsigned int 
 Auto vars:     Size  Location     Type
  quotient        2    5[COMMON] unsigned int 
  counter         1    7[COMMON] unsigned char 
 Return value:  Size  Location     Type
                  2    0[COMMON] unsigned int 
 Registers used:
		wreg, status,2, status,0
 Tracked objects:
		On entry : 
		On exit  : 
		Unchanged: 
 Data sizes:     COMMON   BANK0   BANK1   BANK3   BANK2
      Params:         4       0       0       0       0
      Locals:         3       0       0       0       0
      Temps:          1       0       0       0       0
      Totals:         8       0       0       0       0
Total ram usage:        8 bytes
 Hardware stack levels used:    1
 This function calls:
		Nothing
 This function is called by:
		_main
 This function uses a non-reentrant model


 *************** function ___fttol *****************
 Defined at:
		line 44 in file "C:\Program Files (x86)\Microchip\xc8\v1.33\sources\common\fttol.c"
 Parameters:    Size  Location     Type
  f1              3    0[COMMON] float 
 Auto vars:     Size  Location     Type
  lval            4    9[COMMON] unsigned long 
  exp1            1   13[COMMON] unsigned char 
  sign1           1    8[COMMON] unsigned char 
 Return value:  Size  Location     Type
                  4    0[COMMON] long 
 Registers used:
		wreg, status,2, status,0
 Tracked objects:
		On entry : 
		On exit  : 
		Unchanged: 
 Data sizes:     COMMON   BANK0   BANK1   BANK3   BANK2
      Params:         4       0       0       0       0
      Locals:         6       0       0       0       0
      Temps:          4       0       0       0       0
      Totals:        14       0       0       0       0
Total ram usage:       14 bytes
 Hardware stack levels used:    1
 This function calls:
		Nothing
 This function is called by:
		_main
 This function uses a non-reentrant model


 *************** function ___ftmul *****************
 Defined at:
		line 62 in file "C:\Program Files (x86)\Microchip\xc8\v1.33\sources\common\ftmul.c"
 Parameters:    Size  Location     Type
  f1              3   16[BANK0 ] float 
  f2              3   19[BANK0 ] float 
 Auto vars:     Size  Location     Type
  f3_as_produc    3   27[BANK0 ] unsigned um
  sign            1   31[BANK0 ] unsigned char 
  cntr            1   30[BANK0 ] unsigned char 
  exp             1   26[BANK0 ] unsigned char 
 Return value:  Size  Location     Type
                  3   16[BANK0 ] float 
 Registers used:
		wreg, status,2, status,0, pclath, cstack
 Tracked objects:
		On entry : 
		On exit  : 
		Unchanged: 
 Data sizes:     COMMON   BANK0   BANK1   BANK3   BANK2
      Params:         0       6       0       0       0
      Locals:         0       6       0       0       0
      Temps:          0       4       0       0       0
      Totals:         0      16       0       0       0
Total ram usage:       16 bytes
 Hardware stack levels used:    1
 Hardware stack levels required when called:    1
 This function calls:
		___ftpack
 This function is called by:
		_main
 This function uses a non-reentrant model


 *************** function ___ftge *****************
 Defined at:
		line 4 in file "C:\Program Files (x86)\Microchip\xc8\v1.33\sources\common\ftge.c"
 Parameters:    Size  Location     Type
  ff1             3    0[COMMON] float 
  ff2             3    3[COMMON] float 
 Auto vars:     Size  Location     Type
		None
 Return value:  Size  Location     Type
		None               void
 Registers used:
		wreg, status,2, status,0
 Tracked objects:
		On entry : 
		On exit  : 
		Unchanged: 
 Data sizes:     COMMON   BANK0   BANK1   BANK3   BANK2
      Params:         6       0       0       0       0
      Locals:         0       0       0       0       0
      Temps:          6       0       0       0       0
      Totals:        12       0       0       0       0
Total ram usage:       12 bytes
 Hardware stack levels used:    1
 This function calls:
		Nothing
 This function is called by:
		_main
 This function uses a non-reentrant model


 *************** function ___ftdiv *****************
 Defined at:
		line 49 in file "C:\Program Files (x86)\Microchip\xc8\v1.33\sources\pic\ftdiv.c"
 Parameters:    Size  Location     Type
  f2              3    0[BANK0 ] float 
  f1              3    3[BANK0 ] float 
 Auto vars:     Size  Location     Type
  f3              3   11[BANK0 ] float 
  sign            1   15[BANK0 ] unsigned char 
  exp             1   14[BANK0 ] unsigned char 
  cntr            1   10[BANK0 ] unsigned char 
 Return value:  Size  Location     Type
                  3    0[BANK0 ] float 
 Registers used:
		wreg, status,2, status,0, pclath, cstack
 Tracked objects:
		On entry : 
		On exit  : 
		Unchanged: 
 Data sizes:     COMMON   BANK0   BANK1   BANK3   BANK2
      Params:         0       6       0       0       0
      Locals:         0       6       0       0       0
      Temps:          0       4       0       0       0
      Totals:         0      16       0       0       0
Total ram usage:       16 bytes
 Hardware stack levels used:    1
 Hardware stack levels required when called:    1
 This function calls:
		___ftpack
 This function is called by:
		_main
 This function uses a non-reentrant model


 *************** function ___ftadd *****************
 Defined at:
		line 86 in file "C:\Program Files (x86)\Microchip\xc8\v1.33\sources\common\ftadd.c"
 Parameters:    Size  Location     Type
  f1              3    8[COMMON] float 
  f2              3   11[COMMON] float 
 Auto vars:     Size  Location     Type
  exp1            1    6[BANK0 ] unsigned char 
  exp2            1    5[BANK0 ] unsigned char 
  sign            1    4[BANK0 ] unsigned char 
 Return value:  Size  Location     Type
                  3    8[COMMON] float 
 Registers used:
		wreg, status,2, status,0, pclath, cstack
 Tracked objects:
		On entry : 
		On exit  : 
		Unchanged: 
 Data sizes:     COMMON   BANK0   BANK1   BANK3   BANK2
      Params:         6       0       0       0       0
      Locals:         0       3       0       0       0
      Temps:          0       4       0       0       0
      Totals:         6       7       0       0       0
Total ram usage:       13 bytes
 Hardware stack levels used:    1
 Hardware stack levels required when called:    1
 This function calls:
		___ftpack
 This function is called by:
		_main
 This function uses a non-reentrant model


 *************** function ___ftpack *****************
 Defined at:
		line 62 in file "C:\Program Files (x86)\Microchip\xc8\v1.33\sources\common\float.c"
 Parameters:    Size  Location     Type
  arg             3    0[COMMON] unsigned um
  exp             1    3[COMMON] unsigned char 
  sign            1    4[COMMON] unsigned char 
 Auto vars:     Size  Location     Type
		None
 Return value:  Size  Location     Type
                  3    0[COMMON] float 
 Registers used:
		wreg, status,2, status,0
 Tracked objects:
		On entry : 
		On exit  : 
		Unchanged: 
 Data sizes:     COMMON   BANK0   BANK1   BANK3   BANK2
      Params:         5       0       0       0       0
      Locals:         0       0       0       0       0
      Temps:          3       0       0       0       0
      Totals:         8       0       0       0       0
Total ram usage:        8 bytes
 Hardware stack levels used:    1
 This function calls:
		Nothing
 This function is called by:
		___ftadd
		___ftdiv
		___ftmul
		___lwtoft
 This function uses a non-reentrant model


 *************** function _I2C_Stop *****************
 Defined at:
		line 82 in file "D:\From old laptop\Subjects\Uni\3rd Year M\2nd sem\Embedded Systems\Practical Activities\Practical Activity #7\To Submit\LE7-3.c"
 Parameters:    Size  Location     Type
		None
 Auto vars:     Size  Location     Type
		None
 Return value:  Size  Location     Type
		None               void
 Registers used:
		wreg, status,2, status,0, pclath, cstack
 Tracked objects:
		On entry : 
		On exit  : 
		Unchanged: 
 Data sizes:     COMMON   BANK0   BANK1   BANK3   BANK2
      Params:         0       0       0       0       0
      Locals:         0       0       0       0       0
      Temps:          0       0       0       0       0
      Totals:         0       0       0       0       0
Total ram usage:        0 bytes
 Hardware stack levels used:    1
 Hardware stack levels required when called:    1
 This function calls:
		_I2C_Wait
 This function is called by:
		_main
 This function uses a non-reentrant model


 *************** function _I2C_Start *****************
 Defined at:
		line 75 in file "D:\From old laptop\Subjects\Uni\3rd Year M\2nd sem\Embedded Systems\Practical Activities\Practical Activity #7\To Submit\LE7-3.c"
 Parameters:    Size  Location     Type
		None
 Auto vars:     Size  Location     Type
		None
 Return value:  Size  Location     Type
		None               void
 Registers used:
		wreg, status,2, status,0, pclath, cstack
 Tracked objects:
		On entry : 
		On exit  : 
		Unchanged: 
 Data sizes:     COMMON   BANK0   BANK1   BANK3   BANK2
      Params:         0       0       0       0       0
      Locals:         0       0       0       0       0
      Temps:          0       0       0       0       0
      Totals:         0       0       0       0       0
Total ram usage:        0 bytes
 Hardware stack levels used:    1
 Hardware stack levels required when called:    1
 This function calls:
		_I2C_Wait
 This function is called by:
		_main
 This function uses a non-reentrant model


 *************** function _I2C_Send *****************
 Defined at:
		line 98 in file "D:\From old laptop\Subjects\Uni\3rd Year M\2nd sem\Embedded Systems\Practical Activities\Practical Activity #7\To Submit\LE7-3.c"
 Parameters:    Size  Location     Type
  data            1    wreg     unsigned char 
 Auto vars:     Size  Location     Type
  data            1    0[COMMON] unsigned char 
 Return value:  Size  Location     Type
		None               void
 Registers used:
		wreg, status,2, status,0, pclath, cstack
 Tracked objects:
		On entry : 
		On exit  : 
		Unchanged: 
 Data sizes:     COMMON   BANK0   BANK1   BANK3   BANK2
      Params:         0       0       0       0       0
      Locals:         1       0       0       0       0
      Temps:          0       0       0       0       0
      Totals:         1       0       0       0       0
Total ram usage:        1 bytes
 Hardware stack levels used:    1
 Hardware stack levels required when called:    1
 This function calls:
		_I2C_Wait
 This function is called by:
		_main
 This function uses a non-reentrant model


 *************** function _I2C_RepeatedStart *****************
 Defined at:
		line 90 in file "D:\From old laptop\Subjects\Uni\3rd Year M\2nd sem\Embedded Systems\Practical Activities\Practical Activity #7\To Submit\LE7-3.c"
 Parameters:    Size  Location     Type
		None
 Auto vars:     Size  Location     Type
		None
 Return value:  Size  Location     Type
		None               void
 Registers used:
		wreg, status,2, status,0, pclath, cstack
 Tracked objects:
		On entry : 
		On exit  : 
		Unchanged: 
 Data sizes:     COMMON   BANK0   BANK1   BANK3   BANK2
      Params:         0       0       0       0       0
      Locals:         0       0       0       0       0
      Temps:          0       0       0       0       0
      Totals:         0       0       0       0       0
Total ram usage:        0 bytes
 Hardware stack levels used:    1
 Hardware stack levels required when called:    1
 This function calls:
		_I2C_Wait
 This function is called by:
		_main
 This function uses a non-reentrant model


 *************** function _I2C_Receive *****************
 Defined at:
		line 106 in file "D:\From old laptop\Subjects\Uni\3rd Year M\2nd sem\Embedded Systems\Practical Activities\Practical Activity #7\To Submit\LE7-3.c"
 Parameters:    Size  Location     Type
  ack             1    wreg     unsigned char 
 Auto vars:     Size  Location     Type
  ack             1    1[COMMON] unsigned char 
  temp            1    2[COMMON] unsigned char 
 Return value:  Size  Location     Type
                  1    wreg      unsigned char 
 Registers used:
		wreg, status,2, status,0, pclath, cstack
 Tracked objects:
		On entry : 
		On exit  : 
		Unchanged: 
 Data sizes:     COMMON   BANK0   BANK1   BANK3   BANK2
      Params:         0       0       0       0       0
      Locals:         2       0       0       0       0
      Temps:          1       0       0       0       0
      Totals:         3       0       0       0       0
Total ram usage:        3 bytes
 Hardware stack levels used:    1
 Hardware stack levels required when called:    1
 This function calls:
		_I2C_Wait
 This function is called by:
		_main
 This function uses a non-reentrant model


 *************** function _I2C_Wait *****************
 Defined at:
		line 69 in file "D:\From old laptop\Subjects\Uni\3rd Year M\2nd sem\Embedded Systems\Practical Activities\Practical Activity #7\To Submit\LE7-3.c"
 Parameters:    Size  Location     Type
		None
 Auto vars:     Size  Location     Type
		None
 Return value:  Size  Location     Type
		None               void
 Registers used:
		wreg, status,2
 Tracked objects:
		On entry : 
		On exit  : 
		Unchanged: 
 Data sizes:     COMMON   BANK0   BANK1   BANK3   BANK2
      Params:         0       0       0       0       0
      Locals:         0       0       0       0       0
      Temps:          0       0       0       0       0
      Totals:         0       0       0       0       0
Total ram usage:        0 bytes
 Hardware stack levels used:    1
 This function calls:
		Nothing
 This function is called by:
		_I2C_Start
		_I2C_Stop
		_I2C_RepeatedStart
		_I2C_Send
		_I2C_Receive
 This function uses a non-reentrant model



MODULE INFORMATION

Module		Function		Class		Link	Load	Size
C:\Program Files (x86)\Microchip\xc8\v1.33\sources\common\ftge.c
		___ftge        		CODE           	0187	0000	93

C:\Program Files (x86)\Microchip\xc8\v1.33\sources\common\ftge.c estimated size: 93

C:\Program Files (x86)\Microchip\xc8\v1.33\sources\common\float.c
		___ftpack      		CODE           	01E4	0000	104

C:\Program Files (x86)\Microchip\xc8\v1.33\sources\common\float.c estimated size: 104

C:\Program Files (x86)\Microchip\xc8\v1.33\sources\common\lwmod.c
		___lwmod       		CODE           	0115	0000	52

C:\Program Files (x86)\Microchip\xc8\v1.33\sources\common\lwmod.c estimated size: 52

C:\Program Files (x86)\Microchip\xc8\v1.33\sources\common\ftmul.c
		___ftmul       		CODE           	0390	0000	211

C:\Program Files (x86)\Microchip\xc8\v1.33\sources\common\ftmul.c estimated size: 211

D:\From old laptop\Subjects\Uni\3rd Year M\2nd sem\Embedded Systems\Practical Activities\Practical Activity #7\To Submit\LE7-3.c
		_delay         		CODE           	00B7	0000	47
		_display       		CODE           	0FBB	0000	34
		_displayTemp   		CODE           	0045	0000	35
		_I2C_RepeatedSt		CODE           	0F60	0000	7
		_main          		CODE           	056A	0000	646
		_instCtrl      		CODE           	0FA8	0000	19
		_delayLCD      		CODE           	00E6	0000	47
		_dataCtrl      		CODE           	0F95	0000	19
		_init_I2C_Maste		CODE           	0F86	0000	15
		_I2C_Stop      		CODE           	0F6E	0000	7
		_I2C_Wait      		CODE           	0F75	0000	8
		_I2C_Send      		CODE           	0F7D	0000	9
		_displayHumidit		CODE           	0FDD	0000	35
		_I2C_Start     		CODE           	0F67	0000	7
		_initLCD       		CODE           	008E	0000	41
		_I2C_Receive   		CODE           	0068	0000	38

D:\From old laptop\Subjects\Uni\3rd Year M\2nd sem\Embedded Systems\Practical Activities\Practical Activity #7\To Submit\LE7-3.c estimated size: 1014

C:\Program Files (x86)\Microchip\xc8\v1.33\sources\common\lwdiv.c
		___lwdiv       		CODE           	0149	0000	62

C:\Program Files (x86)\Microchip\xc8\v1.33\sources\common\lwdiv.c estimated size: 62

shared
		__stringtab    		STRING         	0003	0000	6
		__stringdata   		STRING         	0009	0000	34
		__initializatio		CODE           	07F0	0000	12

shared estimated size: 52

C:\Program Files (x86)\Microchip\xc8\v1.33\sources\common\fttol.c
		___fttol       		CODE           	024C	0000	140

C:\Program Files (x86)\Microchip\xc8\v1.33\sources\common\fttol.c estimated size: 140

C:\Program Files (x86)\Microchip\xc8\v1.33\sources\common\ftadd.c
		___ftadd       		CODE           	0463	0000	263

C:\Program Files (x86)\Microchip\xc8\v1.33\sources\common\ftadd.c estimated size: 263

C:\Program Files (x86)\Microchip\xc8\v1.33\sources\pic\ftdiv.c
		___ftdiv       		CODE           	02D8	0000	184

C:\Program Files (x86)\Microchip\xc8\v1.33\sources\pic\ftdiv.c estimated size: 184

C:\Program Files (x86)\Microchip\xc8\v1.33\sources\common\lwtoft.c
		___lwtoft      		CODE           	0031	0000	20

C:\Program Files (x86)\Microchip\xc8\v1.33\sources\common\lwtoft.c estimated size: 20

