Microchip MPLAB XC8 Compiler V1.33 ()

Linker command line:

--edf=C:\Program Files (x86)\Microchip\xc8\v1.33\dat\en_msgs.txt -cs \
  -h+door-lock-system.sym --cmf=door-lock-system.cmf -z -Q16F877A \
  -oC:\Users\MAYOCH~1\AppData\Local\Temp\s11o4.6 -Mdoor-lock-system.map -E1 \
  -ver=XC8 -ASTACK=0110h-016fh -pstack=STACK -ACONST=00h-0FFhx32 \
  -ACODE=00h-07FFhx4 -ASTRCODE=00h-01FFFh -AENTRY=00h-0FFhx32 \
  -ASTRING=00h-0FFhx32 -ACOMMON=070h-07Fh -ABANK0=020h-06Fh \
  -ABANK1=0A0h-0EFh -ABANK2=0110h-016Fh -ABANK3=0190h-01EFh \
  -ARAM=020h-06Fh,0A0h-0EFh,0110h-016Fh,0190h-01EFh \
  -AABS1=020h-07Fh,0A0h-0EFh,0110h-016Fh,0190h-01EFh -ASFR0=00h-01Fh \
  -ASFR1=080h-09Fh -ASFR2=0100h-010Fh -ASFR3=0180h-018Fh \
  -preset_vec=00h,intentry,init,end_init -ppowerup=CODE -pcinit=CODE \
  -pfunctab=CODE -ACONFIG=02007h-02007h -pconfig=CONFIG -DCONFIG=2 \
  -AIDLOC=02000h-02003h -pidloc=IDLOC -DIDLOC=2 -AEEDATA=00h-0FFh/02100h \
  -peeprom_data=EEDATA -DEEDATA=2 -DCODE=2 -DSTRCODE=2 -DSTRING=2 -DCONST=2 \
  -DENTRY=2 -k startup.obj door-lock-system.obj 

Object code version is 3.11

Machine type is 16F877A



                Name                               Link     Load   Length Selector   Space Scale
startup.obj     end_init                              0        0        3        0       0
                config                             2007     2007        1     400E       0
door-lock-system.obj
                cinit                               7E7      7E7       19      FCE       0
                text16                              1C2      1C2       2F      384       0
                text15                              110      110       13      220       0
                text14                              157      157       22      2AE       0
                text13                              123      123       13      246       0
                text12                              19C      19C       26      338       0
                text11                               E0       E0        1      1C0       0
                text10                              179      179       23      2F2       0
                text9                               23B      23B       4D      476       0
                text8                               288      288       85      510       0
                text7                                E1       E1        7      1C2       0
                text6                                E8       E8        7      1D0       0
                text5                               30D      30D       E1      61A       0
                text4                               506      506      141      A0C       0
                text3                               1F1      1F1       4A      3E2       0
                text2                               647      647      1A0      C8E       0
                text1                               136      136       21      26C       0
                maintext                            3EE      3EE      118      7DC       0
                cstackBANK0                          20       20       15       20       1
                cstackCOMMON                         70       70        E       70       1
                inittext                             FF       FF       11      1FE       0
                clrtext                              EF       EF        8      1DE       0
                dataBANK0                            46       46        8       20       1
                bssBANK0                             35       35       11       20       1
                bitbssBANK0                         270       4E        2       20       1     8
                strings                               3        3       78        6       0
                idataBANK0                           F7       F7        8      1EE       0

TOTAL           Name                               Link     Load   Length     Space
        CLASS   STACK          

        CLASS   CONST          

        CLASS   CODE           
                end_init                              0        0        3         0
                cinit                               7E7      7E7       19         0
                text16                              1C2      1C2       2F         0
                text15                              110      110       13         0
                text14                              157      157       22         0
                text13                              123      123       13         0
                text12                              19C      19C       26         0
                text11                               E0       E0        1         0
                text10                              179      179       23         0
                text9                               23B      23B       4D         0
                text8                               288      288       85         0
                text7                                E1       E1        7         0
                text6                                E8       E8        7         0
                text5                               30D      30D       E1         0
                text4                               506      506      141         0
                text3                               1F1      1F1       4A         0
                text2                               647      647      1A0         0
                text1                               136      136       21         0
                maintext                            3EE      3EE      118         0
                inittext                             FF       FF       11         0
                clrtext                              EF       EF        8         0
                idataBANK0                           F7       F7        8         0

        CLASS   STRCODE        

        CLASS   ENTRY          

        CLASS   STRING         
                strings                               3        3       78         0

        CLASS   COMMON         
                cstackCOMMON                         70       70        E         1

        CLASS   BANK0          
                cstackBANK0                          20       20       15         1
                dataBANK0                            46       46        8         1
                bssBANK0                             35       35       11         1
                bitbssBANK0                         270       4E        2         1

        CLASS   BANK1          

        CLASS   BANK2          

        CLASS   BANK3          

        CLASS   RAM            

        CLASS   ABS1           
                abs_s1                               7E       7E        2         1

        CLASS   SFR0           

        CLASS   SFR1           

        CLASS   SFR2           

        CLASS   SFR3           

        CLASS   CONFIG         
                config                             2007     2007        1         0

        CLASS   IDLOC          

        CLASS   EEDATA         



SEGMENTS        Name                           Load    Length   Top    Selector   Space  Class     Delta

                reset_vec                      000000  000003  000003         0       0  CODE        2
                strings                        000003  000078  00007B         6       0  STRING      2
                cstackBANK0                    000020  00002F  00004F        20       1  BANK0       1
                cstackCOMMON                   000070  00000E  00007E        70       1  COMMON      1
                text11                         0000E0  000001  0000E1       1C0       0  CODE        2
                text7                          0000E1  000007  0000E8       1C2       0  CODE        2
                text6                          0000E8  000007  0000EF       1D0       0  CODE        2
                clrtext                        0000EF  000008  0000F7       1DE       0  CODE        2
                idataBANK0                     0000F7  000008  0000FF       1EE       0  CODE        2
                inittext                       0000FF  000011  000110       1FE       0  CODE        2
                text15                         000110  000013  000123       220       0  CODE        2
                text13                         000123  000013  000136       246       0  CODE        2
                text1                          000136  000021  000157       26C       0  CODE        2
                text14                         000157  000022  000179       2AE       0  CODE        2
                text10                         000179  000023  00019C       2F2       0  CODE        2
                text12                         00019C  000026  0001C2       338       0  CODE        2
                text16                         0001C2  00002F  0001F1       384       0  CODE        2
                text3                          0001F1  00004A  00023B       3E2       0  CODE        2
                text9                          00023B  00004D  000288       476       0  CODE        2
                text8                          000288  000085  00030D       510       0  CODE        2
                text5                          00030D  0000E1  0003EE       61A       0  CODE        2
                maintext                       0003EE  000118  000506       7DC       0  CODE        2
                text4                          000506  000141  000647       A0C       0  CODE        2
                text2                          000647  0001A0  0007E7       C8E       0  CODE        2
                cinit                          0007E7  000019  000800       FCE       0  CODE        2
                config                         002007  000001  002008      400E       0  CONFIG      2


UNUSED ADDRESS RANGES

        Name                Unused          Largest block    Delta
        BANK0            004F-006F             21           1
        BANK1            00A0-00EF             50           1
        BANK2            0110-016F             60           1
        BANK3            0190-01EF             60           1
        CODE             007B-00DF             65           2
                         0800-1FFF            800
        CONST            007B-00DF             65           2
                         0800-1FFF            100
        EEDATA           2100-21FF            100           2
        ENTRY            007B-00DF             65           2
                         0800-1FFF            100
        IDLOC            2000-2003              4           2
        RAM              004F-006F             21           1
                         00A0-00EF             50
                         0110-016F             60
                         0190-01EF             60
        SFR0             0000-001F             20           1
        SFR1             0080-009F             20           1
        SFR2             0100-010F             10           1
        SFR3             0180-018F             10           1
        STACK            0110-016F             60           1
        STRCODE          007B-00DF             65           2
                         0800-1FFF           1800
        STRING           007B-00DF             65           2
                         0800-1FFF            100

                                  Symbol Table

?___wmul                           cstackCOMMON 0070
LCD_delay@MUL                      cstackCOMMON 0070
LCD_delay@i                        cstackCOMMON 0072
LCD_delay@j                        cstackCOMMON 0074
_ADCON1                            (abs)        009F
_BRGH                              (abs)        04C2
_CCP1CON                           (abs)        0017
_CCPR1L                            (abs)        0015
_CREN                              (abs)        00C4
_GIE                               (abs)        005F
_LCD_delay                         text16       01C2
_OERR                              (abs)        00C1
_PEIE                              (abs)        005E
_PIN                               bssBANK0     0035
_PORTB                             (abs)        0006
_PORTCbits                         (abs)        0007
_PORTD                             (abs)        0008
_PR2                               (abs)        0092
_RA0                               (abs)        0028
_RA1                               (abs)        0029
_RA2                               (abs)        002A
_RCIE                              (abs)        0465
_RCIF                              (abs)        0065
_RCREG                             (abs)        001A
_RD4                               (abs)        0044
_SERVO_MAX_POS                     dataBANK0    004A
_SERVO_MID_POS                     dataBANK0    004B
_SERVO_MIN_POS                     dataBANK0    004C
_SPBRG                             (abs)        0099
_SPEN                              (abs)        00C7
_SYNC                              (abs)        04C4
_T2CON                             (abs)        0012
_TRISA                             (abs)        0085
_TRISB                             (abs)        0086
_TRISC                             (abs)        0087
_TRISC2                            (abs)        043A
_TRISCbits                         (abs)        0087
_TRISD                             (abs)        0088
_TRISDbits                         (abs)        0088
_TXEN                              (abs)        04C5
_TXIF                              (abs)        0064
_TXREG                             (abs)        0019
__CFG_BOREN$ON                     (abs)        0000
__CFG_CP$OFF                       (abs)        0000
__CFG_CPD$OFF                      (abs)        0000
__CFG_FOSC$XT                      (abs)        0000
__CFG_LVP$OFF                      (abs)        0000
__CFG_PWRTE$ON                     (abs)        0000
__CFG_WDTE$OFF                     (abs)        0000
__CFG_WRT$OFF                      (abs)        0000
__Habs1                            abs1         0000
__Hbank0                           bank0        0000
__Hbank1                           bank1        0000
__Hbank2                           bank2        0000
__Hbank3                           bank3        0000
__HbitbssBANK0                     bitbssBANK0  0000
__HbssBANK0                        bssBANK0     0000
__Hcinit                           cinit        0800
__Hclrtext                         clrtext      0000
__Hcode                            code         0000
__Hcommon                          common       0000
__Hconfig                          config       2008
__HcstackBANK0                     cstackBANK0  0000
__HcstackCOMMON                    cstackCOMMON 0000
__HdataBANK0                       dataBANK0    0000
__Heeprom_data                     eeprom_data  0000
__Hend_init                        end_init     0003
__Hfunctab                         functab      0000
__HidataBANK0                      idataBANK0   0000
__Hidloc                           idloc        0000
__Hinit                            init         0000
__Hinittext                        inittext     0000
__Hintentry                        intentry     0000
__Hmaintext                        maintext     0000
__Hpowerup                         powerup      0000
__Hram                             ram          0000
__Hreset_vec                       reset_vec    0000
__Hsfr0                            sfr0         0000
__Hsfr1                            sfr1         0000
__Hsfr2                            sfr2         0000
__Hsfr3                            sfr3         0000
__Hspace_0                         (abs)        2008
__Hspace_1                         (abs)        0272
__Hspace_2                         (abs)        0000
__Hspace_3                         (abs)        0000
__Hstack                           stack        0000
__Hstrings                         strings      0000
__Htext                            text         0000
__Labs1                            abs1         0000
__Lbank0                           bank0        0000
__Lbank1                           bank1        0000
__Lbank2                           bank2        0000
__Lbank3                           bank3        0000
__LbitbssBANK0                     bitbssBANK0  0000
__LbssBANK0                        bssBANK0     0000
__Lcinit                           cinit        07E7
__Lclrtext                         clrtext      0000
__Lcode                            code         0000
__Lcommon                          common       0000
__Lconfig                          config       2007
__LcstackBANK0                     cstackBANK0  0000
__LcstackCOMMON                    cstackCOMMON 0000
__LdataBANK0                       dataBANK0    0000
__Leeprom_data                     eeprom_data  0000
__Lend_init                        end_init     0000
__Lfunctab                         functab      0000
__LidataBANK0                      idataBANK0   0000
__Lidloc                           idloc        0000
__Linit                            init         0000
__Linittext                        inittext     0000
__Lintentry                        intentry     0000
__Lmaintext                        maintext     0000
__Lpowerup                         powerup      0000
__Lram                             ram          0000
__Lreset_vec                       reset_vec    0000
__Lsfr0                            sfr0         0000
__Lsfr1                            sfr1         0000
__Lsfr2                            sfr2         0000
__Lsfr3                            sfr3         0000
__Lspace_0                         (abs)        0000
__Lspace_1                         (abs)        0000
__Lspace_2                         (abs)        0000
__Lspace_3                         (abs)        0000
__Lstack                           stack        0000
__Lstrings                         strings      0000
__Ltext                            text         0000
__S0                               (abs)        2008
__S1                               (abs)        007E
__S2                               (abs)        0000
__S3                               (abs)        0000
___int_sp                          stack        0000
___latbits                         (abs)        0002
___sp                              stack        0000
___wmul                            text10       0179
___wmul@multiplicand               cstackCOMMON 0072
___wmul@multiplier                 cstackCOMMON 0070
___wmul@product                    cstackCOMMON 0074
__end_of_LCD_delay                 text16       01F1
__end_of___wmul                    text10       019C
__end_of__initialization           cinit        07FC
__end_of__stringdata               strings      007B
__end_of__stringtab                strings      0009
__end_of_dataCtrl                  text15       0123
__end_of_displayMsg                text14       0179
__end_of_enterPass                 text4        0647
__end_of_initLCD                   text12       01C2
__end_of_initialize                text3        023B
__end_of_instCtrl                  text13       0136
__end_of_locked                    text11       00E1
__end_of_main                      maintext     0506
__end_of_moveToPosition            text8        030D
__end_of_setPass                   text2        07E7
__end_of_setServoClockwise         text7        00E8
__end_of_setServoCounterClockwise  text6        00EF
__end_of_setServoPosition          text9        0288
__end_of_setup                     text1        0157
__end_of_verifyPIN                 text5        03EE
__initialization                   cinit        07E7
__pbitbssBANK0                     bitbssBANK0  0270
__pbssBANK0                        bssBANK0     0035
__pcstackBANK0                     cstackBANK0  0020
__pcstackCOMMON                    cstackCOMMON 0070
__pdataBANK0                       dataBANK0    0046
__pidataBANK0                      idataBANK0   00F7
__pmaintext                        maintext     03EE
__pstrings                         strings      0003
__ptext1                           text1        0136
__ptext10                          text10       0179
__ptext11                          text11       00E0
__ptext12                          text12       019C
__ptext13                          text13       0123
__ptext14                          text14       0157
__ptext15                          text15       0110
__ptext16                          text16       01C2
__ptext2                           text2        0647
__ptext3                           text3        01F1
__ptext4                           text4        0506
__ptext5                           text5        030D
__ptext6                           text6        00E8
__ptext7                           text7        00E1
__ptext8                           text8        0288
__ptext9                           text9        023B
__size_of_LCD_delay                (abs)        0000
__size_of___wmul                   (abs)        0000
__size_of_dataCtrl                 (abs)        0000
__size_of_displayMsg               (abs)        0000
__size_of_enterPass                (abs)        0000
__size_of_initLCD                  (abs)        0000
__size_of_initialize               (abs)        0000
__size_of_instCtrl                 (abs)        0000
__size_of_locked                   (abs)        0000
__size_of_main                     (abs)        0000
__size_of_moveToPosition           (abs)        0000
__size_of_setPass                  (abs)        0000
__size_of_setServoClockwise        (abs)        0000
__size_of_setServoCounterClockwise (abs)        0000
__size_of_setServoPosition         (abs)        0000
__size_of_setup                    (abs)        0000
__size_of_verifyPIN                (abs)        0000
__stringbase                       strings      0008
__stringdata                       strings      0009
__stringtab                        strings      0003
_correctPIN                        bssBANK0     003D
_currentPosition                   dataBANK0    004D
_dataCtrl                          text15       0110
_displayMsg                        text14       0157
_enterPass                         text4        0506
_initLCD                           text12       019C
_initialize                        text3        01F1
_instCtrl                          text13       0123
_invalid_flag                      bitbssBANK0  0270
_locked                            text11       00E0
_main                              maintext     03EE
_moveToPosition                    text8        0288
_rx_data                           bssBANK0     0045
_setPass                           text2        0647
_setServoClockwise                 text7        00E1
_setServoCounterClockwise          text6        00E8
_setServoPosition                  text9        023B
_setpass_flag                      bitbssBANK0  0271
_setup                             text1        0136
_tick                              dataBANK0    0046
_trial                             dataBANK0    0048
_verifyPIN                         text5        030D
btemp                              (abs)        007E
clear_ram0                         clrtext      00EF
dataCtrl@DATA                      cstackCOMMON 0076
displayMsg@i                       cstackCOMMON 0077
displayMsg@message                 cstackCOMMON 0079
end_of_initialization              cinit        07FC
enterPass@j                        cstackBANK0  0030
enterPass@keyData                  cstackBANK0  002F
init_fetch0                        inittext     00FF
init_ram0                          inittext     0103
instCtrl@INST                      cstackCOMMON 0076
intlevel0                          functab      0000
intlevel1                          functab      0000
intlevel2                          functab      0000
intlevel3                          functab      0000
intlevel4                          functab      0000
intlevel5                          functab      0000
ltemp                              (abs)        007E
ltemp0                             (abs)        007E
ltemp1                             (abs)        0082
ltemp2                             (abs)        0086
ltemp3                             (abs)        0080
main@INPUT                         cstackCOMMON 007D
moveToPosition@pos                 cstackBANK0  0023
moveToPosition@pos_166             cstackBANK0  0024
moveToPosition@position            cstackBANK0  0025
reset_vec                          reset_vec    0000
setPass@i                          cstackCOMMON 007A
setPass@keyData                    cstackCOMMON 0079
setServoPosition@duty              cstackCOMMON 007A
setServoPosition@position          cstackCOMMON 007C
setServoPosition@scaledPosition    cstackCOMMON 0078
stackhi                            (abs)        0000
stacklo                            (abs)        0000
start                              init         0000
start_initialization               cinit        07E7
ttemp                              (abs)        007E
ttemp0                             (abs)        007E
ttemp1                             (abs)        0081
ttemp2                             (abs)        0084
ttemp3                             (abs)        0087
ttemp4                             (abs)        007F
verifyPIN@i                        cstackBANK0  002B
verifyPIN@match                    cstackBANK0  0029
wtemp                              (abs)        007E
wtemp0                             (abs)        007E
wtemp1                             (abs)        0080
wtemp2                             (abs)        0082
wtemp3                             (abs)        0084
wtemp4                             (abs)        0086
wtemp5                             (abs)        0088
wtemp6                             (abs)        007F


FUNCTION INFORMATION:

 *************** function _main *****************
 Defined at:
		line 342 in file "D:\From old laptop\Subjects\Uni\3rd Year M\2nd sem\Embedded Systems\Final\door-lock-system\door-lock-system.c"
 Parameters:    Size  Location     Type
		None
 Auto vars:     Size  Location     Type
  INPUT           1   13[COMMON] unsigned char 
 Return value:  Size  Location     Type
		None               void
 Registers used:
		wreg, fsr0l, fsr0h, status,2, status,0, btemp+1, pclath, cstack
 Tracked objects:
		On entry : 
		On exit  : 
		Unchanged: 
 Data sizes:     COMMON   BANK0   BANK1   BANK3   BANK2
      Params:         0       0       0       0       0
      Locals:         1       0       0       0       0
      Temps:          0       3       0       0       0
      Totals:         1       3       0       0       0
Total ram usage:        4 bytes
 Hardware stack levels required when called:    6
 This function calls:
		_displayMsg
		_enterPass
		_initLCD
		_initialize
		_instCtrl
		_setPass
		_setServoClockwise
		_setServoCounterClockwise
		_setup
 This function is called by:
		Startup code after reset
 This function uses a non-reentrant model


 *************** function _setup *****************
 Defined at:
		line 319 in file "D:\From old laptop\Subjects\Uni\3rd Year M\2nd sem\Embedded Systems\Final\door-lock-system\door-lock-system.c"
 Parameters:    Size  Location     Type
		None
 Auto vars:     Size  Location     Type
		None
 Return value:  Size  Location     Type
		None               void
 Registers used:
		wreg, status,2
 Tracked objects:
		On entry : 
		On exit  : 
		Unchanged: 
 Data sizes:     COMMON   BANK0   BANK1   BANK3   BANK2
      Params:         0       0       0       0       0
      Locals:         0       0       0       0       0
      Temps:          0       0       0       0       0
      Totals:         0       0       0       0       0
Total ram usage:        0 bytes
 Hardware stack levels used:    1
 This function calls:
		Nothing
 This function is called by:
		_main
 This function uses a non-reentrant model


 *************** function _setPass *****************
 Defined at:
		line 191 in file "D:\From old laptop\Subjects\Uni\3rd Year M\2nd sem\Embedded Systems\Final\door-lock-system\door-lock-system.c"
 Parameters:    Size  Location     Type
		None
 Auto vars:     Size  Location     Type
  i               2   10[COMMON] int 
  keyData         1    9[COMMON] unsigned char 
 Return value:  Size  Location     Type
		None               void
 Registers used:
		wreg, fsr0l, fsr0h, status,2, status,0, btemp+1, pclath, cstack
 Tracked objects:
		On entry : 
		On exit  : 
		Unchanged: 
 Data sizes:     COMMON   BANK0   BANK1   BANK3   BANK2
      Params:         0       0       0       0       0
      Locals:         3       0       0       0       0
      Temps:          2       0       0       0       0
      Totals:         5       0       0       0       0
Total ram usage:        5 bytes
 Hardware stack levels used:    1
 Hardware stack levels required when called:    2
 This function calls:
		_dataCtrl
 This function is called by:
		_main
 This function uses a non-reentrant model


 *************** function _initialize *****************
 Defined at:
		line 54 in file "D:\From old laptop\Subjects\Uni\3rd Year M\2nd sem\Embedded Systems\Final\door-lock-system\door-lock-system.c"
 Parameters:    Size  Location     Type
		None
 Auto vars:     Size  Location     Type
		None
 Return value:  Size  Location     Type
		None               void
 Registers used:
		wreg, status,2, status,0, pclath, cstack
 Tracked objects:
		On entry : 
		On exit  : 
		Unchanged: 
 Data sizes:     COMMON   BANK0   BANK1   BANK3   BANK2
      Params:         0       0       0       0       0
      Locals:         0       0       0       0       0
      Temps:          0       3       0       0       0
      Totals:         0       3       0       0       0
Total ram usage:        3 bytes
 Hardware stack levels used:    1
 Hardware stack levels required when called:    2
 This function calls:
		_setServoPosition
 This function is called by:
		_main
 This function uses a non-reentrant model


 *************** function _enterPass *****************
 Defined at:
		line 291 in file "D:\From old laptop\Subjects\Uni\3rd Year M\2nd sem\Embedded Systems\Final\door-lock-system\door-lock-system.c"
 Parameters:    Size  Location     Type
		None
 Auto vars:     Size  Location     Type
  j               2   16[BANK0 ] int 
  keyData         1   15[BANK0 ] unsigned char 
 Return value:  Size  Location     Type
		None               void
 Registers used:
		wreg, fsr0l, fsr0h, status,2, status,0, btemp+1, pclath, cstack
 Tracked objects:
		On entry : 
		On exit  : 
		Unchanged: 
 Data sizes:     COMMON   BANK0   BANK1   BANK3   BANK2
      Params:         0       0       0       0       0
      Locals:         0       3       0       0       0
      Temps:          0       2       0       0       0
      Totals:         0       5       0       0       0
Total ram usage:        5 bytes
 Hardware stack levels used:    1
 Hardware stack levels required when called:    5
 This function calls:
		_dataCtrl
		_verifyPIN
 This function is called by:
		_main
 This function uses a non-reentrant model


 *************** function _verifyPIN *****************
 Defined at:
		line 238 in file "D:\From old laptop\Subjects\Uni\3rd Year M\2nd sem\Embedded Systems\Final\door-lock-system\door-lock-system.c"
 Parameters:    Size  Location     Type
		None
 Auto vars:     Size  Location     Type
  i               2   11[BANK0 ] int 
  match           2    9[BANK0 ] int 
 Return value:  Size  Location     Type
		None               void
 Registers used:
		wreg, fsr0l, fsr0h, status,2, status,0, btemp+1, pclath, cstack
 Tracked objects:
		On entry : 
		On exit  : 
		Unchanged: 
 Data sizes:     COMMON   BANK0   BANK1   BANK3   BANK2
      Params:         0       0       0       0       0
      Locals:         0       4       0       0       0
      Temps:          0       3       0       0       0
      Totals:         0       7       0       0       0
Total ram usage:        7 bytes
 Hardware stack levels used:    1
 Hardware stack levels required when called:    4
 This function calls:
		_displayMsg
		_initLCD
		_instCtrl
		_locked
		_setServoClockwise
		_setServoCounterClockwise
 This function is called by:
		_enterPass
 This function uses a non-reentrant model


 *************** function _setServoCounterClockwise *****************
 Defined at:
		line 145 in file "D:\From old laptop\Subjects\Uni\3rd Year M\2nd sem\Embedded Systems\Final\door-lock-system\door-lock-system.c"
 Parameters:    Size  Location     Type
		None
 Auto vars:     Size  Location     Type
		None
 Return value:  Size  Location     Type
		None               void
 Registers used:
		wreg, status,2, status,0, pclath, cstack
 Tracked objects:
		On entry : 
		On exit  : 
		Unchanged: 
 Data sizes:     COMMON   BANK0   BANK1   BANK3   BANK2
      Params:         0       0       0       0       0
      Locals:         0       0       0       0       0
      Temps:          0       0       0       0       0
      Totals:         0       0       0       0       0
Total ram usage:        0 bytes
 Hardware stack levels used:    1
 Hardware stack levels required when called:    3
 This function calls:
		_moveToPosition
 This function is called by:
		_verifyPIN
		_main
 This function uses a non-reentrant model


 *************** function _setServoClockwise *****************
 Defined at:
		line 141 in file "D:\From old laptop\Subjects\Uni\3rd Year M\2nd sem\Embedded Systems\Final\door-lock-system\door-lock-system.c"
 Parameters:    Size  Location     Type
		None
 Auto vars:     Size  Location     Type
		None
 Return value:  Size  Location     Type
		None               void
 Registers used:
		wreg, status,2, status,0, pclath, cstack
 Tracked objects:
		On entry : 
		On exit  : 
		Unchanged: 
 Data sizes:     COMMON   BANK0   BANK1   BANK3   BANK2
      Params:         0       0       0       0       0
      Locals:         0       0       0       0       0
      Temps:          0       0       0       0       0
      Totals:         0       0       0       0       0
Total ram usage:        0 bytes
 Hardware stack levels used:    1
 Hardware stack levels required when called:    3
 This function calls:
		_moveToPosition
 This function is called by:
		_verifyPIN
		_main
 This function uses a non-reentrant model


 *************** function _moveToPosition *****************
 Defined at:
		line 116 in file "D:\From old laptop\Subjects\Uni\3rd Year M\2nd sem\Embedded Systems\Final\door-lock-system\door-lock-system.c"
 Parameters:    Size  Location     Type
  position        1    wreg     unsigned char 
 Auto vars:     Size  Location     Type
  position        1    5[BANK0 ] unsigned char 
  pos             1    4[BANK0 ] unsigned char 
  pos             1    3[BANK0 ] unsigned char 
 Return value:  Size  Location     Type
		None               void
 Registers used:
		wreg, status,2, status,0, pclath, cstack
 Tracked objects:
		On entry : 
		On exit  : 
		Unchanged: 
 Data sizes:     COMMON   BANK0   BANK1   BANK3   BANK2
      Params:         0       0       0       0       0
      Locals:         0       3       0       0       0
      Temps:          0       3       0       0       0
      Totals:         0       6       0       0       0
Total ram usage:        6 bytes
 Hardware stack levels used:    1
 Hardware stack levels required when called:    2
 This function calls:
		_setServoPosition
 This function is called by:
		_setServoClockwise
		_setServoCounterClockwise
 This function uses a non-reentrant model


 *************** function _setServoPosition *****************
 Defined at:
		line 99 in file "D:\From old laptop\Subjects\Uni\3rd Year M\2nd sem\Embedded Systems\Final\door-lock-system\door-lock-system.c"
 Parameters:    Size  Location     Type
  position        1    wreg     unsigned char 
 Auto vars:     Size  Location     Type
  position        1   12[COMMON] unsigned char 
  duty            2   10[COMMON] unsigned int 
  scaledPositi    2    8[COMMON] unsigned int 
 Return value:  Size  Location     Type
		None               void
 Registers used:
		wreg, status,2, status,0, pclath, cstack
 Tracked objects:
		On entry : 
		On exit  : 
		Unchanged: 
 Data sizes:     COMMON   BANK0   BANK1   BANK3   BANK2
      Params:         0       0       0       0       0
      Locals:         5       0       0       0       0
      Temps:          2       0       0       0       0
      Totals:         7       0       0       0       0
Total ram usage:        7 bytes
 Hardware stack levels used:    1
 Hardware stack levels required when called:    1
 This function calls:
		___wmul
 This function is called by:
		_initialize
		_moveToPosition
 This function uses a non-reentrant model


 *************** function ___wmul *****************
 Defined at:
		line 15 in file "C:\Program Files (x86)\Microchip\xc8\v1.33\sources\common\Umul16.c"
 Parameters:    Size  Location     Type
  multiplier      2    0[COMMON] unsigned int 
  multiplicand    2    2[COMMON] unsigned int 
 Auto vars:     Size  Location     Type
  product         2    4[COMMON] unsigned int 
 Return value:  Size  Location     Type
                  2    0[COMMON] unsigned int 
 Registers used:
		wreg, status,2, status,0
 Tracked objects:
		On entry : 
		On exit  : 
		Unchanged: 
 Data sizes:     COMMON   BANK0   BANK1   BANK3   BANK2
      Params:         4       0       0       0       0
      Locals:         2       0       0       0       0
      Temps:          0       0       0       0       0
      Totals:         6       0       0       0       0
Total ram usage:        6 bytes
 Hardware stack levels used:    1
 This function calls:
		Nothing
 This function is called by:
		_setServoPosition
 This function uses a non-reentrant model


 *************** function _locked *****************
 Defined at:
		line 230 in file "D:\From old laptop\Subjects\Uni\3rd Year M\2nd sem\Embedded Systems\Final\door-lock-system\door-lock-system.c"
 Parameters:    Size  Location     Type
		None
 Auto vars:     Size  Location     Type
		None
 Return value:  Size  Location     Type
		None               void
 Registers used:
		None
 Tracked objects:
		On entry : 
		On exit  : 
		Unchanged: 
 Data sizes:     COMMON   BANK0   BANK1   BANK3   BANK2
      Params:         0       0       0       0       0
      Locals:         0       0       0       0       0
      Temps:          0       0       0       0       0
      Totals:         0       0       0       0       0
Total ram usage:        0 bytes
 Hardware stack levels used:    1
 This function calls:
		Nothing
 This function is called by:
		_verifyPIN
 This function uses a non-reentrant model


 *************** function _initLCD *****************
 Defined at:
		line 166 in file "D:\From old laptop\Subjects\Uni\3rd Year M\2nd sem\Embedded Systems\Final\door-lock-system\door-lock-system.c"
 Parameters:    Size  Location     Type
		None
 Auto vars:     Size  Location     Type
		None
 Return value:  Size  Location     Type
		None               void
 Registers used:
		wreg, status,2, status,0, btemp+1, pclath, cstack
 Tracked objects:
		On entry : 
		On exit  : 
		Unchanged: 
 Data sizes:     COMMON   BANK0   BANK1   BANK3   BANK2
      Params:         0       0       0       0       0
      Locals:         0       0       0       0       0
      Temps:          0       0       0       0       0
      Totals:         0       0       0       0       0
Total ram usage:        0 bytes
 Hardware stack levels used:    1
 Hardware stack levels required when called:    2
 This function calls:
		_LCD_delay
		_instCtrl
 This function is called by:
		_verifyPIN
		_main
 This function uses a non-reentrant model


 *************** function _instCtrl *****************
 Defined at:
		line 157 in file "D:\From old laptop\Subjects\Uni\3rd Year M\2nd sem\Embedded Systems\Final\door-lock-system\door-lock-system.c"
 Parameters:    Size  Location     Type
  INST            1    wreg     unsigned char 
 Auto vars:     Size  Location     Type
  INST            1    6[COMMON] unsigned char 
 Return value:  Size  Location     Type
		None               void
 Registers used:
		wreg, status,2, status,0, btemp+1, pclath, cstack
 Tracked objects:
		On entry : 
		On exit  : 
		Unchanged: 
 Data sizes:     COMMON   BANK0   BANK1   BANK3   BANK2
      Params:         0       0       0       0       0
      Locals:         1       0       0       0       0
      Temps:          0       0       0       0       0
      Totals:         1       0       0       0       0
Total ram usage:        1 bytes
 Hardware stack levels used:    1
 Hardware stack levels required when called:    1
 This function calls:
		_LCD_delay
 This function is called by:
		_initLCD
		_verifyPIN
		_main
 This function uses a non-reentrant model


 *************** function _displayMsg *****************
 Defined at:
		line 184 in file "D:\From old laptop\Subjects\Uni\3rd Year M\2nd sem\Embedded Systems\Final\door-lock-system\door-lock-system.c"
 Parameters:    Size  Location     Type
  message         1    wreg     PTR const unsigned char 
		 -> STR_15(11), STR_14(13), STR_13(11), STR_12(9), 
		 -> STR_11(9), STR_10(11), STR_9(12), STR_8(11), 
		 -> STR_7(13), STR_6(11), STR_5(15), STR_4(13), 
		 -> STR_3(13), STR_2(11), STR_1(10), 
 Auto vars:     Size  Location     Type
  message         1    9[COMMON] PTR const unsigned char 
		 -> STR_15(11), STR_14(13), STR_13(11), STR_12(9), 
		 -> STR_11(9), STR_10(11), STR_9(12), STR_8(11), 
		 -> STR_7(13), STR_6(11), STR_5(15), STR_4(13), 
		 -> STR_3(13), STR_2(11), STR_1(10), 
  i               2    7[COMMON] int 
 Return value:  Size  Location     Type
		None               void
 Registers used:
		wreg, fsr0l, fsr0h, status,2, status,0, btemp+1, pclath, cstack
 Tracked objects:
		On entry : 
		On exit  : 
		Unchanged: 
 Data sizes:     COMMON   BANK0   BANK1   BANK3   BANK2
      Params:         0       0       0       0       0
      Locals:         3       0       0       0       0
      Temps:          0       0       0       0       0
      Totals:         3       0       0       0       0
Total ram usage:        3 bytes
 Hardware stack levels used:    1
 Hardware stack levels required when called:    2
 This function calls:
		_dataCtrl
 This function is called by:
		_verifyPIN
		_main
 This function uses a non-reentrant model


 *************** function _dataCtrl *****************
 Defined at:
		line 175 in file "D:\From old laptop\Subjects\Uni\3rd Year M\2nd sem\Embedded Systems\Final\door-lock-system\door-lock-system.c"
 Parameters:    Size  Location     Type
  DATA            1    wreg     unsigned char 
 Auto vars:     Size  Location     Type
  DATA            1    6[COMMON] unsigned char 
 Return value:  Size  Location     Type
		None               void
 Registers used:
		wreg, status,2, status,0, btemp+1, pclath, cstack
 Tracked objects:
		On entry : 
		On exit  : 
		Unchanged: 
 Data sizes:     COMMON   BANK0   BANK1   BANK3   BANK2
      Params:         0       0       0       0       0
      Locals:         1       0       0       0       0
      Temps:          0       0       0       0       0
      Totals:         1       0       0       0       0
Total ram usage:        1 bytes
 Hardware stack levels used:    1
 Hardware stack levels required when called:    1
 This function calls:
		_LCD_delay
 This function is called by:
		_displayMsg
		_setPass
		_enterPass
 This function uses a non-reentrant model


 *************** function _LCD_delay *****************
 Defined at:
		line 151 in file "D:\From old laptop\Subjects\Uni\3rd Year M\2nd sem\Embedded Systems\Final\door-lock-system\door-lock-system.c"
 Parameters:    Size  Location     Type
  MUL             2    0[COMMON] int 
 Auto vars:     Size  Location     Type
  j               2    4[COMMON] int 
  i               2    2[COMMON] int 
 Return value:  Size  Location     Type
		None               void
 Registers used:
		wreg, status,2, status,0, btemp+1
 Tracked objects:
		On entry : 
		On exit  : 
		Unchanged: 
 Data sizes:     COMMON   BANK0   BANK1   BANK3   BANK2
      Params:         2       0       0       0       0
      Locals:         4       0       0       0       0
      Temps:          0       0       0       0       0
      Totals:         6       0       0       0       0
Total ram usage:        6 bytes
 Hardware stack levels used:    1
 This function calls:
		Nothing
 This function is called by:
		_instCtrl
		_initLCD
		_dataCtrl
 This function uses a non-reentrant model



MODULE INFORMATION

Module		Function		Class		Link	Load	Size
C:\Program Files (x86)\Microchip\xc8\v1.33\sources\common\Umul16.c
		___wmul        		CODE           	0179	0000	35

C:\Program Files (x86)\Microchip\xc8\v1.33\sources\common\Umul16.c estimated size: 35

shared
		__stringtab    		STRING         	0003	0000	6
		__stringdata   		STRING         	0009	0000	114
		__initializatio		CODE           	07E7	0000	21

shared estimated size: 141

D:\From old laptop\Subjects\Uni\3rd Year M\2nd sem\Embedded Systems\Final\door-lock-system\door-lock-system.c
		_setServoCounte		CODE           	00E8	0000	7
		_enterPass     		CODE           	0506	0000	321
		_displayMsg    		CODE           	0157	0000	34
		_main          		CODE           	03EE	0000	280
		_instCtrl      		CODE           	0123	0000	19
		_moveToPosition		CODE           	0288	0000	133
		_dataCtrl      		CODE           	0110	0000	19
		_setServoPositi		CODE           	023B	0000	77
		_verifyPIN     		CODE           	030D	0000	225
		_setServoClockw		CODE           	00E1	0000	7
		_LCD_delay     		CODE           	01C2	0000	47
		_setPass       		CODE           	0647	0000	416
		_setup         		CODE           	0136	0000	33
		_initialize    		CODE           	01F1	0000	74
		_locked        		CODE           	00E0	0000	1
		_initLCD       		CODE           	019C	0000	38

D:\From old laptop\Subjects\Uni\3rd Year M\2nd sem\Embedded Systems\Final\door-lock-system\door-lock-system.c estimated size: 1731

