Microchip MPLAB XC8 Compiler V1.33 ()

Linker command line:

--edf=C:\Program Files (x86)\Microchip\xc8\v1.33\dat\en_msgs.txt -cs \
  -h+led_test.sym --cmf=led_test.cmf -z -Q16F877A \
  -oC:\Users\MAYOCH~1\AppData\Local\Temp\s16sc.6 -Mled_test.map -E1 \
  -ver=XC8 -ASTACK=0110h-016fh -pstack=STACK -ACONST=00h-0FFhx32 \
  -ACODE=00h-07FFhx4 -ASTRCODE=00h-01FFFh -AENTRY=00h-0FFhx32 \
  -ASTRING=00h-0FFhx32 -ACOMMON=070h-07Fh -ABANK0=020h-06Fh \
  -ABANK1=0A0h-0EFh -ABANK2=0110h-016Fh -ABANK3=0190h-01EFh \
  -ARAM=020h-06Fh,0A0h-0EFh,0110h-016Fh,0190h-01EFh \
  -AABS1=020h-07Fh,0A0h-0EFh,0110h-016Fh,0190h-01EFh -ASFR0=00h-01Fh \
  -ASFR1=080h-09Fh -ASFR2=0100h-010Fh -ASFR3=0180h-018Fh \
  -preset_vec=00h,intentry,init,end_init -ppowerup=CODE -pcinit=CODE \
  -pfunctab=CODE -ACONFIG=02007h-02007h -pconfig=CONFIG -DCONFIG=2 \
  -AIDLOC=02000h-02003h -pidloc=IDLOC -DIDLOC=2 -AEEDATA=00h-0FFh/02100h \
  -peeprom_data=EEDATA -DEEDATA=2 -DCODE=2 -DSTRCODE=2 -DSTRING=2 -DCONST=2 \
  -DENTRY=2 -k startup.obj led_test.obj 

Object code version is 3.11

Machine type is 16F877A



                Name                               Link     Load   Length Selector   Space Scale
startup.obj     end_init                              0        0        3        0       0
                config                             2007     2007        1     400E       0
led_test.obj    cinit                               7FC      7FC        4      FF8       0
                text6                               6EE      6EE        B      DDC       0
                text5                               729      729       1F      E52       0
                text4                               748      748       36      E90       0
                text3                               708      708       10      E10       0
                text2                               6F9      6F9        F      DF2       0
                text1                               718      718       11      E30       0
                maintext                            77E      77E       7E      EFC       0
                cstackCOMMON                         70       70        D       70       1

TOTAL           Name                               Link     Load   Length     Space
        CLASS   STACK          

        CLASS   CONST          

        CLASS   CODE           
                end_init                              0        0        3         0
                cinit                               7FC      7FC        4         0
                text6                               6EE      6EE        B         0
                text5                               729      729       1F         0
                text4                               748      748       36         0
                text3                               708      708       10         0
                text2                               6F9      6F9        F         0
                text1                               718      718       11         0
                maintext                            77E      77E       7E         0

        CLASS   STRCODE        

        CLASS   ENTRY          

        CLASS   STRING         

        CLASS   COMMON         
                cstackCOMMON                         70       70        D         1

        CLASS   BANK0          

        CLASS   BANK1          

        CLASS   BANK2          

        CLASS   BANK3          

        CLASS   RAM            

        CLASS   ABS1           
                abs_s1                               7E       7E        2         1

        CLASS   SFR0           

        CLASS   SFR1           

        CLASS   SFR2           

        CLASS   SFR3           

        CLASS   CONFIG         
                config                             2007     2007        1         0

        CLASS   IDLOC          

        CLASS   EEDATA         



SEGMENTS        Name                           Load    Length   Top    Selector   Space  Class     Delta

                reset_vec                      000000  000003  000003         0       0  CODE        2
                cstackCOMMON                   000070  00000D  00007D        70       1  COMMON      1
                text6                          0006EE  00000B  0006F9       DDC       0  CODE        2
                text2                          0006F9  00000F  000708       DF2       0  CODE        2
                text3                          000708  000010  000718       E10       0  CODE        2
                text1                          000718  000011  000729       E30       0  CODE        2
                text5                          000729  00001F  000748       E52       0  CODE        2
                text4                          000748  000036  00077E       E90       0  CODE        2
                maintext                       00077E  00007E  0007FC       EFC       0  CODE        2
                cinit                          0007FC  000004  000800       FF8       0  CODE        2
                config                         002007  000001  002008      400E       0  CONFIG      2


UNUSED ADDRESS RANGES

        Name                Unused          Largest block    Delta
        BANK0            0020-006F             50           1
        BANK1            00A0-00EF             50           1
        BANK2            0110-016F             60           1
        BANK3            0190-01EF             60           1
        CODE             0003-06ED            6EB           2
                         0800-1FFF            800
        COMMON           007D-007D              1           1
        CONST            0003-06ED            100           2
                         0800-1FFF            100
        EEDATA           2100-21FF            100           2
        ENTRY            0003-06ED            100           2
                         0800-1FFF            100
        IDLOC            2000-2003              4           2
        RAM              0020-006F             50           1
                         00A0-00EF             50
                         0110-016F             60
                         0190-01EF             60
        SFR0             0000-001F             20           1
        SFR1             0080-009F             20           1
        SFR2             0100-010F             10           1
        SFR3             0180-018F             10           1
        STACK            0110-016F             60           1
        STRCODE          0003-06ED            6EB           2
                         0800-1FFF           1800
        STRING           0003-06ED            100           2
                         0800-1FFF            100

                                  Symbol Table

UART_Init@dummy                cstackCOMMON 0076
UART_Receive@dummy             cstackCOMMON 0071
UART_Transmit@data             cstackCOMMON 0070
UART_TransmitInteger@value     cstackCOMMON 0071
_ADCON1                        (abs)        009F
_OPTION_REGbits                (abs)        0081
_PIR1bits                      (abs)        000C
_PORTBbits                     (abs)        0006
_RCREG                         (abs)        001A
_RCSTAbits                     (abs)        0018
_SPBRG                         (abs)        0099
_TRISBbits                     (abs)        0086
_TRISCbits                     (abs)        0087
_TXREG                         (abs)        0019
_TXSTAbits                     (abs)        0098
_UART_Init                     text4        0748
_UART_Receive                  text3        0708
_UART_Transmit                 text6        06EE
_UART_TransmitInteger          text5        0729
__CFG_BOREN$ON                 (abs)        0000
__CFG_CP$OFF                   (abs)        0000
__CFG_CPD$OFF                  (abs)        0000
__CFG_FOSC$XT                  (abs)        0000
__CFG_LVP$OFF                  (abs)        0000
__CFG_PWRTE$ON                 (abs)        0000
__CFG_WDTE$OFF                 (abs)        0000
__CFG_WRT$OFF                  (abs)        0000
__Habs1                        abs1         0000
__Hbank0                       bank0        0000
__Hbank1                       bank1        0000
__Hbank2                       bank2        0000
__Hbank3                       bank3        0000
__Hcinit                       cinit        0800
__Hclrtext                     clrtext      0000
__Hcode                        code         0000
__Hcommon                      common       0000
__Hconfig                      config       2008
__HcstackCOMMON                cstackCOMMON 0000
__Heeprom_data                 eeprom_data  0000
__Hend_init                    end_init     0003
__Hfunctab                     functab      0000
__Hidloc                       idloc        0000
__Hinit                        init         0000
__Hintentry                    intentry     0000
__Hmaintext                    maintext     0000
__Hpowerup                     powerup      0000
__Hram                         ram          0000
__Hreset_vec                   reset_vec    0000
__Hsfr0                        sfr0         0000
__Hsfr1                        sfr1         0000
__Hsfr2                        sfr2         0000
__Hsfr3                        sfr3         0000
__Hspace_0                     (abs)        2008
__Hspace_1                     (abs)        007D
__Hspace_2                     (abs)        0000
__Hspace_3                     (abs)        0000
__Hstack                       stack        0000
__Hstrings                     strings      0000
__Htext                        text         0000
__Labs1                        abs1         0000
__Lbank0                       bank0        0000
__Lbank1                       bank1        0000
__Lbank2                       bank2        0000
__Lbank3                       bank3        0000
__Lcinit                       cinit        07FC
__Lclrtext                     clrtext      0000
__Lcode                        code         0000
__Lcommon                      common       0000
__Lconfig                      config       2007
__LcstackCOMMON                cstackCOMMON 0000
__Leeprom_data                 eeprom_data  0000
__Lend_init                    end_init     0000
__Lfunctab                     functab      0000
__Lidloc                       idloc        0000
__Linit                        init         0000
__Lintentry                    intentry     0000
__Lmaintext                    maintext     0000
__Lpowerup                     powerup      0000
__Lram                         ram          0000
__Lreset_vec                   reset_vec    0000
__Lsfr0                        sfr0         0000
__Lsfr1                        sfr1         0000
__Lsfr2                        sfr2         0000
__Lsfr3                        sfr3         0000
__Lspace_0                     (abs)        0000
__Lspace_1                     (abs)        0000
__Lspace_2                     (abs)        0000
__Lspace_3                     (abs)        0000
__Lstack                       stack        0000
__Lstrings                     strings      0000
__Ltext                        text         0000
__S0                           (abs)        2008
__S1                           (abs)        007D
__S2                           (abs)        0000
__S3                           (abs)        0000
___int_sp                      stack        0000
___latbits                     (abs)        0002
___sp                          stack        0000
__end_of_UART_Init             text4        077E
__end_of_UART_Receive          text3        0718
__end_of_UART_Transmit         text6        06F9
__end_of_UART_TransmitInteger  text5        0748
__end_of__initialization       cinit        07FC
__end_of_initialize            text2        0708
__end_of_main                  maintext     07FC
__end_of_process_command       text1        0729
__initialization               cinit        07FC
__pcstackCOMMON                cstackCOMMON 0070
__pmaintext                    maintext     077E
__ptext0                       text0        0000
__ptext1                       text1        0718
__ptext2                       text2        06F9
__ptext3                       text3        0708
__ptext4                       text4        0748
__ptext5                       text5        0729
__ptext6                       text6        06EE
__size_of_UART_Init            (abs)        0000
__size_of_UART_Receive         (abs)        0000
__size_of_UART_Transmit        (abs)        0000
__size_of_UART_TransmitInteger (abs)        0000
__size_of_initialize           (abs)        0000
__size_of_main                 (abs)        0000
__size_of_process_command      (abs)        0000
_initialize                    text2        06F9
_main                          maintext     077E
_process_command               text1        0718
btemp                          (abs)        007E
end_of_initialization          cinit        07FC
intlevel0                      functab      0000
intlevel1                      functab      0000
intlevel2                      functab      0000
intlevel3                      functab      0000
intlevel4                      functab      0000
intlevel5                      functab      0000
ltemp                          (abs)        007E
ltemp0                         (abs)        007E
ltemp1                         (abs)        0082
ltemp2                         (abs)        0086
ltemp3                         (abs)        0080
main@current_switch_state      cstackCOMMON 007C
main@prev_switch_state         cstackCOMMON 007A
main@rx_data                   cstackCOMMON 007B
process_command@value          cstackCOMMON 0070
reset_vec                      reset_vec    0000
stackhi                        (abs)        0000
stacklo                        (abs)        0000
start                          init         0000
start_initialization           cinit        07FC
ttemp                          (abs)        007E
ttemp0                         (abs)        007E
ttemp1                         (abs)        0081
ttemp2                         (abs)        0084
ttemp3                         (abs)        0087
ttemp4                         (abs)        007F
wtemp                          (abs)        007E
wtemp0                         (abs)        007E
wtemp1                         (abs)        0080
wtemp2                         (abs)        0082
wtemp3                         (abs)        0084
wtemp4                         (abs)        0086
wtemp5                         (abs)        0088
wtemp6                         (abs)        007F


FUNCTION INFORMATION:

 *************** function _main *****************
 Defined at:
		line 36 in file "D:\From old laptop\Subjects\Uni\3rd Year M\2nd sem\Embedded Systems\Final\led_test\main.c"
 Parameters:    Size  Location     Type
		None
 Auto vars:     Size  Location     Type
  current_swit    1   12[COMMON] unsigned char 
  rx_data         1   11[COMMON] unsigned char 
  prev_switch_    1   10[COMMON] unsigned char 
 Return value:  Size  Location     Type
		None               void
 Registers used:
		wreg, status,2, status,0, btemp+1, pclath, cstack
 Tracked objects:
		On entry : 
		On exit  : 
		Unchanged: 
 Data sizes:     COMMON   BANK0   BANK1   BANK3   BANK2
      Params:         0       0       0       0       0
      Locals:         3       0       0       0       0
      Temps:          3       0       0       0       0
      Totals:         6       0       0       0       0
Total ram usage:        6 bytes
 Hardware stack levels required when called:    3
 This function calls:
		_UART_Init
		_UART_Receive
		_UART_TransmitInteger
		_initialize
		_process_command
 This function is called by:
		Startup code after reset
 This function uses a non-reentrant model


 *************** function _process_command *****************
 Defined at:
		line 164 in file "D:\From old laptop\Subjects\Uni\3rd Year M\2nd sem\Embedded Systems\Final\led_test\main.c"
 Parameters:    Size  Location     Type
  value           1    wreg     unsigned char 
 Auto vars:     Size  Location     Type
  value           1    0[COMMON] unsigned char 
 Return value:  Size  Location     Type
		None               void
 Registers used:
		wreg
 Tracked objects:
		On entry : 
		On exit  : 
		Unchanged: 
 Data sizes:     COMMON   BANK0   BANK1   BANK3   BANK2
      Params:         0       0       0       0       0
      Locals:         1       0       0       0       0
      Temps:          0       0       0       0       0
      Totals:         1       0       0       0       0
Total ram usage:        1 bytes
 Hardware stack levels used:    1
 This function calls:
		Nothing
 This function is called by:
		_main
 This function uses a non-reentrant model


 *************** function _initialize *****************
 Defined at:
		line 85 in file "D:\From old laptop\Subjects\Uni\3rd Year M\2nd sem\Embedded Systems\Final\led_test\main.c"
 Parameters:    Size  Location     Type
		None
 Auto vars:     Size  Location     Type
		None
 Return value:  Size  Location     Type
		None               void
 Registers used:
		wreg
 Tracked objects:
		On entry : 
		On exit  : 
		Unchanged: 
 Data sizes:     COMMON   BANK0   BANK1   BANK3   BANK2
      Params:         0       0       0       0       0
      Locals:         0       0       0       0       0
      Temps:          0       0       0       0       0
      Totals:         0       0       0       0       0
Total ram usage:        0 bytes
 Hardware stack levels used:    1
 This function calls:
		Nothing
 This function is called by:
		_main
 This function uses a non-reentrant model


 *************** function _UART_Receive *****************
 Defined at:
		line 139 in file "D:\From old laptop\Subjects\Uni\3rd Year M\2nd sem\Embedded Systems\Final\led_test\main.c"
 Parameters:    Size  Location     Type
		None
 Auto vars:     Size  Location     Type
  dummy           1    1[COMMON] unsigned char 
 Return value:  Size  Location     Type
                  1    wreg      unsigned char 
 Registers used:
		wreg
 Tracked objects:
		On entry : 
		On exit  : 
		Unchanged: 
 Data sizes:     COMMON   BANK0   BANK1   BANK3   BANK2
      Params:         0       0       0       0       0
      Locals:         1       0       0       0       0
      Temps:          1       0       0       0       0
      Totals:         2       0       0       0       0
Total ram usage:        2 bytes
 Hardware stack levels used:    1
 This function calls:
		Nothing
 This function is called by:
		_main
 This function uses a non-reentrant model


 *************** function _UART_Init *****************
 Defined at:
		line 101 in file "D:\From old laptop\Subjects\Uni\3rd Year M\2nd sem\Embedded Systems\Final\led_test\main.c"
 Parameters:    Size  Location     Type
		None
 Auto vars:     Size  Location     Type
  dummy           1    6[COMMON] unsigned char 
 Return value:  Size  Location     Type
		None               void
 Registers used:
		wreg, status,2, status,0, btemp+1, pclath, cstack
 Tracked objects:
		On entry : 
		On exit  : 
		Unchanged: 
 Data sizes:     COMMON   BANK0   BANK1   BANK3   BANK2
      Params:         0       0       0       0       0
      Locals:         1       0       0       0       0
      Temps:          3       0       0       0       0
      Totals:         4       0       0       0       0
Total ram usage:        4 bytes
 Hardware stack levels used:    1
 Hardware stack levels required when called:    2
 This function calls:
		_UART_TransmitInteger
 This function is called by:
		_main
 This function uses a non-reentrant model


 *************** function _UART_TransmitInteger *****************
 Defined at:
		line 155 in file "D:\From old laptop\Subjects\Uni\3rd Year M\2nd sem\Embedded Systems\Final\led_test\main.c"
 Parameters:    Size  Location     Type
  value           2    1[COMMON] int 
 Auto vars:     Size  Location     Type
		None
 Return value:  Size  Location     Type
		None               void
 Registers used:
		wreg, status,2, status,0, btemp+1, pclath, cstack
 Tracked objects:
		On entry : 
		On exit  : 
		Unchanged: 
 Data sizes:     COMMON   BANK0   BANK1   BANK3   BANK2
      Params:         2       0       0       0       0
      Locals:         0       0       0       0       0
      Temps:          0       0       0       0       0
      Totals:         2       0       0       0       0
Total ram usage:        2 bytes
 Hardware stack levels used:    1
 Hardware stack levels required when called:    1
 This function calls:
		_UART_Transmit
 This function is called by:
		_main
		_UART_Init
 This function uses a non-reentrant model


 *************** function _UART_Transmit *****************
 Defined at:
		line 133 in file "D:\From old laptop\Subjects\Uni\3rd Year M\2nd sem\Embedded Systems\Final\led_test\main.c"
 Parameters:    Size  Location     Type
  data            1    wreg     unsigned char 
 Auto vars:     Size  Location     Type
  data            1    0[COMMON] unsigned char 
 Return value:  Size  Location     Type
		None               void
 Registers used:
		wreg
 Tracked objects:
		On entry : 
		On exit  : 
		Unchanged: 
 Data sizes:     COMMON   BANK0   BANK1   BANK3   BANK2
      Params:         0       0       0       0       0
      Locals:         1       0       0       0       0
      Temps:          0       0       0       0       0
      Totals:         1       0       0       0       0
Total ram usage:        1 bytes
 Hardware stack levels used:    1
 This function calls:
		Nothing
 This function is called by:
		_UART_TransmitInteger
 This function uses a non-reentrant model



MODULE INFORMATION

Module		Function		Class		Link	Load	Size
D:\From old laptop\Subjects\Uni\3rd Year M\2nd sem\Embedded Systems\Final\led_test\main.c
		_UART_Receive  		CODE           	0708	0000	16
		_UART_Init     		CODE           	0748	0000	54
		_main          		CODE           	077E	0000	126
		_UART_TransmitI		CODE           	0729	0000	31
		_process_comman		CODE           	0718	0000	17
		_initialize    		CODE           	06F9	0000	15
		_UART_Transmit 		CODE           	06EE	0000	11

D:\From old laptop\Subjects\Uni\3rd Year M\2nd sem\Embedded Systems\Final\led_test\main.c estimated size: 270

shared
		__initializatio		CODE           	07FC	0000	0

shared estimated size: 0

