Microchip MPLAB XC8 Compiler V1.33 ()

Linker command line:

--edf=C:\Program Files (x86)\Microchip\xc8\v1.33\dat\en_msgs.txt -cs \
  -h+keylcd.sym --cmf=keylcd.cmf -z -Q16F877A \
  -oC:\Users\MAYOCH~1\AppData\Local\Temp\s5bc.6 -Mkeylcd.map -E1 -ver=XC8 \
  -ASTACK=0110h-016fh -pstack=STACK -ACONST=00h-0FFhx32 -ACODE=00h-07FFhx4 \
  -ASTRCODE=00h-01FFFh -AENTRY=00h-0FFhx32 -ASTRING=00h-0FFhx32 \
  -ACOMMON=070h-07Fh -ABANK0=020h-06Fh -ABANK1=0A0h-0EFh \
  -ABANK2=0110h-016Fh -ABANK3=0190h-01EFh \
  -ARAM=020h-06Fh,0A0h-0EFh,0110h-016Fh,0190h-01EFh \
  -AABS1=020h-07Fh,0A0h-0EFh,0110h-016Fh,0190h-01EFh -ASFR0=00h-01Fh \
  -ASFR1=080h-09Fh -ASFR2=0100h-010Fh -ASFR3=0180h-018Fh \
  -preset_vec=00h,intentry=04h,init,end_init -ppowerup=CODE -pcinit=CODE \
  -pfunctab=CODE -ACONFIG=02007h-02007h -pconfig=CONFIG -DCONFIG=2 \
  -AIDLOC=02000h-02003h -pidloc=IDLOC -DIDLOC=2 -AEEDATA=00h-0FFh/02100h \
  -peeprom_data=EEDATA -DEEDATA=2 -DCODE=2 -DSTRCODE=2 -DSTRING=2 -DCONST=2 \
  -DENTRY=2 -k startup.obj keylcd.obj 

Object code version is 3.11

Machine type is 16F877A



                Name                               Link     Load   Length Selector   Space Scale
startup.obj     end_init                             12       12        3        8       0
                reset_vec                             0        0        3        0       0
                config                             2007     2007        1     400E       0
keylcd.obj      cinit                                15       15        5        8       0
                intentry                              4        4        E        8       0
                text11                              256      256       17       E8       0
                text10                              23E      23E       18       E8       0
                text9                               293      293       11       E8       0
                text8                               280      280       13       E8       0
                text7                               26D      26D       13       E8       0
                text6                               1F6      1F6       28       E8       0
                text5                               172      172       50       E8       0
                text4                                C9       C9       55       E8       0
                text3                                74       74       55       E8       0
                text2                               21E      21E       20       E8       0
                text1                               1C2      1C2       34       E8       0
                maintext                            11E      11E       54       E8       0
                cstackBANK0                          20       20        B       20       1
                cstackCOMMON                         70       70        9       70       1
                bitbssCOMMON                        3C8       79        2       70       1     8
                strings                              1A       1A       5A       34       0

TOTAL           Name                               Link     Load   Length     Space
        CLASS   STACK          

        CLASS   CONST          

        CLASS   CODE           
                end_init                             12       12        3         0
                cinit                                15       15        5         0
                intentry                              4        4        E         0
                reset_vec                             0        0        3         0
                text11                              256      256       17         0
                text10                              23E      23E       18         0
                text9                               293      293       11         0
                text8                               280      280       13         0
                text7                               26D      26D       13         0
                text6                               1F6      1F6       28         0
                text5                               172      172       50         0
                text4                                C9       C9       55         0
                text3                                74       74       55         0
                text2                               21E      21E       20         0
                text1                               1C2      1C2       34         0
                maintext                            11E      11E       54         0

        CLASS   STRCODE        

        CLASS   ENTRY          

        CLASS   STRING         
                strings                              1A       1A       5A         0

        CLASS   COMMON         
                cstackCOMMON                         70       70        9         1
                bitbssCOMMON                        3C8       79        2         1

        CLASS   BANK0          
                cstackBANK0                          20       20        B         1

        CLASS   BANK1          

        CLASS   BANK2          

        CLASS   BANK3          

        CLASS   RAM            

        CLASS   ABS1           
                abs_s1                               7E       7E        2         1

        CLASS   SFR0           

        CLASS   SFR1           

        CLASS   SFR2           

        CLASS   SFR3           

        CLASS   CONFIG         
                config                             2007     2007        1         0

        CLASS   IDLOC          

        CLASS   EEDATA         



SEGMENTS        Name                           Load    Length   Top    Selector   Space  Class     Delta

                reset_vec                      000000  000003  000003         0       0  CODE        2
                intentry                       000004  000016  00001A         8       0  CODE        2
                cstackBANK0                    000020  00000B  00002B        20       1  BANK0       1
                strings                        00001A  00005A  000074        34       0  STRING      2
                cstackCOMMON                   000070  00000A  00007A        70       1  COMMON      1
                text3                          000074  000230  0002A4        E8       0  CODE        2
                config                         002007  000001  002008      400E       0  CONFIG      2


UNUSED ADDRESS RANGES

        Name                Unused          Largest block    Delta
        BANK0            002B-006F             45           1
        BANK1            00A0-00EF             50           1
        BANK2            0110-016F             60           1
        BANK3            0190-01EF             60           1
        CODE             0003-0003              1           2
                         02A4-1FFF            800
        COMMON           007A-007D              4           1
        CONST            0003-0003              1           2
                         02A4-1FFF            100
        EEDATA           2100-21FF            100           2
        ENTRY            0003-0003              1           2
                         02A4-1FFF            100
        IDLOC            2000-2003              4           2
        RAM              002B-006F             45           1
                         00A0-00EF             50
                         0110-016F             60
                         0190-01EF             60
        SFR0             0000-001F             20           1
        SFR1             0080-009F             20           1
        SFR2             0100-010F             10           1
        SFR3             0180-018F             10           1
        STACK            0110-016F             60           1
        STRCODE          0003-0003              1           2
                         02A4-1FFF           1D5C
        STRING           0003-0003              1           2
                         02A4-1FFF            100

                                  Symbol Table

_GIE                             (abs)        005F
_INTE                            (abs)        005C
_INTF                            (abs)        0059
_ISR                             text11       0256
_OPTION_REG                      (abs)        0081
_PORTC                           (abs)        0007
_PORTD                           (abs)        0008
_RB4                             (abs)        0034
_RB5                             (abs)        0035
_RB6                             (abs)        0036
_RD4                             (abs)        0044
_TMR0IE                          (abs)        005D
_TMR0IF                          (abs)        005A
_TRISB                           (abs)        0086
_TRISC                           (abs)        0087
_TRISD                           (abs)        0088
__CFG_BOREN$ON                   (abs)        0000
__CFG_CP$OFF                     (abs)        0000
__CFG_CPD$OFF                    (abs)        0000
__CFG_FOSC$XT                    (abs)        0000
__CFG_LVP$OFF                    (abs)        0000
__CFG_PWRTE$ON                   (abs)        0000
__CFG_WDTE$OFF                   (abs)        0000
__CFG_WRT$OFF                    (abs)        0000
__Habs1                          abs1         0000
__Hbank0                         bank0        0000
__Hbank1                         bank1        0000
__Hbank2                         bank2        0000
__Hbank3                         bank3        0000
__HbitbssCOMMON                  bitbssCOMMON 0000
__Hcinit                         cinit        001A
__Hclrtext                       clrtext      0000
__Hcode                          code         0000
__Hcommon                        common       0000
__Hconfig                        config       2008
__HcstackBANK0                   cstackBANK0  0000
__HcstackCOMMON                  cstackCOMMON 0000
__Heeprom_data                   eeprom_data  0000
__Hend_init                      end_init     0015
__Hfunctab                       functab      0000
__Hidloc                         idloc        0000
__Hinit                          init         0012
__Hintentry                      intentry     0012
__Hmaintext                      maintext     0000
__Hpowerup                       powerup      0000
__Hram                           ram          0000
__Hreset_vec                     reset_vec    0003
__Hsfr0                          sfr0         0000
__Hsfr1                          sfr1         0000
__Hsfr2                          sfr2         0000
__Hsfr3                          sfr3         0000
__Hspace_0                       (abs)        2008
__Hspace_1                       (abs)        03CA
__Hspace_2                       (abs)        0000
__Hspace_3                       (abs)        0000
__Hstack                         stack        0000
__Hstrings                       strings      0000
__Htext                          text         0000
__Labs1                          abs1         0000
__Lbank0                         bank0        0000
__Lbank1                         bank1        0000
__Lbank2                         bank2        0000
__Lbank3                         bank3        0000
__LbitbssCOMMON                  bitbssCOMMON 0000
__Lcinit                         cinit        0015
__Lclrtext                       clrtext      0000
__Lcode                          code         0000
__Lcommon                        common       0000
__Lconfig                        config       2007
__LcstackBANK0                   cstackBANK0  0000
__LcstackCOMMON                  cstackCOMMON 0000
__Leeprom_data                   eeprom_data  0000
__Lend_init                      end_init     0012
__Lfunctab                       functab      0000
__Lidloc                         idloc        0000
__Linit                          init         0012
__Lintentry                      intentry     0004
__Lmaintext                      maintext     0000
__Lpowerup                       powerup      0000
__Lram                           ram          0000
__Lreset_vec                     reset_vec    0000
__Lsfr0                          sfr0         0000
__Lsfr1                          sfr1         0000
__Lsfr2                          sfr2         0000
__Lsfr3                          sfr3         0000
__Lspace_0                       (abs)        0000
__Lspace_1                       (abs)        0000
__Lspace_2                       (abs)        0000
__Lspace_3                       (abs)        0000
__Lstack                         stack        0000
__Lstrings                       strings      0000
__Ltext                          text         0000
__S0                             (abs)        2008
__S1                             (abs)        007A
__S2                             (abs)        0000
__S3                             (abs)        0000
___int_sp                        stack        0000
___latbits                       (abs)        0002
___sp                            stack        0000
__end_of_ISR                     text11       026D
__end_of__initialization         cinit        0016
__end_of__stringtab              strings      0020
__end_of_coke                    strings      0074
__end_of_coke_L                  strings      0052
__end_of_dataCtrl                text7        0280
__end_of_delay                   text10       0256
__end_of_delay_lcd               text9        02A4
__end_of_dispense                strings      0060
__end_of_display_dispense_large  text4        011E
__end_of_display_dispense_reg    text3        00C9
__end_of_display_emergency       text5        01C2
__end_of_display_menu            text1        01F6
__end_of_emergency               strings      0032
__end_of_initLCD                 text2        023E
__end_of_instCtrl                text8        0293
__end_of_main                    maintext     0172
__end_of_print                   text6        021E
__end_of_sprite                  strings      006B
__end_of_sprite_L                strings      0043
__initialization                 cinit        0015
__pbitbssCOMMON                  bitbssCOMMON 03C8
__pcstackBANK0                   cstackBANK0  0020
__pcstackCOMMON                  cstackCOMMON 0070
__pintentry                      intentry     0004
__pmaintext                      maintext     011E
__pstrings                       strings      001A
__ptext1                         text1        01C2
__ptext10                        text10       023E
__ptext11                        text11       0256
__ptext2                         text2        021E
__ptext3                         text3        0074
__ptext4                         text4        00C9
__ptext5                         text5        0172
__ptext6                         text6        01F6
__ptext7                         text7        026D
__ptext8                         text8        0280
__ptext9                         text9        0293
__size_of_ISR                    (abs)        0000
__size_of_dataCtrl               (abs)        0000
__size_of_delay                  (abs)        0000
__size_of_delay_lcd              (abs)        0000
__size_of_display_dispense_large (abs)        0000
__size_of_display_dispense_reg   (abs)        0000
__size_of_display_emergency      (abs)        0000
__size_of_display_menu           (abs)        0000
__size_of_initLCD                (abs)        0000
__size_of_instCtrl               (abs)        0000
__size_of_main                   (abs)        0000
__size_of_print                  (abs)        0000
__stringbase                     strings      001F
__stringtab                      strings      001A
_btn_flag                        bitbssCOMMON 03C8
_coke                            strings      006B
_coke_L                          strings      0043
_count_flag                      bitbssCOMMON 03C9
_dataCtrl                        text7        026D
_delay                           text10       023E
_delay_lcd                       text9        0293
_dispense                        strings      0052
_display_dispense_large          text4        00C9
_display_dispense_reg            text3        0074
_display_emergency               text5        0172
_display_menu                    text1        01C2
_emergency                       strings      0020
_initLCD                         text2        021E
_instCtrl                        text8        0280
_main                            maintext     011E
_print                           text6        01F6
_sprite                          strings      0060
_sprite_L                        strings      0032
btemp                            (abs)        007E
dataCtrl@DATA                    cstackCOMMON 0078
delay@flags                      cstackCOMMON 0077
delay@num                        cstackCOMMON 0074
delay_lcd@cnt                    cstackCOMMON 0074
delay_lcd@i                      cstackCOMMON 0076
display_dispense_large@i         cstackBANK0  0025
display_dispense_reg@i           cstackBANK0  0025
display_emergency@j              cstackBANK0  0023
end_of_initialization            cinit        0016
instCtrl@INST                    cstackCOMMON 0078
interrupt_function               intentry     0004
intlevel0                        functab      0000
intlevel1                        functab      0000
intlevel2                        functab      0000
intlevel3                        functab      0000
intlevel4                        functab      0000
intlevel5                        functab      0000
ltemp                            (abs)        007E
ltemp0                           (abs)        007E
ltemp1                           (abs)        0082
ltemp2                           (abs)        0086
ltemp3                           (abs)        0080
main@i                           cstackBANK0  0028
main@key                         cstackBANK0  002A
print@i                          cstackBANK0  0020
print@line                       cstackBANK0  0022
reset_vec                        reset_vec    0000
saved_w                          (abs)        007E
stackhi                          (abs)        0000
stacklo                          (abs)        0000
start                            init         0012
start_initialization             cinit        0015
ttemp                            (abs)        007E
ttemp0                           (abs)        007E
ttemp1                           (abs)        0081
ttemp2                           (abs)        0084
ttemp3                           (abs)        0087
ttemp4                           (abs)        007F
wtemp                            (abs)        007E
wtemp0                           (abs)        007E
wtemp1                           (abs)        0080
wtemp2                           (abs)        0082
wtemp3                           (abs)        0084
wtemp4                           (abs)        0086
wtemp5                           (abs)        0088
wtemp6                           (abs)        007F


FUNCTION INFORMATION:

 *************** function _main *****************
 Defined at:
		line 152 in file "D:\From old laptop\Subjects\Uni\3rd Year M\2nd sem\Embedded Systems\Practice\keylcd\keylcd.c"
 Parameters:    Size  Location     Type
		None
 Auto vars:     Size  Location     Type
  i               2    8[BANK0 ] int 
  key             1   10[BANK0 ] unsigned char 
 Return value:  Size  Location     Type
		None               void
 Registers used:
		wreg, fsr0l, fsr0h, status,2, status,0, btemp+1, pclath, cstack
 Tracked objects:
		On entry : 
		On exit  : 
		Unchanged: 
 Data sizes:     COMMON   BANK0   BANK1   BANK3   BANK2
      Params:         0       0       0       0       0
      Locals:         0       3       0       0       0
      Temps:          0       1       0       0       0
      Totals:         0       4       0       0       0
Total ram usage:        4 bytes
 Hardware stack levels required when called:    6
 This function calls:
		_display_dispense_large
		_display_dispense_reg
		_display_menu
		_initLCD
 This function is called by:
		Startup code after reset
 This function uses a non-reentrant model


 *************** function _display_menu *****************
 Defined at:
		line 140 in file "D:\From old laptop\Subjects\Uni\3rd Year M\2nd sem\Embedded Systems\Practice\keylcd\keylcd.c"
 Parameters:    Size  Location     Type
		None
 Auto vars:     Size  Location     Type
		None
 Return value:  Size  Location     Type
		None               void
 Registers used:
		wreg, fsr0l, fsr0h, status,2, status,0, pclath, cstack
 Tracked objects:
		On entry : 
		On exit  : 
		Unchanged: 
 Data sizes:     COMMON   BANK0   BANK1   BANK3   BANK2
      Params:         0       0       0       0       0
      Locals:         0       0       0       0       0
      Temps:          0       0       0       0       0
      Totals:         0       0       0       0       0
Total ram usage:        0 bytes
 Hardware stack levels used:    1
 Hardware stack levels required when called:    4
 This function calls:
		_initLCD
		_instCtrl
		_print
 This function is called by:
		_main
 This function uses a non-reentrant model


 *************** function _initLCD *****************
 Defined at:
		line 75 in file "D:\From old laptop\Subjects\Uni\3rd Year M\2nd sem\Embedded Systems\Practice\keylcd\keylcd.c"
 Parameters:    Size  Location     Type
		None
 Auto vars:     Size  Location     Type
		None
 Return value:  Size  Location     Type
		None               void
 Registers used:
		wreg, status,2, status,0, pclath, cstack
 Tracked objects:
		On entry : 
		On exit  : 
		Unchanged: 
 Data sizes:     COMMON   BANK0   BANK1   BANK3   BANK2
      Params:         0       0       0       0       0
      Locals:         0       0       0       0       0
      Temps:          0       0       0       0       0
      Totals:         0       0       0       0       0
Total ram usage:        0 bytes
 Hardware stack levels used:    1
 Hardware stack levels required when called:    3
 This function calls:
		_delay_lcd
		_instCtrl
 This function is called by:
		_display_menu
		_main
 This function uses a non-reentrant model


 *************** function _display_dispense_reg *****************
 Defined at:
		line 103 in file "D:\From old laptop\Subjects\Uni\3rd Year M\2nd sem\Embedded Systems\Practice\keylcd\keylcd.c"
 Parameters:    Size  Location     Type
		None
 Auto vars:     Size  Location     Type
  i               2    5[BANK0 ] int 
 Return value:  Size  Location     Type
		None               void
 Registers used:
		wreg, fsr0l, fsr0h, status,2, status,0, btemp+1, pclath, cstack
 Tracked objects:
		On entry : 
		On exit  : 
		Unchanged: 
 Data sizes:     COMMON   BANK0   BANK1   BANK3   BANK2
      Params:         0       0       0       0       0
      Locals:         0       2       0       0       0
      Temps:          0       0       0       0       0
      Totals:         0       2       0       0       0
Total ram usage:        2 bytes
 Hardware stack levels used:    1
 Hardware stack levels required when called:    5
 This function calls:
		_dataCtrl
		_delay
		_display_emergency
		_instCtrl
		_print
 This function is called by:
		_main
 This function uses a non-reentrant model


 *************** function _display_dispense_large *****************
 Defined at:
		line 121 in file "D:\From old laptop\Subjects\Uni\3rd Year M\2nd sem\Embedded Systems\Practice\keylcd\keylcd.c"
 Parameters:    Size  Location     Type
		None
 Auto vars:     Size  Location     Type
  i               2    5[BANK0 ] int 
 Return value:  Size  Location     Type
		None               void
 Registers used:
		wreg, fsr0l, fsr0h, status,2, status,0, btemp+1, pclath, cstack
 Tracked objects:
		On entry : 
		On exit  : 
		Unchanged: 
 Data sizes:     COMMON   BANK0   BANK1   BANK3   BANK2
      Params:         0       0       0       0       0
      Locals:         0       2       0       0       0
      Temps:          0       0       0       0       0
      Totals:         0       2       0       0       0
Total ram usage:        2 bytes
 Hardware stack levels used:    1
 Hardware stack levels required when called:    5
 This function calls:
		_dataCtrl
		_delay
		_display_emergency
		_instCtrl
		_print
 This function is called by:
		_main
 This function uses a non-reentrant model


 *************** function _display_emergency *****************
 Defined at:
		line 90 in file "D:\From old laptop\Subjects\Uni\3rd Year M\2nd sem\Embedded Systems\Practice\keylcd\keylcd.c"
 Parameters:    Size  Location     Type
		None
 Auto vars:     Size  Location     Type
  j               2    3[BANK0 ] int 
 Return value:  Size  Location     Type
		None               void
 Registers used:
		wreg, fsr0l, fsr0h, status,2, status,0, btemp+1, pclath, cstack
 Tracked objects:
		On entry : 
		On exit  : 
		Unchanged: 
 Data sizes:     COMMON   BANK0   BANK1   BANK3   BANK2
      Params:         0       0       0       0       0
      Locals:         0       2       0       0       0
      Temps:          0       0       0       0       0
      Totals:         0       2       0       0       0
Total ram usage:        2 bytes
 Hardware stack levels used:    1
 Hardware stack levels required when called:    4
 This function calls:
		_dataCtrl
		_delay
		_instCtrl
		_print
 This function is called by:
		_display_dispense_reg
		_display_dispense_large
 This function uses a non-reentrant model


 *************** function _print *****************
 Defined at:
		line 83 in file "D:\From old laptop\Subjects\Uni\3rd Year M\2nd sem\Embedded Systems\Practice\keylcd\keylcd.c"
 Parameters:    Size  Location     Type
  line            1    wreg     PTR const unsigned char 
		 -> sprite_L(17), sprite(11), coke_L(15), coke(9), 
		 -> dispense(14), emergency(18), 
 Auto vars:     Size  Location     Type
  line            1    2[BANK0 ] PTR const unsigned char 
		 -> sprite_L(17), sprite(11), coke_L(15), coke(9), 
		 -> dispense(14), emergency(18), 
  i               2    0[BANK0 ] int 
 Return value:  Size  Location     Type
		None               void
 Registers used:
		wreg, fsr0l, fsr0h, status,2, status,0, pclath, cstack
 Tracked objects:
		On entry : 
		On exit  : 
		Unchanged: 
 Data sizes:     COMMON   BANK0   BANK1   BANK3   BANK2
      Params:         0       0       0       0       0
      Locals:         0       3       0       0       0
      Temps:          0       0       0       0       0
      Totals:         0       3       0       0       0
Total ram usage:        3 bytes
 Hardware stack levels used:    1
 Hardware stack levels required when called:    3
 This function calls:
		_dataCtrl
 This function is called by:
		_display_emergency
		_display_dispense_reg
		_display_dispense_large
		_display_menu
 This function uses a non-reentrant model


 *************** function _dataCtrl *****************
 Defined at:
		line 57 in file "D:\From old laptop\Subjects\Uni\3rd Year M\2nd sem\Embedded Systems\Practice\keylcd\keylcd.c"
 Parameters:    Size  Location     Type
  DATA            1    wreg     unsigned char 
 Auto vars:     Size  Location     Type
  DATA            1    8[COMMON] unsigned char 
 Return value:  Size  Location     Type
		None               void
 Registers used:
		wreg, status,2, status,0, pclath, cstack
 Tracked objects:
		On entry : 
		On exit  : 
		Unchanged: 
 Data sizes:     COMMON   BANK0   BANK1   BANK3   BANK2
      Params:         0       0       0       0       0
      Locals:         1       0       0       0       0
      Temps:          0       0       0       0       0
      Totals:         1       0       0       0       0
Total ram usage:        1 bytes
 Hardware stack levels used:    1
 Hardware stack levels required when called:    2
 This function calls:
		_delay_lcd
 This function is called by:
		_print
		_display_emergency
		_display_dispense_reg
		_display_dispense_large
 This function uses a non-reentrant model


 *************** function _instCtrl *****************
 Defined at:
		line 66 in file "D:\From old laptop\Subjects\Uni\3rd Year M\2nd sem\Embedded Systems\Practice\keylcd\keylcd.c"
 Parameters:    Size  Location     Type
  INST            1    wreg     unsigned char 
 Auto vars:     Size  Location     Type
  INST            1    8[COMMON] unsigned char 
 Return value:  Size  Location     Type
		None               void
 Registers used:
		wreg, status,2, status,0, pclath, cstack
 Tracked objects:
		On entry : 
		On exit  : 
		Unchanged: 
 Data sizes:     COMMON   BANK0   BANK1   BANK3   BANK2
      Params:         0       0       0       0       0
      Locals:         1       0       0       0       0
      Temps:          0       0       0       0       0
      Totals:         1       0       0       0       0
Total ram usage:        1 bytes
 Hardware stack levels used:    1
 Hardware stack levels required when called:    2
 This function calls:
		_delay_lcd
 This function is called by:
		_initLCD
		_display_emergency
		_display_dispense_reg
		_display_dispense_large
		_display_menu
 This function uses a non-reentrant model


 *************** function _delay_lcd *****************
 Defined at:
		line 51 in file "D:\From old laptop\Subjects\Uni\3rd Year M\2nd sem\Embedded Systems\Practice\keylcd\keylcd.c"
 Parameters:    Size  Location     Type
  cnt             2    4[COMMON] int 
 Auto vars:     Size  Location     Type
  i               2    6[COMMON] int 
  j               2    0        int 
 Return value:  Size  Location     Type
		None               void
 Registers used:
		wreg, status,2, status,0
 Tracked objects:
		On entry : 
		On exit  : 
		Unchanged: 
 Data sizes:     COMMON   BANK0   BANK1   BANK3   BANK2
      Params:         2       0       0       0       0
      Locals:         2       0       0       0       0
      Temps:          0       0       0       0       0
      Totals:         4       0       0       0       0
Total ram usage:        4 bytes
 Hardware stack levels used:    1
 Hardware stack levels required when called:    1
 This function calls:
		Nothing
 This function is called by:
		_dataCtrl
		_instCtrl
		_initLCD
 This function uses a non-reentrant model


 *************** function _delay *****************
 Defined at:
		line 39 in file "D:\From old laptop\Subjects\Uni\3rd Year M\2nd sem\Embedded Systems\Practice\keylcd\keylcd.c"
 Parameters:    Size  Location     Type
  num             2    4[COMMON] int 
 Auto vars:     Size  Location     Type
  flags           2    7[COMMON] int 
 Return value:  Size  Location     Type
		None               void
 Registers used:
		wreg, status,2
 Tracked objects:
		On entry : 
		On exit  : 
		Unchanged: 
 Data sizes:     COMMON   BANK0   BANK1   BANK3   BANK2
      Params:         2       0       0       0       0
      Locals:         2       0       0       0       0
      Temps:          1       0       0       0       0
      Totals:         5       0       0       0       0
Total ram usage:        5 bytes
 Hardware stack levels used:    1
 Hardware stack levels required when called:    1
 This function calls:
		Nothing
 This function is called by:
		_display_emergency
		_display_dispense_reg
		_display_dispense_large
 This function uses a non-reentrant model


 *************** function _ISR *****************
 Defined at:
		line 23 in file "D:\From old laptop\Subjects\Uni\3rd Year M\2nd sem\Embedded Systems\Practice\keylcd\keylcd.c"
 Parameters:    Size  Location     Type
		None
 Auto vars:     Size  Location     Type
		None
 Return value:  Size  Location     Type
		None               void
 Registers used:
		wreg
 Tracked objects:
		On entry : 
		On exit  : 
		Unchanged: 
 Data sizes:     COMMON   BANK0   BANK1   BANK3   BANK2
      Params:         0       0       0       0       0
      Locals:         0       0       0       0       0
      Temps:          4       0       0       0       0
      Totals:         4       0       0       0       0
Total ram usage:        4 bytes
 Hardware stack levels used:    1
 This function calls:
		Nothing
 This function is called by:
		Interrupt level 1
 This function uses a non-reentrant model



MODULE INFORMATION

Module		Function		Class		Link	Load	Size
D:\From old laptop\Subjects\Uni\3rd Year M\2nd sem\Embedded Systems\Practice\keylcd\keylcd.c
		_display_dispen		CODE           	00C9	0000	85
		_delay_lcd     		CODE           	0293	0000	17
		_delay         		CODE           	023E	0000	24
		_ISR           		CODE           	0256	0000	23
		_display_menu  		CODE           	01C2	0000	52
		_main          		CODE           	011E	0000	84
		_instCtrl      		CODE           	0280	0000	19
		_dataCtrl      		CODE           	026D	0000	19
		_display_emerge		CODE           	0172	0000	80
		_print         		CODE           	01F6	0000	40
		_initLCD       		CODE           	021E	0000	32
		_display_dispen		CODE           	0074	0000	85

D:\From old laptop\Subjects\Uni\3rd Year M\2nd sem\Embedded Systems\Practice\keylcd\keylcd.c estimated size: 560

shared
		__stringtab    		STRING         	001A	0000	6
		_coke_L        		STRING         	0043	0000	15
		_dispense      		STRING         	0052	0000	14
		_sprite        		STRING         	0060	0000	11
		__initializatio		CODE           	0015	0000	1
		_sprite_L      		STRING         	0032	0000	17
		_emergency     		STRING         	0020	0000	18
		_coke          		STRING         	006B	0000	9

shared estimated size: 91

