

Microchip Technology PIC LITE Macro Assembler V1.33 build 59893 
                                                                                               Mon Mar 10 20:34:53 2025

Microchip Technology Omniscient Code Generator (Lite mode) build 59893
     1                           	processor	16F877A
     2                           	opt	pw 120
     3                           	opt	lm
     4                           	psect	idataBANK0,global,class=CODE,delta=2
     5                           	psect	cinit,global,class=CODE,merge=1,delta=2
     6                           	psect	bssCOMMON,global,class=COMMON,space=1,delta=1
     7                           	psect	bssBANK0,global,class=BANK0,space=1,delta=1
     8                           	psect	dataBANK0,global,class=BANK0,space=1,delta=1
     9                           	psect	inittext,global,class=CODE,delta=2
    10                           	psect	cstackCOMMON,global,class=COMMON,space=1,delta=1
    11                           	psect	cstackBANK0,global,class=BANK0,space=1,delta=1
    12                           	psect	maintext,global,class=CODE,split=1,delta=2
    13                           	psect	text1,local,class=CODE,merge=1,delta=2
    14                           	psect	text2,local,class=CODE,merge=1,delta=2
    15                           	psect	text3,local,class=CODE,merge=1,delta=2
    16                           	psect	text4,local,class=CODE,merge=1,delta=2
    17                           	psect	text5,local,class=CODE,merge=1,delta=2
    18                           	psect	text6,local,class=CODE,merge=1,delta=2
    19                           	psect	text7,local,class=CODE,merge=1,delta=2
    20                           	psect	text8,local,class=CODE,merge=1,delta=2
    21                           	psect	intentry,global,class=CODE,delta=2
    22                           	dabs	1,0x7E,2
    23  0000                     	;# 
    24  0001                     	;# 
    25  0002                     	;# 
    26  0003                     	;# 
    27  0004                     	;# 
    28  0005                     	;# 
    29  0006                     	;# 
    30  0007                     	;# 
    31  0008                     	;# 
    32  0009                     	;# 
    33  000A                     	;# 
    34  000B                     	;# 
    35  000C                     	;# 
    36  000D                     	;# 
    37  000E                     	;# 
    38  000E                     	;# 
    39  000F                     	;# 
    40  0010                     	;# 
    41  0011                     	;# 
    42  0012                     	;# 
    43  0013                     	;# 
    44  0014                     	;# 
    45  0015                     	;# 
    46  0015                     	;# 
    47  0016                     	;# 
    48  0017                     	;# 
    49  0018                     	;# 
    50  0019                     	;# 
    51  001A                     	;# 
    52  001B                     	;# 
    53  001B                     	;# 
    54  001C                     	;# 
    55  001D                     	;# 
    56  001E                     	;# 
    57  001F                     	;# 
    58  0081                     	;# 
    59  0085                     	;# 
    60  0086                     	;# 
    61  0087                     	;# 
    62  0088                     	;# 
    63  0089                     	;# 
    64  008C                     	;# 
    65  008D                     	;# 
    66  008E                     	;# 
    67  0091                     	;# 
    68  0092                     	;# 
    69  0093                     	;# 
    70  0094                     	;# 
    71  0098                     	;# 
    72  0099                     	;# 
    73  009C                     	;# 
    74  009D                     	;# 
    75  009E                     	;# 
    76  009F                     	;# 
    77  010C                     	;# 
    78  010D                     	;# 
    79  010E                     	;# 
    80  010F                     	;# 
    81  018C                     	;# 
    82  018D                     	;# 
    83                           
    84                           	psect	idataBANK0
    85  022E                     __pidataBANK0:	
    86                           
    87                           ;initializer for _count
    88  022E  3443               	retlw	67
    89  022F  344F               	retlw	79
    90  0230  3455               	retlw	85
    91  0231  344E               	retlw	78
    92  0232  3454               	retlw	84
    93  0233  343A               	retlw	58
    94  0234  3400               	retlw	0
    95  0007                     _PORTC	set	7
    96  0008                     _PORTD	set	8
    97  005F                     _GIE	set	95
    98  005C                     _INTE	set	92
    99  0059                     _INTF	set	89
   100  0035                     _RB5	set	53
   101  0036                     _RB6	set	54
   102  0037                     _RB7	set	55
   103  005D                     _TMR0IE	set	93
   104  005A                     _TMR0IF	set	90
   105  0081                     _OPTION_REG	set	129
   106  0086                     _TRISB	set	134
   107  0087                     _TRISC	set	135
   108  0088                     _TRISD	set	136
   109                           
   110                           	psect	cinit
   111  0015                     start_initialization:	
   112                           ; #config settings
   113                           
   114  0015                     __initialization:	
   115                           
   116                           ; Clear objects allocated to COMMON
   117  0015  01F8               	clrf	__pbssCOMMON& (0+127)
   118                           
   119                           ; Clear objects allocated to BANK0
   120  0016  01B4               	clrf	__pbssBANK0& (0+127)
   121  0017  01B5               	clrf	(__pbssBANK0+1)& (0+127)
   122                           
   123                           ; Initialize objects allocated to BANK0
   124  0018  1383               	bcf	3,7	;select IRP bank0
   125  0019  3034               	movlw	low (__pdataBANK0+7)
   126  001A  00FD               	movwf	btemp+-1
   127  001B  3002               	movlw	high __pidataBANK0
   128  001C  00FE               	movwf	btemp
   129  001D  302E               	movlw	low __pidataBANK0
   130  001E  00FF               	movwf	btemp+1
   131  001F  302D               	movlw	low __pdataBANK0
   132  0020  0084               	movwf	4
   133  0021  120A  118A  2221   	fcall	init_ram0
   134  0024                     end_of_initialization:	
   135                           ;End of C runtime variable initialization code
   136                           
   137  0024                     __end_of__initialization:	
   138  0024  0183               	clrf	3
   139  0025  120A  118A  2828   	ljmp	_main	;jump to C main() function
   140                           
   141                           	psect	bssCOMMON
   142  0078                     __pbssCOMMON:	
   143  0078                     _count_flag:	
   144  0078                     	ds	1
   145                           
   146                           	psect	bssBANK0
   147  0034                     __pbssBANK0:	
   148  0034                     _btn_flag:	
   149  0034                     	ds	1
   150  0035                     _key:	
   151  0035                     	ds	1
   152                           
   153                           	psect	dataBANK0
   154  002D                     __pdataBANK0:	
   155  002D                     _count:	
   156  002D                     	ds	7
   157                           
   158                           	psect	inittext
   159  021D                     init_fetch0:	
   160                           ;	Called with low address in FSR and high address in W
   161                           
   162  021D  087E               	movf	126,w
   163  021E  008A               	movwf	10
   164  021F  087F               	movf	127,w
   165  0220  0082               	movwf	2
   166  0221                     init_ram0:	
   167                           ;Called with:
   168                           ;	high address of idata address in btemp 
   169                           ;	low address of idata address in btemp+1 
   170                           ;	low address of data in FSR
   171                           ;	high address + 1 of data in btemp-1
   172                           
   173  0221  221D  120A  118A   	fcall	init_fetch0
   174  0224  0080               	movwf	0
   175  0225  0A84               	incf	4,f
   176  0226  0804               	movf	4,w
   177  0227  067D               	xorwf	125,w
   178  0228  1903               	btfsc	3,2
   179  0229  3400               	retlw	0
   180  022A  0AFF               	incf	127,f
   181  022B  1903               	btfsc	3,2
   182  022C  0AFE               	incf	126,f
   183  022D  2A21               	goto	init_ram0
   184                           
   185                           	psect	cstackCOMMON
   186  0070                     __pcstackCOMMON:	
   187  0070                     ?_ISR:	
   188  0070                     ??_ISR:	
   189                           ; 0 bytes @ 0x0
   190                           
   191  0070                     ?_dataCtrl:	
   192                           ; 0 bytes @ 0x0
   193                           
   194  0070                     ?_instCtrl:	
   195                           ; 0 bytes @ 0x0
   196                           
   197  0070                     ?_initLCD:	
   198                           ; 0 bytes @ 0x0
   199                           
   200  0070                     ?_display_count_msg:	
   201                           ; 0 bytes @ 0x0
   202                           
   203  0070                     ?_main:	
   204                           ; 0 bytes @ 0x0
   205                           
   206                           
   207                           ; 0 bytes @ 0x0
   208  0070                     	ds	5
   209  0075                     ?_delay:	
   210  0075                     ?_delay_lcd:	
   211                           ; 0 bytes @ 0x5
   212                           
   213  0075                     delay@num:	
   214                           ; 0 bytes @ 0x5
   215                           
   216  0075                     delay_lcd@cnt:	
   217                           ; 2 bytes @ 0x5
   218                           
   219                           
   220                           ; 2 bytes @ 0x5
   221  0075                     	ds	2
   222  0077                     ??_delay:	
   223  0077                     ??_delay_lcd:	
   224                           ; 0 bytes @ 0x7
   225                           
   226  0077                     ??_dataCtrl:	
   227                           ; 0 bytes @ 0x7
   228                           
   229  0077                     ??_instCtrl:	
   230                           ; 0 bytes @ 0x7
   231                           
   232  0077                     dataCtrl@DATA:	
   233                           ; 0 bytes @ 0x7
   234                           
   235  0077                     instCtrl@INST:	
   236                           ; 1 bytes @ 0x7
   237                           
   238                           
   239                           ; 1 bytes @ 0x7
   240  0077                     	ds	1
   241  0078                     ??_initLCD:	
   242  0078                     ??_update_display:	
   243                           ; 0 bytes @ 0x8
   244                           
   245                           
   246                           	psect	cstackBANK0
   247  0020                     __pcstackBANK0:	
   248                           ; 0 bytes @ 0x8
   249                           
   250  0020                     delay@flags:	
   251  0020                     delay_lcd@i:	
   252                           ; 2 bytes @ 0x0
   253                           
   254                           
   255                           ; 2 bytes @ 0x0
   256  0020                     	ds	2
   257  0022                     delay_lcd@j:	
   258                           
   259                           ; 2 bytes @ 0x2
   260  0022                     	ds	2
   261  0024                     ??_display_count_msg:	
   262  0024                     ?_update_display:	
   263                           ; 0 bytes @ 0x4
   264                           
   265  0024                     update_display@MSB:	
   266                           ; 0 bytes @ 0x4
   267                           
   268                           
   269                           ; 2 bytes @ 0x4
   270  0024                     	ds	1
   271  0025                     display_count_msg@msg:	
   272                           
   273                           ; 1 bytes @ 0x5
   274  0025                     	ds	1
   275  0026                     display_count_msg@i:	
   276  0026                     update_display@LSB:	
   277                           ; 2 bytes @ 0x6
   278                           
   279                           
   280                           ; 2 bytes @ 0x6
   281  0026                     	ds	2
   282  0028                     ??_main:	
   283                           
   284                           ; 0 bytes @ 0x8
   285  0028                     	ds	1
   286  0029                     main@MSB:	
   287                           
   288                           ; 2 bytes @ 0x9
   289  0029                     	ds	2
   290  002B                     main@LSB:	
   291                           
   292                           ; 2 bytes @ 0xB
   293  002B                     	ds	2
   294                           
   295                           	psect	maintext
   296  0028                     __pmaintext:	
   297 ;;
   298 ;;Main: autosize = 0, tempsize = 1, incstack = 0, save=0
   299 ;;
   300 ;; *************** function _main *****************
   301 ;; Defined at:
   302 ;;		line 81 in file "D:\From old laptop\Subjects\Uni\3rd Year M\2nd sem\Embedded Systems\Premid\Ochia_PreMid.c"
   303 ;; Parameters:    Size  Location     Type
   304 ;;		None
   305 ;; Auto vars:     Size  Location     Type
   306 ;;  LSB             2   11[BANK0 ] int 
   307 ;;  MSB             2    9[BANK0 ] int 
   308 ;; Return value:  Size  Location     Type
   309 ;;		None               void
   310 ;; Registers used:
   311 ;;		wreg, fsr0l, fsr0h, status,2, status,0, btemp+1, pclath, cstack
   312 ;; Tracked objects:
   313 ;;		On entry : 17F/0
   314 ;;		On exit  : 0/0
   315 ;;		Unchanged: 0/0
   316 ;; Data sizes:     COMMON   BANK0   BANK1   BANK3   BANK2
   317 ;;      Params:         0       0       0       0       0
   318 ;;      Locals:         0       4       0       0       0
   319 ;;      Temps:          0       1       0       0       0
   320 ;;      Totals:         0       5       0       0       0
   321 ;;Total ram usage:        5 bytes
   322 ;; Hardware stack levels required when called:    4
   323 ;; This function calls:
   324 ;;		_delay
   325 ;;		_display_count_msg
   326 ;;		_initLCD
   327 ;;		_update_display
   328 ;; This function is called by:
   329 ;;		Startup code after reset
   330 ;; This function uses a non-reentrant model
   331 ;;
   332                           
   333                           
   334                           ;psect for function _main
   335  0028                     _main:	
   336                           
   337                           ;Ochia_PreMid.c: 82: int MSB = 2;
   338                           
   339                           ;incstack = 0
   340                           ; Regs used in _main: [wreg-fsr0h+status,2+status,0+btemp+1+pclath+cstack]
   341  0028  3002               	movlw	2
   342  0029  1283               	bcf	3,5	;RP0=0, select bank0
   343  002A  1303               	bcf	3,6	;RP1=0, select bank0
   344  002B  00A9               	movwf	main@MSB
   345  002C  3000               	movlw	0
   346  002D  00AA               	movwf	main@MSB+1
   347                           
   348                           ;Ochia_PreMid.c: 83: int LSB = 4;
   349  002E  3004               	movlw	4
   350  002F  00AB               	movwf	main@LSB
   351  0030  3000               	movlw	0
   352  0031  00AC               	movwf	main@LSB+1
   353                           
   354                           ;Ochia_PreMid.c: 86: TRISB = 0x0F;
   355  0032  300F               	movlw	15
   356  0033  1683               	bsf	3,5	;RP0=1, select bank1
   357  0034  1303               	bcf	3,6	;RP1=0, select bank1
   358  0035  0086               	movwf	6	;volatile
   359                           
   360                           ;Ochia_PreMid.c: 87: TRISC = 0x00;
   361  0036  0187               	clrf	7	;volatile
   362                           
   363                           ;Ochia_PreMid.c: 88: TRISD = 0xFF;
   364  0037  30FF               	movlw	255
   365  0038  0088               	movwf	8	;volatile
   366                           
   367                           ;Ochia_PreMid.c: 91: OPTION_REG = 0xC4;
   368  0039  30C4               	movlw	196
   369  003A  0081               	movwf	1	;volatile
   370                           
   371                           ;Ochia_PreMid.c: 92: INTE = 1;
   372  003B  160B               	bsf	11,4	;volatile
   373                           
   374                           ;Ochia_PreMid.c: 93: INTF = 0;
   375  003C  108B               	bcf	11,1	;volatile
   376                           
   377                           ;Ochia_PreMid.c: 94: TMR0IE = 1;
   378  003D  168B               	bsf	11,5	;volatile
   379                           
   380                           ;Ochia_PreMid.c: 95: TMR0IF = 0;
   381  003E  110B               	bcf	11,2	;volatile
   382                           
   383                           ;Ochia_PreMid.c: 96: GIE = 1;
   384  003F  178B               	bsf	11,7	;volatile
   385                           
   386                           ;Ochia_PreMid.c: 99: initLCD();
   387  0040  120A  118A  21A1  120A  118A  	fcall	_initLCD
   388                           
   389                           ;Ochia_PreMid.c: 100: display_count_msg(count);
   390  0045  302D               	movlw	_count& (0+255)
   391  0046  120A  118A  215B  120A  118A  	fcall	_display_count_msg
   392                           
   393                           ;Ochia_PreMid.c: 101: update_display(MSB, LSB);
   394  004B  1283               	bcf	3,5	;RP0=0, select bank0
   395  004C  1303               	bcf	3,6	;RP1=0, select bank0
   396  004D  082A               	movf	main@MSB+1,w
   397  004E  01A5               	clrf	update_display@MSB+1
   398  004F  07A5               	addwf	update_display@MSB+1,f
   399  0050  0829               	movf	main@MSB,w
   400  0051  01A4               	clrf	update_display@MSB
   401  0052  07A4               	addwf	update_display@MSB,f
   402  0053  082C               	movf	main@LSB+1,w
   403  0054  01A7               	clrf	update_display@LSB+1
   404  0055  07A7               	addwf	update_display@LSB+1,f
   405  0056  082B               	movf	main@LSB,w
   406  0057  01A6               	clrf	update_display@LSB
   407  0058  07A6               	addwf	update_display@LSB,f
   408  0059  120A  118A  21E0  120A  118A  	fcall	_update_display
   409  005E                     l905:	
   410                           ;Ochia_PreMid.c: 103: while (1) {
   411                           
   412                           
   413                           ;Ochia_PreMid.c: 104: key = PORTD & 0x0F;
   414  005E  1283               	bcf	3,5	;RP0=0, select bank0
   415  005F  1303               	bcf	3,6	;RP1=0, select bank0
   416  0060  0808               	movf	8,w	;volatile
   417  0061  390F               	andlw	15
   418  0062  00A8               	movwf	??_main
   419  0063  0828               	movf	??_main,w
   420  0064  00B5               	movwf	_key
   421                           
   422                           ;Ochia_PreMid.c: 106: if (btn_flag == 0) {
   423  0065  08B4               	movf	_btn_flag,f
   424  0066  1D03               	skipz
   425  0067  28E8               	goto	l943
   426                           
   427                           ;Ochia_PreMid.c: 107: if (key == 0x0C) {
   428  0068  0835               	movf	_key,w
   429  0069  3A0C               	xorlw	12
   430  006A  1D03               	skipz
   431  006B  289E               	goto	l927
   432                           
   433                           ;Ochia_PreMid.c: 108: if (MSB < 2 || (MSB == 2 && LSB < 4)) {
   434  006C  082A               	movf	main@MSB+1,w
   435  006D  3A80               	xorlw	128
   436  006E  00FF               	movwf	127
   437  006F  3080               	movlw	128
   438  0070  027F               	subwf	127,w
   439  0071  1D03               	skipz
   440  0072  2875               	goto	u545
   441  0073  3002               	movlw	2
   442  0074  0229               	subwf	main@MSB,w
   443  0075                     u545:	
   444  0075  1C03               	skipc
   445  0076  2889               	goto	l917
   446  0077  3002               	movlw	2
   447  0078  1283               	bcf	3,5	;RP0=0, select bank0
   448  0079  1303               	bcf	3,6	;RP1=0, select bank0
   449  007A  0629               	xorwf	main@MSB,w
   450  007B  042A               	iorwf	main@MSB+1,w
   451  007C  1D03               	skipz
   452  007D  28E8               	goto	l943
   453  007E  082C               	movf	main@LSB+1,w
   454  007F  3A80               	xorlw	128
   455  0080  00FF               	movwf	127
   456  0081  3080               	movlw	128
   457  0082  027F               	subwf	127,w
   458  0083  1D03               	skipz
   459  0084  2887               	goto	u565
   460  0085  3004               	movlw	4
   461  0086  022B               	subwf	main@LSB,w
   462  0087                     u565:	
   463  0087  1803               	skipnc
   464  0088  28E8               	goto	l943
   465  0089                     l917:	
   466                           
   467                           ;Ochia_PreMid.c: 109: if (LSB == 9) {
   468  0089  3009               	movlw	9
   469  008A  1283               	bcf	3,5	;RP0=0, select bank0
   470  008B  1303               	bcf	3,6	;RP1=0, select bank0
   471  008C  062B               	xorwf	main@LSB,w
   472  008D  042C               	iorwf	main@LSB+1,w
   473  008E  1D03               	skipz
   474  008F  2898               	goto	l923
   475                           
   476                           ;Ochia_PreMid.c: 110: LSB = 0;
   477  0090  01AB               	clrf	main@LSB
   478  0091  01AC               	clrf	main@LSB+1
   479                           
   480                           ;Ochia_PreMid.c: 111: MSB++;
   481  0092  3001               	movlw	1
   482  0093  07A9               	addwf	main@MSB,f
   483  0094  1803               	skipnc
   484  0095  0AAA               	incf	main@MSB+1,f
   485  0096  3000               	movlw	0
   486  0097  28CF               	goto	L2
   487  0098                     l923:	
   488                           ;Ochia_PreMid.c: 112: } else {
   489                           
   490                           
   491                           ;Ochia_PreMid.c: 113: LSB++;
   492  0098  3001               	movlw	1
   493  0099  07AB               	addwf	main@LSB,f
   494  009A  1803               	skipnc
   495  009B  0AAC               	incf	main@LSB+1,f
   496  009C  3000               	movlw	0
   497  009D  28D6               	goto	L1
   498  009E                     l927:	
   499                           ;Ochia_PreMid.c: 116: }
   500                           ;Ochia_PreMid.c: 117: } else if (key == 0x0E) {
   501                           
   502                           ;Ochia_PreMid.c: 114: }
   503                           ;Ochia_PreMid.c: 115: update_display(MSB, LSB);
   504                           
   505  009E  1283               	bcf	3,5	;RP0=0, select bank0
   506  009F  1303               	bcf	3,6	;RP1=0, select bank0
   507  00A0  0835               	movf	_key,w
   508  00A1  3A0E               	xorlw	14
   509  00A2  1D03               	skipz
   510  00A3  28E8               	goto	l943
   511                           
   512                           ;Ochia_PreMid.c: 118: if (MSB > 0 || (MSB == 0 && LSB > 0)) {
   513  00A4  082A               	movf	main@MSB+1,w
   514  00A5  3A80               	xorlw	128
   515  00A6  00FF               	movwf	127
   516  00A7  3080               	movlw	128
   517  00A8  027F               	subwf	127,w
   518  00A9  1D03               	skipz
   519  00AA  28AD               	goto	u595
   520  00AB  3001               	movlw	1
   521  00AC  0229               	subwf	main@MSB,w
   522  00AD                     u595:	
   523  00AD  1803               	skipnc
   524  00AE  28C0               	goto	l935
   525  00AF  1283               	bcf	3,5	;RP0=0, select bank0
   526  00B0  1303               	bcf	3,6	;RP1=0, select bank0
   527  00B1  082A               	movf	main@MSB+1,w
   528  00B2  0429               	iorwf	main@MSB,w
   529  00B3  1D03               	skipz
   530  00B4  28E8               	goto	l943
   531  00B5  082C               	movf	main@LSB+1,w
   532  00B6  3A80               	xorlw	128
   533  00B7  00FF               	movwf	127
   534  00B8  3080               	movlw	128
   535  00B9  027F               	subwf	127,w
   536  00BA  1D03               	skipz
   537  00BB  28BE               	goto	u615
   538  00BC  3001               	movlw	1
   539  00BD  022B               	subwf	main@LSB,w
   540  00BE                     u615:	
   541  00BE  1C03               	skipc
   542  00BF  28E8               	goto	l943
   543  00C0                     l935:	
   544                           
   545                           ;Ochia_PreMid.c: 119: if (LSB == 0) {
   546  00C0  1283               	bcf	3,5	;RP0=0, select bank0
   547  00C1  1303               	bcf	3,6	;RP1=0, select bank0
   548  00C2  082C               	movf	main@LSB+1,w
   549  00C3  042B               	iorwf	main@LSB,w
   550  00C4  1D03               	skipz
   551  00C5  28D1               	goto	l939
   552                           
   553                           ;Ochia_PreMid.c: 120: LSB = 9;
   554  00C6  3009               	movlw	9
   555  00C7  00AB               	movwf	main@LSB
   556  00C8  3000               	movlw	0
   557  00C9  00AC               	movwf	main@LSB+1
   558                           
   559                           ;Ochia_PreMid.c: 121: MSB--;
   560  00CA  30FF               	movlw	255
   561  00CB  07A9               	addwf	main@MSB,f
   562  00CC  1803               	skipnc
   563  00CD  0AAA               	incf	main@MSB+1,f
   564  00CE  30FF               	movlw	255
   565  00CF                     L2:	
   566  00CF  07AA               	addwf	main@MSB+1,f
   567                           
   568                           ;Ochia_PreMid.c: 122: } else {
   569  00D0  28D7               	goto	l941
   570  00D1                     l939:	
   571                           
   572                           ;Ochia_PreMid.c: 123: LSB--;
   573  00D1  30FF               	movlw	255
   574  00D2  07AB               	addwf	main@LSB,f
   575  00D3  1803               	skipnc
   576  00D4  0AAC               	incf	main@LSB+1,f
   577  00D5  30FF               	movlw	255
   578  00D6                     L1:	
   579  00D6  07AC               	addwf	main@LSB+1,f
   580  00D7                     l941:	
   581                           
   582                           ;Ochia_PreMid.c: 124: }
   583                           ;Ochia_PreMid.c: 125: update_display(MSB, LSB);
   584  00D7  082A               	movf	main@MSB+1,w
   585  00D8  01A5               	clrf	update_display@MSB+1
   586  00D9  07A5               	addwf	update_display@MSB+1,f
   587  00DA  0829               	movf	main@MSB,w
   588  00DB  01A4               	clrf	update_display@MSB
   589  00DC  07A4               	addwf	update_display@MSB,f
   590  00DD  082C               	movf	main@LSB+1,w
   591  00DE  01A7               	clrf	update_display@LSB+1
   592  00DF  07A7               	addwf	update_display@LSB+1,f
   593  00E0  082B               	movf	main@LSB,w
   594  00E1  01A6               	clrf	update_display@LSB
   595  00E2  07A6               	addwf	update_display@LSB,f
   596  00E3  120A  118A  21E0  120A  118A  	fcall	_update_display
   597  00E8                     l943:	
   598                           
   599                           ;Ochia_PreMid.c: 126: }
   600                           ;Ochia_PreMid.c: 127: }
   601                           ;Ochia_PreMid.c: 128: }
   602                           ;Ochia_PreMid.c: 130: if (btn_flag == 1) {
   603  00E8  1283               	bcf	3,5	;RP0=0, select bank0
   604  00E9  1303               	bcf	3,6	;RP1=0, select bank0
   605  00EA  0834               	movf	_btn_flag,w
   606  00EB  3A01               	xorlw	1
   607  00EC  1D03               	skipz
   608  00ED  285E               	goto	l905
   609                           
   610                           ;Ochia_PreMid.c: 131: if (MSB == 0 && LSB == 0) {
   611  00EE  082A               	movf	main@MSB+1,w
   612  00EF  0429               	iorwf	main@MSB,w
   613  00F0  1D03               	skipz
   614  00F1  28FF               	goto	l951
   615  00F2  082C               	movf	main@LSB+1,w
   616  00F3  042B               	iorwf	main@LSB,w
   617  00F4  1D03               	skipz
   618  00F5  28FF               	goto	l951
   619                           
   620                           ;Ochia_PreMid.c: 132: MSB = 2;
   621  00F6  3002               	movlw	2
   622  00F7  00A9               	movwf	main@MSB
   623  00F8  3000               	movlw	0
   624  00F9  00AA               	movwf	main@MSB+1
   625                           
   626                           ;Ochia_PreMid.c: 133: LSB = 4;
   627  00FA  3004               	movlw	4
   628  00FB  00AB               	movwf	main@LSB
   629  00FC  3000               	movlw	0
   630  00FD  00AC               	movwf	main@LSB+1
   631                           
   632                           ;Ochia_PreMid.c: 134: } else {
   633  00FE  2914               	goto	l957
   634  00FF                     l951:	
   635                           
   636                           ;Ochia_PreMid.c: 135: if (LSB == 0) {
   637  00FF  082C               	movf	main@LSB+1,w
   638  0100  042B               	iorwf	main@LSB,w
   639  0101  1D03               	skipz
   640  0102  290E               	goto	l955
   641                           
   642                           ;Ochia_PreMid.c: 136: LSB = 9;
   643  0103  3009               	movlw	9
   644  0104  00AB               	movwf	main@LSB
   645  0105  3000               	movlw	0
   646  0106  00AC               	movwf	main@LSB+1
   647                           
   648                           ;Ochia_PreMid.c: 137: MSB--;
   649  0107  30FF               	movlw	255
   650  0108  07A9               	addwf	main@MSB,f
   651  0109  1803               	skipnc
   652  010A  0AAA               	incf	main@MSB+1,f
   653  010B  30FF               	movlw	255
   654  010C  07AA               	addwf	main@MSB+1,f
   655                           
   656                           ;Ochia_PreMid.c: 138: } else {
   657  010D  2914               	goto	l957
   658  010E                     l955:	
   659                           
   660                           ;Ochia_PreMid.c: 139: LSB--;
   661  010E  30FF               	movlw	255
   662  010F  07AB               	addwf	main@LSB,f
   663  0110  1803               	skipnc
   664  0111  0AAC               	incf	main@LSB+1,f
   665  0112  30FF               	movlw	255
   666  0113  07AC               	addwf	main@LSB+1,f
   667  0114                     l957:	
   668                           
   669                           ;Ochia_PreMid.c: 140: }
   670                           ;Ochia_PreMid.c: 141: }
   671                           ;Ochia_PreMid.c: 142: update_display(MSB, LSB);
   672  0114  082A               	movf	main@MSB+1,w
   673  0115  01A5               	clrf	update_display@MSB+1
   674  0116  07A5               	addwf	update_display@MSB+1,f
   675  0117  0829               	movf	main@MSB,w
   676  0118  01A4               	clrf	update_display@MSB
   677  0119  07A4               	addwf	update_display@MSB,f
   678  011A  082C               	movf	main@LSB+1,w
   679  011B  01A7               	clrf	update_display@LSB+1
   680  011C  07A7               	addwf	update_display@LSB+1,f
   681  011D  082B               	movf	main@LSB,w
   682  011E  01A6               	clrf	update_display@LSB
   683  011F  07A6               	addwf	update_display@LSB,f
   684  0120  120A  118A  21E0  120A  118A  	fcall	_update_display
   685                           
   686                           ;Ochia_PreMid.c: 143: delay(31);
   687  0125  301F               	movlw	31
   688  0126  00F5               	movwf	delay@num
   689  0127  3000               	movlw	0
   690  0128  00F6               	movwf	delay@num+1
   691  0129  120A  118A  21C1  120A  118A  	fcall	_delay
   692  012E  285E               	goto	l905
   693  012F                     __end_of_main:	
   694                           
   695                           	psect	text1
   696  01E0                     __ptext1:	
   697 ;; *************** function _update_display *****************
   698 ;; Defined at:
   699 ;;		line 75 in file "D:\From old laptop\Subjects\Uni\3rd Year M\2nd sem\Embedded Systems\Premid\Ochia_PreMid.c"
   700 ;; Parameters:    Size  Location     Type
   701 ;;  MSB             2    4[BANK0 ] int 
   702 ;;  LSB             2    6[BANK0 ] int 
   703 ;; Auto vars:     Size  Location     Type
   704 ;;		None
   705 ;; Return value:  Size  Location     Type
   706 ;;		None               void
   707 ;; Registers used:
   708 ;;		wreg, status,2, status,0, btemp+1, pclath, cstack
   709 ;; Tracked objects:
   710 ;;		On entry : 0/0
   711 ;;		On exit  : 0/0
   712 ;;		Unchanged: 0/0
   713 ;; Data sizes:     COMMON   BANK0   BANK1   BANK3   BANK2
   714 ;;      Params:         0       4       0       0       0
   715 ;;      Locals:         0       0       0       0       0
   716 ;;      Temps:          0       0       0       0       0
   717 ;;      Totals:         0       4       0       0       0
   718 ;;Total ram usage:        4 bytes
   719 ;; Hardware stack levels used:    1
   720 ;; Hardware stack levels required when called:    3
   721 ;; This function calls:
   722 ;;		_dataCtrl
   723 ;;		_instCtrl
   724 ;; This function is called by:
   725 ;;		_main
   726 ;; This function uses a non-reentrant model
   727 ;;
   728                           
   729                           
   730                           ;psect for function _update_display
   731  01E0                     _update_display:	
   732                           
   733                           ;Ochia_PreMid.c: 76: instCtrl(0xC0);
   734                           
   735                           ;incstack = 0
   736                           ; Regs used in _update_display: [wreg+status,2+status,0+btemp+1+pclath+cstack]
   737  01E0  30C0               	movlw	192
   738  01E1  120A  118A  21F7  120A  118A  	fcall	_instCtrl
   739                           
   740                           ;Ochia_PreMid.c: 77: dataCtrl(MSB + '0');
   741  01E6  1283               	bcf	3,5	;RP0=0, select bank0
   742  01E7  1303               	bcf	3,6	;RP1=0, select bank0
   743  01E8  0824               	movf	update_display@MSB,w
   744  01E9  3E30               	addlw	48
   745  01EA  120A  118A  220A  120A  118A  	fcall	_dataCtrl
   746                           
   747                           ;Ochia_PreMid.c: 78: dataCtrl(LSB + '0');
   748  01EF  1283               	bcf	3,5	;RP0=0, select bank0
   749  01F0  1303               	bcf	3,6	;RP1=0, select bank0
   750  01F1  0826               	movf	update_display@LSB,w
   751  01F2  3E30               	addlw	48
   752  01F3  120A  118A  220A   	fcall	_dataCtrl
   753  01F6  0008               	return
   754  01F7                     __end_of_update_display:	
   755                           
   756                           	psect	text2
   757  01A1                     __ptext2:	
   758 ;; *************** function _initLCD *****************
   759 ;; Defined at:
   760 ;;		line 60 in file "D:\From old laptop\Subjects\Uni\3rd Year M\2nd sem\Embedded Systems\Premid\Ochia_PreMid.c"
   761 ;; Parameters:    Size  Location     Type
   762 ;;		None
   763 ;; Auto vars:     Size  Location     Type
   764 ;;		None
   765 ;; Return value:  Size  Location     Type
   766 ;;		None               void
   767 ;; Registers used:
   768 ;;		wreg, status,2, status,0, btemp+1, pclath, cstack
   769 ;; Tracked objects:
   770 ;;		On entry : 0/0
   771 ;;		On exit  : 0/0
   772 ;;		Unchanged: 0/0
   773 ;; Data sizes:     COMMON   BANK0   BANK1   BANK3   BANK2
   774 ;;      Params:         0       0       0       0       0
   775 ;;      Locals:         0       0       0       0       0
   776 ;;      Temps:          0       0       0       0       0
   777 ;;      Totals:         0       0       0       0       0
   778 ;;Total ram usage:        0 bytes
   779 ;; Hardware stack levels used:    1
   780 ;; Hardware stack levels required when called:    3
   781 ;; This function calls:
   782 ;;		_delay_lcd
   783 ;;		_instCtrl
   784 ;; This function is called by:
   785 ;;		_main
   786 ;; This function uses a non-reentrant model
   787 ;;
   788                           
   789                           
   790                           ;psect for function _initLCD
   791  01A1                     _initLCD:	
   792                           
   793                           ;Ochia_PreMid.c: 61: delay_lcd(1);
   794                           
   795                           ;incstack = 0
   796                           ; Regs used in _initLCD: [wreg+status,2+status,0+btemp+1+pclath+cstack]
   797  01A1  3001               	movlw	1
   798  01A2  00F5               	movwf	delay_lcd@cnt
   799  01A3  3000               	movlw	0
   800  01A4  00F6               	movwf	delay_lcd@cnt+1
   801  01A5  120A  118A  212F  120A  118A  	fcall	_delay_lcd
   802                           
   803                           ;Ochia_PreMid.c: 62: instCtrl(0x38);
   804  01AA  3038               	movlw	56
   805  01AB  120A  118A  21F7  120A  118A  	fcall	_instCtrl
   806                           
   807                           ;Ochia_PreMid.c: 63: instCtrl(0x01);
   808  01B0  3001               	movlw	1
   809  01B1  120A  118A  21F7  120A  118A  	fcall	_instCtrl
   810                           
   811                           ;Ochia_PreMid.c: 64: instCtrl(0x06);
   812  01B6  3006               	movlw	6
   813  01B7  120A  118A  21F7  120A  118A  	fcall	_instCtrl
   814                           
   815                           ;Ochia_PreMid.c: 65: instCtrl(0x0E);
   816  01BC  300E               	movlw	14
   817  01BD  120A  118A  21F7   	fcall	_instCtrl
   818  01C0  0008               	return
   819  01C1                     __end_of_initLCD:	
   820                           
   821                           	psect	text3
   822  01F7                     __ptext3:	
   823 ;; *************** function _instCtrl *****************
   824 ;; Defined at:
   825 ;;		line 51 in file "D:\From old laptop\Subjects\Uni\3rd Year M\2nd sem\Embedded Systems\Premid\Ochia_PreMid.c"
   826 ;; Parameters:    Size  Location     Type
   827 ;;  INST            1    wreg     unsigned char 
   828 ;; Auto vars:     Size  Location     Type
   829 ;;  INST            1    7[COMMON] unsigned char 
   830 ;; Return value:  Size  Location     Type
   831 ;;		None               void
   832 ;; Registers used:
   833 ;;		wreg, status,2, status,0, btemp+1, pclath, cstack
   834 ;; Tracked objects:
   835 ;;		On entry : 0/0
   836 ;;		On exit  : 0/0
   837 ;;		Unchanged: 0/0
   838 ;; Data sizes:     COMMON   BANK0   BANK1   BANK3   BANK2
   839 ;;      Params:         0       0       0       0       0
   840 ;;      Locals:         1       0       0       0       0
   841 ;;      Temps:          0       0       0       0       0
   842 ;;      Totals:         1       0       0       0       0
   843 ;;Total ram usage:        1 bytes
   844 ;; Hardware stack levels used:    1
   845 ;; Hardware stack levels required when called:    2
   846 ;; This function calls:
   847 ;;		_delay_lcd
   848 ;; This function is called by:
   849 ;;		_initLCD
   850 ;;		_update_display
   851 ;; This function uses a non-reentrant model
   852 ;;
   853                           
   854                           
   855                           ;psect for function _instCtrl
   856  01F7                     _instCtrl:	
   857                           
   858                           ;incstack = 0
   859                           ; Regs used in _instCtrl: [wreg+status,2+status,0+btemp+1+pclath+cstack]
   860                           ;instCtrl@INST stored from wreg
   861  01F7  00F7               	movwf	instCtrl@INST
   862                           
   863                           ;Ochia_PreMid.c: 52: PORTC = INST;
   864  01F8  0877               	movf	instCtrl@INST,w
   865  01F9  1283               	bcf	3,5	;RP0=0, select bank0
   866  01FA  1303               	bcf	3,6	;RP1=0, select bank0
   867  01FB  0087               	movwf	7	;volatile
   868                           
   869                           ;Ochia_PreMid.c: 53: RB5 = 0;
   870  01FC  1286               	bcf	6,5	;volatile
   871                           
   872                           ;Ochia_PreMid.c: 54: RB6 = 0;
   873  01FD  1306               	bcf	6,6	;volatile
   874                           
   875                           ;Ochia_PreMid.c: 55: RB7 = 1;
   876  01FE  1786               	bsf	6,7	;volatile
   877                           
   878                           ;Ochia_PreMid.c: 56: delay_lcd(200);
   879  01FF  30C8               	movlw	200
   880  0200  00F5               	movwf	delay_lcd@cnt
   881  0201  3000               	movlw	0
   882  0202  00F6               	movwf	delay_lcd@cnt+1
   883  0203  120A  118A  212F   	fcall	_delay_lcd
   884                           
   885                           ;Ochia_PreMid.c: 57: RB7 = 0;
   886  0206  1283               	bcf	3,5	;RP0=0, select bank0
   887  0207  1303               	bcf	3,6	;RP1=0, select bank0
   888  0208  1386               	bcf	6,7	;volatile
   889  0209  0008               	return
   890  020A                     __end_of_instCtrl:	
   891                           
   892                           	psect	text4
   893  015B                     __ptext4:	
   894 ;; *************** function _display_count_msg *****************
   895 ;; Defined at:
   896 ;;		line 68 in file "D:\From old laptop\Subjects\Uni\3rd Year M\2nd sem\Embedded Systems\Premid\Ochia_PreMid.c"
   897 ;; Parameters:    Size  Location     Type
   898 ;;  msg             1    wreg     PTR unsigned char 
   899 ;;		 -> count(7), 
   900 ;; Auto vars:     Size  Location     Type
   901 ;;  msg             1    5[BANK0 ] PTR unsigned char 
   902 ;;		 -> count(7), 
   903 ;;  i               2    6[BANK0 ] int 
   904 ;; Return value:  Size  Location     Type
   905 ;;		None               void
   906 ;; Registers used:
   907 ;;		wreg, fsr0l, fsr0h, status,2, status,0, btemp+1, pclath, cstack
   908 ;; Tracked objects:
   909 ;;		On entry : 0/0
   910 ;;		On exit  : 0/0
   911 ;;		Unchanged: 0/0
   912 ;; Data sizes:     COMMON   BANK0   BANK1   BANK3   BANK2
   913 ;;      Params:         0       0       0       0       0
   914 ;;      Locals:         0       3       0       0       0
   915 ;;      Temps:          0       1       0       0       0
   916 ;;      Totals:         0       4       0       0       0
   917 ;;Total ram usage:        4 bytes
   918 ;; Hardware stack levels used:    1
   919 ;; Hardware stack levels required when called:    3
   920 ;; This function calls:
   921 ;;		_dataCtrl
   922 ;; This function is called by:
   923 ;;		_main
   924 ;; This function uses a non-reentrant model
   925 ;;
   926                           
   927                           
   928                           ;psect for function _display_count_msg
   929  015B                     _display_count_msg:	
   930                           
   931                           ;incstack = 0
   932                           ; Regs used in _display_count_msg: [wreg-fsr0h+status,2+status,0+btemp+1+pclath+cstack]
   933                           ;display_count_msg@msg stored from wreg
   934  015B  1283               	bcf	3,5	;RP0=0, select bank0
   935  015C  1303               	bcf	3,6	;RP1=0, select bank0
   936  015D  00A5               	movwf	display_count_msg@msg
   937                           
   938                           ;Ochia_PreMid.c: 69: int i;
   939                           ;Ochia_PreMid.c: 70: for (i = 0; msg[i] != '\0'; i++) {
   940  015E  01A6               	clrf	display_count_msg@i
   941  015F  01A7               	clrf	display_count_msg@i+1
   942  0160                     l879:	
   943  0160  0826               	movf	display_count_msg@i,w
   944  0161  0725               	addwf	display_count_msg@msg,w
   945  0162  00A4               	movwf	??_display_count_msg
   946  0163  0824               	movf	??_display_count_msg,w
   947  0164  0084               	movwf	4
   948  0165  1383               	bcf	3,7	;select IRP bank0
   949  0166  0880               	movf	0,f
   950  0167  1903               	btfsc	3,2
   951  0168  0008               	return
   952                           
   953                           ;Ochia_PreMid.c: 71: dataCtrl(msg[i]);
   954  0169  0826               	movf	display_count_msg@i,w
   955  016A  0725               	addwf	display_count_msg@msg,w
   956  016B  00A4               	movwf	??_display_count_msg
   957  016C  0824               	movf	??_display_count_msg,w
   958  016D  0084               	movwf	4
   959  016E  1383               	bcf	3,7	;select IRP bank0
   960  016F  0800               	movf	0,w
   961  0170  120A  118A  220A  120A  118A  	fcall	_dataCtrl
   962  0175  3001               	movlw	1
   963  0176  1283               	bcf	3,5	;RP0=0, select bank0
   964  0177  1303               	bcf	3,6	;RP1=0, select bank0
   965  0178  07A6               	addwf	display_count_msg@i,f
   966  0179  1803               	skipnc
   967  017A  0AA7               	incf	display_count_msg@i+1,f
   968  017B  3000               	movlw	0
   969  017C  07A7               	addwf	display_count_msg@i+1,f
   970  017D  2960               	goto	l879
   971  017E                     __end_of_display_count_msg:	
   972                           
   973                           	psect	text5
   974  020A                     __ptext5:	
   975 ;; *************** function _dataCtrl *****************
   976 ;; Defined at:
   977 ;;		line 42 in file "D:\From old laptop\Subjects\Uni\3rd Year M\2nd sem\Embedded Systems\Premid\Ochia_PreMid.c"
   978 ;; Parameters:    Size  Location     Type
   979 ;;  DATA            1    wreg     unsigned char 
   980 ;; Auto vars:     Size  Location     Type
   981 ;;  DATA            1    7[COMMON] unsigned char 
   982 ;; Return value:  Size  Location     Type
   983 ;;		None               void
   984 ;; Registers used:
   985 ;;		wreg, status,2, status,0, btemp+1, pclath, cstack
   986 ;; Tracked objects:
   987 ;;		On entry : 0/0
   988 ;;		On exit  : 0/0
   989 ;;		Unchanged: 0/0
   990 ;; Data sizes:     COMMON   BANK0   BANK1   BANK3   BANK2
   991 ;;      Params:         0       0       0       0       0
   992 ;;      Locals:         1       0       0       0       0
   993 ;;      Temps:          0       0       0       0       0
   994 ;;      Totals:         1       0       0       0       0
   995 ;;Total ram usage:        1 bytes
   996 ;; Hardware stack levels used:    1
   997 ;; Hardware stack levels required when called:    2
   998 ;; This function calls:
   999 ;;		_delay_lcd
  1000 ;; This function is called by:
  1001 ;;		_display_count_msg
  1002 ;;		_update_display
  1003 ;; This function uses a non-reentrant model
  1004 ;;
  1005                           
  1006                           
  1007                           ;psect for function _dataCtrl
  1008  020A                     _dataCtrl:	
  1009                           
  1010                           ;incstack = 0
  1011                           ; Regs used in _dataCtrl: [wreg+status,2+status,0+btemp+1+pclath+cstack]
  1012                           ;dataCtrl@DATA stored from wreg
  1013  020A  00F7               	movwf	dataCtrl@DATA
  1014                           
  1015                           ;Ochia_PreMid.c: 43: PORTC = DATA;
  1016  020B  0877               	movf	dataCtrl@DATA,w
  1017  020C  1283               	bcf	3,5	;RP0=0, select bank0
  1018  020D  1303               	bcf	3,6	;RP1=0, select bank0
  1019  020E  0087               	movwf	7	;volatile
  1020                           
  1021                           ;Ochia_PreMid.c: 44: RB5 = 1;
  1022  020F  1686               	bsf	6,5	;volatile
  1023                           
  1024                           ;Ochia_PreMid.c: 45: RB6 = 0;
  1025  0210  1306               	bcf	6,6	;volatile
  1026                           
  1027                           ;Ochia_PreMid.c: 46: RB7 = 1;
  1028  0211  1786               	bsf	6,7	;volatile
  1029                           
  1030                           ;Ochia_PreMid.c: 47: delay_lcd(200);
  1031  0212  30C8               	movlw	200
  1032  0213  00F5               	movwf	delay_lcd@cnt
  1033  0214  3000               	movlw	0
  1034  0215  00F6               	movwf	delay_lcd@cnt+1
  1035  0216  120A  118A  212F   	fcall	_delay_lcd
  1036                           
  1037                           ;Ochia_PreMid.c: 48: RB7 = 0;
  1038  0219  1283               	bcf	3,5	;RP0=0, select bank0
  1039  021A  1303               	bcf	3,6	;RP1=0, select bank0
  1040  021B  1386               	bcf	6,7	;volatile
  1041  021C  0008               	return
  1042  021D                     __end_of_dataCtrl:	
  1043                           
  1044                           	psect	text6
  1045  012F                     __ptext6:	
  1046 ;; *************** function _delay_lcd *****************
  1047 ;; Defined at:
  1048 ;;		line 36 in file "D:\From old laptop\Subjects\Uni\3rd Year M\2nd sem\Embedded Systems\Premid\Ochia_PreMid.c"
  1049 ;; Parameters:    Size  Location     Type
  1050 ;;  cnt             2    5[COMMON] int 
  1051 ;; Auto vars:     Size  Location     Type
  1052 ;;  j               2    2[BANK0 ] int 
  1053 ;;  i               2    0[BANK0 ] int 
  1054 ;; Return value:  Size  Location     Type
  1055 ;;		None               void
  1056 ;; Registers used:
  1057 ;;		wreg, status,2, status,0, btemp+1
  1058 ;; Tracked objects:
  1059 ;;		On entry : 0/0
  1060 ;;		On exit  : 0/0
  1061 ;;		Unchanged: 0/0
  1062 ;; Data sizes:     COMMON   BANK0   BANK1   BANK3   BANK2
  1063 ;;      Params:         2       0       0       0       0
  1064 ;;      Locals:         0       4       0       0       0
  1065 ;;      Temps:          0       0       0       0       0
  1066 ;;      Totals:         2       4       0       0       0
  1067 ;;Total ram usage:        6 bytes
  1068 ;; Hardware stack levels used:    1
  1069 ;; Hardware stack levels required when called:    1
  1070 ;; This function calls:
  1071 ;;		Nothing
  1072 ;; This function is called by:
  1073 ;;		_dataCtrl
  1074 ;;		_instCtrl
  1075 ;;		_initLCD
  1076 ;; This function uses a non-reentrant model
  1077 ;;
  1078                           
  1079                           
  1080                           ;psect for function _delay_lcd
  1081  012F                     _delay_lcd:	
  1082                           
  1083                           ;Ochia_PreMid.c: 37: int i, j;
  1084                           ;Ochia_PreMid.c: 38: for (i = cnt; i != 0; i--);
  1085                           
  1086                           ;incstack = 0
  1087                           ; Regs used in _delay_lcd: [wreg+status,2+status,0+btemp+1]
  1088  012F  0876               	movf	delay_lcd@cnt+1,w
  1089  0130  1283               	bcf	3,5	;RP0=0, select bank0
  1090  0131  1303               	bcf	3,6	;RP1=0, select bank0
  1091  0132  01A1               	clrf	delay_lcd@i+1
  1092  0133  07A1               	addwf	delay_lcd@i+1,f
  1093  0134  0875               	movf	delay_lcd@cnt,w
  1094  0135  01A0               	clrf	delay_lcd@i
  1095  0136  07A0               	addwf	delay_lcd@i,f
  1096  0137  0821               	movf	delay_lcd@i+1,w
  1097  0138  0420               	iorwf	delay_lcd@i,w
  1098  0139  1903               	btfsc	3,2
  1099  013A  2945               	goto	l725
  1100  013B                     l721:	
  1101  013B  30FF               	movlw	255
  1102  013C  07A0               	addwf	delay_lcd@i,f
  1103  013D  1803               	skipnc
  1104  013E  0AA1               	incf	delay_lcd@i+1,f
  1105  013F  30FF               	movlw	255
  1106  0140  07A1               	addwf	delay_lcd@i+1,f
  1107  0141  0821               	movf	delay_lcd@i+1,w
  1108  0142  0420               	iorwf	delay_lcd@i,w
  1109  0143  1D03               	skipz
  1110  0144  293B               	goto	l721
  1111  0145                     l725:	
  1112                           
  1113                           ;Ochia_PreMid.c: 39: for (j = 0; j < 1000; j++);
  1114  0145  01A2               	clrf	delay_lcd@j
  1115  0146  01A3               	clrf	delay_lcd@j+1
  1116  0147                     L3:	
  1117  0147  0823               	movf	delay_lcd@j+1,w
  1118  0148  3A80               	xorlw	128
  1119  0149  00FF               	movwf	127
  1120  014A  3083               	movlw	131
  1121  014B  027F               	subwf	127,w
  1122  014C  1D03               	skipz
  1123  014D  2950               	goto	u285
  1124  014E  30E8               	movlw	232
  1125  014F  0222               	subwf	delay_lcd@j,w
  1126  0150                     u285:	
  1127  0150  1803               	btfsc	3,0
  1128  0151  0008               	return
  1129  0152  3001               	movlw	1
  1130  0153  1283               	bcf	3,5	;RP0=0, select bank0
  1131  0154  1303               	bcf	3,6	;RP1=0, select bank0
  1132  0155  07A2               	addwf	delay_lcd@j,f
  1133  0156  1803               	skipnc
  1134  0157  0AA3               	incf	delay_lcd@j+1,f
  1135  0158  3000               	movlw	0
  1136  0159  07A3               	addwf	delay_lcd@j+1,f
  1137  015A  2947               	goto	L3
  1138  015B                     __end_of_delay_lcd:	
  1139                           
  1140                           	psect	text7
  1141  01C1                     __ptext7:	
  1142 ;; *************** function _delay *****************
  1143 ;; Defined at:
  1144 ;;		line 26 in file "D:\From old laptop\Subjects\Uni\3rd Year M\2nd sem\Embedded Systems\Premid\Ochia_PreMid.c"
  1145 ;; Parameters:    Size  Location     Type
  1146 ;;  num             2    5[COMMON] int 
  1147 ;; Auto vars:     Size  Location     Type
  1148 ;;  flags           2    0[BANK0 ] int 
  1149 ;; Return value:  Size  Location     Type
  1150 ;;		None               void
  1151 ;; Registers used:
  1152 ;;		wreg, status,2
  1153 ;; Tracked objects:
  1154 ;;		On entry : 0/0
  1155 ;;		On exit  : 0/0
  1156 ;;		Unchanged: 0/0
  1157 ;; Data sizes:     COMMON   BANK0   BANK1   BANK3   BANK2
  1158 ;;      Params:         2       0       0       0       0
  1159 ;;      Locals:         0       2       0       0       0
  1160 ;;      Temps:          1       0       0       0       0
  1161 ;;      Totals:         3       2       0       0       0
  1162 ;;Total ram usage:        5 bytes
  1163 ;; Hardware stack levels used:    1
  1164 ;; Hardware stack levels required when called:    1
  1165 ;; This function calls:
  1166 ;;		Nothing
  1167 ;; This function is called by:
  1168 ;;		_main
  1169 ;; This function uses a non-reentrant model
  1170 ;;
  1171                           
  1172                           
  1173                           ;psect for function _delay
  1174  01C1                     _delay:	
  1175                           
  1176                           ;Ochia_PreMid.c: 27: int flags = 0;
  1177                           
  1178                           ;incstack = 0
  1179                           ; Regs used in _delay: [wreg+status,2]
  1180  01C1  1283               	bcf	3,5	;RP0=0, select bank0
  1181  01C2  1303               	bcf	3,6	;RP1=0, select bank0
  1182  01C3  01A0               	clrf	delay@flags
  1183  01C4  01A1               	clrf	delay@flags+1
  1184  01C5                     l767:	
  1185                           ;Ochia_PreMid.c: 28: while (flags < num) {
  1186                           
  1187  01C5  1283               	bcf	3,5	;RP0=0, select bank0
  1188  01C6  1303               	bcf	3,6	;RP1=0, select bank0
  1189  01C7  0821               	movf	delay@flags+1,w
  1190  01C8  3A80               	xorlw	128
  1191  01C9  00F7               	movwf	??_delay
  1192  01CA  0876               	movf	delay@num+1,w
  1193  01CB  3A80               	xorlw	128
  1194  01CC  0277               	subwf	??_delay,w
  1195  01CD  1D03               	skipz
  1196  01CE  29D1               	goto	u315
  1197  01CF  0875               	movf	delay@num,w
  1198  01D0  0220               	subwf	delay@flags,w
  1199  01D1                     u315:	
  1200  01D1  1803               	btfsc	3,0
  1201  01D2  0008               	return
  1202                           
  1203                           ;Ochia_PreMid.c: 29: if (count_flag) {
  1204  01D3  0878               	movf	_count_flag,w
  1205  01D4  1903               	btfsc	3,2
  1206  01D5  29C5               	goto	l767
  1207                           
  1208                           ;Ochia_PreMid.c: 30: count_flag = 0;
  1209  01D6  01F8               	clrf	_count_flag
  1210                           
  1211                           ;Ochia_PreMid.c: 31: flags++;
  1212  01D7  3001               	movlw	1
  1213  01D8  1283               	bcf	3,5	;RP0=0, select bank0
  1214  01D9  1303               	bcf	3,6	;RP1=0, select bank0
  1215  01DA  07A0               	addwf	delay@flags,f
  1216  01DB  1803               	skipnc
  1217  01DC  0AA1               	incf	delay@flags+1,f
  1218  01DD  3000               	movlw	0
  1219  01DE  07A1               	addwf	delay@flags+1,f
  1220  01DF  29C5               	goto	l767
  1221  01E0                     __end_of_delay:	
  1222                           
  1223                           	psect	text8
  1224  017E                     __ptext8:	
  1225 ;; *************** function _ISR *****************
  1226 ;; Defined at:
  1227 ;;		line 8 in file "D:\From old laptop\Subjects\Uni\3rd Year M\2nd sem\Embedded Systems\Premid\Ochia_PreMid.c"
  1228 ;; Parameters:    Size  Location     Type
  1229 ;;		None
  1230 ;; Auto vars:     Size  Location     Type
  1231 ;;		None
  1232 ;; Return value:  Size  Location     Type
  1233 ;;		None               void
  1234 ;; Registers used:
  1235 ;;		wreg, status,2, status,0
  1236 ;; Tracked objects:
  1237 ;;		On entry : 0/0
  1238 ;;		On exit  : 0/0
  1239 ;;		Unchanged: 0/0
  1240 ;; Data sizes:     COMMON   BANK0   BANK1   BANK3   BANK2
  1241 ;;      Params:         0       0       0       0       0
  1242 ;;      Locals:         0       0       0       0       0
  1243 ;;      Temps:          5       0       0       0       0
  1244 ;;      Totals:         5       0       0       0       0
  1245 ;;Total ram usage:        5 bytes
  1246 ;; Hardware stack levels used:    1
  1247 ;; This function calls:
  1248 ;;		Nothing
  1249 ;; This function is called by:
  1250 ;;		Interrupt level 1
  1251 ;; This function uses a non-reentrant model
  1252 ;;
  1253                           
  1254                           
  1255                           ;psect for function _ISR
  1256  017E                     _ISR:	
  1257                           
  1258                           ;Ochia_PreMid.c: 9: GIE = 0;
  1259  017E  138B               	bcf	11,7	;volatile
  1260                           
  1261                           ;Ochia_PreMid.c: 11: if (INTF) {
  1262  017F  1C8B               	btfss	11,1	;volatile
  1263  0180  2990               	goto	i1l39
  1264                           
  1265                           ;Ochia_PreMid.c: 12: INTF = 0;
  1266  0181  108B               	bcf	11,1	;volatile
  1267                           
  1268                           ;Ochia_PreMid.c: 13: key = PORTD & 0x0F;
  1269  0182  0808               	movf	8,w	;volatile
  1270  0183  390F               	andlw	15
  1271  0184  00F0               	movwf	??_ISR
  1272  0185  0870               	movf	??_ISR,w
  1273  0186  00B5               	movwf	_key
  1274                           
  1275                           ;Ochia_PreMid.c: 14: if (key == 0x0D) {
  1276  0187  0835               	movf	_key,w
  1277  0188  3A0D               	xorlw	13
  1278  0189  1D03               	skipz
  1279  018A  2995               	goto	i1l41
  1280                           
  1281                           ;Ochia_PreMid.c: 15: btn_flag ^= 1;
  1282  018B  3001               	movlw	1
  1283  018C  00F0               	movwf	??_ISR
  1284  018D  0870               	movf	??_ISR,w
  1285  018E  06B4               	xorwf	_btn_flag,f
  1286                           
  1287                           ;Ochia_PreMid.c: 16: }
  1288                           ;Ochia_PreMid.c: 17: }
  1289  018F  2995               	goto	i1l41
  1290  0190                     i1l39:	
  1291                           
  1292                           ;Ochia_PreMid.c: 18: else if (TMR0IF) {
  1293  0190  1D0B               	btfss	11,2	;volatile
  1294  0191  2995               	goto	i1l41
  1295                           
  1296                           ;Ochia_PreMid.c: 19: TMR0IF = 0;
  1297  0192  110B               	bcf	11,2	;volatile
  1298                           
  1299                           ;Ochia_PreMid.c: 20: count_flag = 1;
  1300  0193  01F8               	clrf	_count_flag
  1301  0194  0AF8               	incf	_count_flag,f
  1302  0195                     i1l41:	
  1303                           
  1304                           ;Ochia_PreMid.c: 21: }
  1305                           ;Ochia_PreMid.c: 23: GIE = 1;
  1306  0195  178B               	bsf	11,7	;volatile
  1307  0196  0874               	movf	??_ISR+4,w
  1308  0197  00FF               	movwf	127
  1309  0198  0873               	movf	??_ISR+3,w
  1310  0199  008A               	movwf	10
  1311  019A  0872               	movf	??_ISR+2,w
  1312  019B  0084               	movwf	4
  1313  019C  0E71               	swapf	(??_ISR+1)^(0+-128),w
  1314  019D  0083               	movwf	3
  1315  019E  0EFE               	swapf	126,f
  1316  019F  0E7E               	swapf	126,w
  1317  01A0  0009               	retfie
  1318  01A1                     __end_of_ISR:	
  1319  007E                     btemp	set	126	;btemp
  1320  007E                     wtemp	set	126
  1321  007E                     wtemp0	set	126
  1322  0080                     wtemp1	set	128
  1323  0082                     wtemp2	set	130
  1324  0084                     wtemp3	set	132
  1325  0086                     wtemp4	set	134
  1326  0088                     wtemp5	set	136
  1327  007F                     wtemp6	set	127
  1328  007E                     ttemp	set	126
  1329  007E                     ttemp0	set	126
  1330  0081                     ttemp1	set	129
  1331  0084                     ttemp2	set	132
  1332  0087                     ttemp3	set	135
  1333  007F                     ttemp4	set	127
  1334  007E                     ltemp	set	126
  1335  007E                     ltemp0	set	126
  1336  0082                     ltemp1	set	130
  1337  0086                     ltemp2	set	134
  1338  0080                     ltemp3	set	128
  1339                           
  1340                           	psect	intentry
  1341  0004                     __pintentry:	
  1342                           ;incstack = 0
  1343                           ; Regs used in _ISR: [wreg+status,2+status,0]
  1344                           
  1345  0004                     interrupt_function:	
  1346  007E                     saved_w	set	btemp
  1347  0004  00FE               	movwf	btemp
  1348  0005  0E03               	swapf	3,w
  1349  0006  00F1               	movwf	??_ISR+1
  1350  0007  0804               	movf	4,w
  1351  0008  00F2               	movwf	??_ISR+2
  1352  0009  080A               	movf	10,w
  1353  000A  00F3               	movwf	??_ISR+3
  1354  000B  1283               	bcf	3,5	;RP0=0, select bank0
  1355  000C  1303               	bcf	3,6	;RP1=0, select bank0
  1356  000D  087F               	movf	btemp+1,w
  1357  000E  00F4               	movwf	??_ISR+4
  1358  000F  120A  118A  297E   	ljmp	_ISR


Data Sizes:
    Strings     0
    Constant    0
    Data        7
    BSS         3
    Persistent  0
    Stack       0

Auto Spaces:
    Space          Size  Autos    Used
    COMMON           14      8       9
    BANK0            80     13      22
    BANK1            80      0       0
    BANK3            96      0       0
    BANK2            96      0       0

Pointer List with Targets:

    display_count_msg@msg	PTR unsigned char  size(1) Largest target is 7
		 -> count(BANK0[7]), 


Critical Paths under _main in COMMON

    _main->_delay
    _update_display->_dataCtrl
    _update_display->_instCtrl
    _initLCD->_instCtrl
    _instCtrl->_delay_lcd
    _display_count_msg->_dataCtrl
    _dataCtrl->_delay_lcd

Critical Paths under _ISR in COMMON

    None.

Critical Paths under _main in BANK0

    _main->_display_count_msg
    _main->_update_display
    _initLCD->_delay_lcd
    _instCtrl->_delay_lcd
    _dataCtrl->_delay_lcd

Critical Paths under _ISR in BANK0

    None.

Critical Paths under _main in BANK1

    None.

Critical Paths under _ISR in BANK1

    None.

Critical Paths under _main in BANK3

    None.

Critical Paths under _ISR in BANK3

    None.

Critical Paths under _main in BANK2

    None.

Critical Paths under _ISR in BANK2

    None.

Call Graph Tables:

 ---------------------------------------------------------------------------------
 (Depth) Function   	        Calls       Base Space   Used Autos Params    Refs
 ---------------------------------------------------------------------------------
 (0) _main                                                 5     5      0    2808
                                              8 BANK0      5     5      0
                              _delay
                  _display_count_msg
                            _initLCD
                     _update_display
 ---------------------------------------------------------------------------------
 (1) _update_display                                       4     0      4    1058
                                              4 BANK0      4     0      4
                           _dataCtrl
                           _instCtrl
 ---------------------------------------------------------------------------------
 (1) _initLCD                                              0     0      0     568
                          _delay_lcd
                           _instCtrl
 ---------------------------------------------------------------------------------
 (2) _instCtrl                                             1     1      0     295
                                              7 COMMON     1     1      0
                          _delay_lcd
 ---------------------------------------------------------------------------------
 (1) _display_count_msg                                    4     4      0     455
                                              4 BANK0      4     4      0
                           _dataCtrl
 ---------------------------------------------------------------------------------
 (2) _dataCtrl                                             1     1      0     295
                                              7 COMMON     1     1      0
                          _delay_lcd
 ---------------------------------------------------------------------------------
 (3) _delay_lcd                                            6     4      2     273
                                              5 COMMON     2     0      2
                                              0 BANK0      4     4      0
 ---------------------------------------------------------------------------------
 (1) _delay                                                5     3      2      99
                                              5 COMMON     3     1      2
                                              0 BANK0      2     2      0
 ---------------------------------------------------------------------------------
 Estimated maximum stack depth 3
 ---------------------------------------------------------------------------------
 (Depth) Function   	        Calls       Base Space   Used Autos Params    Refs
 ---------------------------------------------------------------------------------
 (4) _ISR                                                  5     5      0       0
                                              0 COMMON     5     5      0
 ---------------------------------------------------------------------------------
 Estimated maximum stack depth 4
 ---------------------------------------------------------------------------------

 Call Graph Graphs:

 _main (ROOT)
   _delay
   _display_count_msg
     _dataCtrl
       _delay_lcd
   _initLCD
     _delay_lcd
     _instCtrl
       _delay_lcd
   _update_display
     _dataCtrl
       _delay_lcd
     _instCtrl
       _delay_lcd

 _ISR (ROOT)

 Address spaces:
Name               Size   Autos  Total    Cost      Usage
BANK3               60      0       0       9        0.0%
BITBANK3            60      0       0       8        0.0%
SFR3                 0      0       0       4        0.0%
BITSFR3              0      0       0       4        0.0%
BANK2               60      0       0      11        0.0%
BITBANK2            60      0       0      10        0.0%
SFR2                 0      0       0       5        0.0%
BITSFR2              0      0       0       5        0.0%
BANK1               50      0       0       7        0.0%
BITBANK1            50      0       0       6        0.0%
SFR1                 0      0       0       2        0.0%
BITSFR1              0      0       0       2        0.0%
BANK0               50      D      16       5       27.5%
BITBANK0            50      0       0       4        0.0%
SFR0                 0      0       0       1        0.0%
BITSFR0              0      0       0       1        0.0%
COMMON               E      8       9       1       64.3%
BITCOMMON            E      0       0       0        0.0%
CODE                 0      0       0       0        0.0%
DATA                 0      0      1F      12        0.0%
ABS                  0      0      1F       3        0.0%
NULL                 0      0       0       0        0.0%
STACK                0      0       0       2        0.0%
EEDATA             100      0       0       0        0.0%


Microchip Technology PIC Macro Assembler V1.33 build 59893 
Symbol Table                                                                                   Mon Mar 10 20:34:53 2025

                         pc 0002                          fsr 0004              _update_display 01E0  
                       l721 013B                         l725 0145                         l905 005E  
                       l923 0098                         l941 00D7                         l917 0089  
                       l767 01C5                         l951 00FF                         l935 00C0  
                       l927 009E                         l943 00E8                         l955 010E  
                       l939 00D1                         l957 0114                         l879 0160  
                       _GIE 005F                         _RB5 0035                         _RB6 0036  
                       _RB7 0037                         u315 01D1                         _ISR 017E  
                       u285 0150                         u615 00BE                         u545 0075  
                       u565 0087                         u595 00AD                         _key 0035  
                       fsr0 0004                         indf 0000                        ?_ISR 0070  
                      _INTE 005C                        _INTF 0059                        i1l41 0195  
                      i1l39 0190                        _main 0028                        btemp 007E  
                      ltemp 007E                        start 0012                        ttemp 007E  
                      wtemp 007E                       ??_ISR 0070      __end_of_update_display 01F7  
                     ?_main 0070                       _PORTC 0007                       _PORTD 0008  
                     _TRISB 0086                       _TRISC 0087                       _TRISD 0088  
           __end_of_initLCD 01C1                       _delay 01C1                       _count 002D  
                     pclath 000A                       ltemp0 007E                       ltemp1 0082  
                     ltemp2 0086                       ltemp3 0080                       ttemp0 007E  
                     ttemp1 0081                       ttemp2 0084                       ttemp3 0087  
                     ttemp4 007F                       status 0003                       wtemp0 007E  
                     wtemp1 0080                       wtemp2 0082                       wtemp3 0084  
                     wtemp4 0086                       wtemp5 0088                       wtemp6 007F  
           __initialization 0015                __end_of_main 012F             ?_update_display 0024  
                    ??_main 0028                      ?_delay 0075                      _TMR0IE 005D  
                    _TMR0IF 005A            __end_of_dataCtrl 021D            __end_of_instCtrl 020A  
                 ??_initLCD 0078                      saved_w 007E     __end_of__initialization 0024  
            __pcstackCOMMON 0070                __pidataBANK0 022E               __end_of_delay 01E0  
        __size_of_delay_lcd 002C                     ??_delay 0077                  __pbssBANK0 0034  
                __pmaintext 0028                  __pintentry 0004                   ?_dataCtrl 0070  
         __end_of_delay_lcd 015B                   ?_instCtrl 0070                  _count_flag 0078  
          ??_update_display 0078                     __ptext1 01E0                     __ptext2 01A1  
                   __ptext3 01F7                     __ptext4 015B                     __ptext5 020A  
                   __ptext6 012F                     __ptext7 01C1                     __ptext8 017E  
                   _initLCD 01A1                __size_of_ISR 0023                  delay@flags 0020  
                ??_dataCtrl 0077                     main@LSB 002B                     main@MSB 0029  
                delay_lcd@i 0020                  delay_lcd@j 0022        end_of_initialization 0024  
                ??_instCtrl 0077          display_count_msg@i 0026                instCtrl@INST 0077  
       start_initialization 0015                 __end_of_ISR 01A1           update_display@LSB 0026  
         update_display@MSB 0024                dataCtrl@DATA 0077                  init_fetch0 021D  
               __pdataBANK0 002D                 __pbssCOMMON 0078                   ___latbits 0002  
             __pcstackBANK0 0020           __size_of_dataCtrl 0013                   _delay_lcd 012F  
         __size_of_instCtrl 0013                    ?_initLCD 0070              __size_of_delay 001F  
         _display_count_msg 015B          ?_display_count_msg 0070           interrupt_function 0004  
                ?_delay_lcd 0075         ??_display_count_msg 0024   __end_of_display_count_msg 017E  
              delay_lcd@cnt 0075     __size_of_update_display 0017                    _dataCtrl 020A  
          __size_of_initLCD 0020                    _btn_flag 0034               __size_of_main 0107  
                  _instCtrl 01F7                    delay@num 0075                 ??_delay_lcd 0077  
__size_of_display_count_msg 0023                    init_ram0 0221        display_count_msg@msg 0025  
                  intlevel1 0000                  _OPTION_REG 0081  
